Archive member included to satisfy reference by file (symbol)

/home/maddocks/USB-GPIO/i2c-star-stm32f411ceu6-blackpill/libopencm3/lib/libopencm3_stm32f1.a(desig_common_all.o)
                              i2c-stm32f1-usb.o (desig_get_unique_id_as_string)
/home/maddocks/USB-GPIO/i2c-star-stm32f411ceu6-blackpill/libopencm3/lib/libopencm3_stm32f1.a(desig_common_v1.o)
                              /home/maddocks/USB-GPIO/i2c-star-stm32f411ceu6-blackpill/libopencm3/lib/libopencm3_stm32f1.a(desig_common_all.o) (desig_get_unique_id)
/home/maddocks/USB-GPIO/i2c-star-stm32f411ceu6-blackpill/libopencm3/lib/libopencm3_stm32f1.a(exti_common_all.o)
                              i2c-stm32f1-usb.o (exti_set_trigger)
/home/maddocks/USB-GPIO/i2c-star-stm32f411ceu6-blackpill/libopencm3/lib/libopencm3_stm32f1.a(gpio.o)
                              console_stm32.o (gpio_set_mode)
/home/maddocks/USB-GPIO/i2c-star-stm32f411ceu6-blackpill/libopencm3/lib/libopencm3_stm32f1.a(gpio_common_all.o)
                              i2c-stm32f1-usb.o (gpio_set)
/home/maddocks/USB-GPIO/i2c-star-stm32f411ceu6-blackpill/libopencm3/lib/libopencm3_stm32f1.a(i2c_common_v1.o)
                              i2c_ctx.o (i2c_peripheral_enable)
/home/maddocks/USB-GPIO/i2c-star-stm32f411ceu6-blackpill/libopencm3/lib/libopencm3_stm32f1.a(rcc.o)
                              i2c-stm32f1-usb.o (rcc_clock_setup_pll)
/home/maddocks/USB-GPIO/i2c-star-stm32f411ceu6-blackpill/libopencm3/lib/libopencm3_stm32f1.a(rcc_common_all.o)
                              console_stm32.o (rcc_periph_clock_enable)
/home/maddocks/USB-GPIO/i2c-star-stm32f411ceu6-blackpill/libopencm3/lib/libopencm3_stm32f1.a(usart_common_all.o)
                              console_stm32.o (usart_set_baudrate)
/home/maddocks/USB-GPIO/i2c-star-stm32f411ceu6-blackpill/libopencm3/lib/libopencm3_stm32f1.a(usart_common_f124.o)
                              console_stm32.o (usart_send)
/home/maddocks/USB-GPIO/i2c-star-stm32f411ceu6-blackpill/libopencm3/lib/libopencm3_stm32f1.a(usb.o)
                              i2c-stm32f1-usb.o (usbd_init)
/home/maddocks/USB-GPIO/i2c-star-stm32f411ceu6-blackpill/libopencm3/lib/libopencm3_stm32f1.a(usb_control.o)
                              i2c-stm32f1-usb.o (usbd_register_control_callback)
/home/maddocks/USB-GPIO/i2c-star-stm32f411ceu6-blackpill/libopencm3/lib/libopencm3_stm32f1.a(usb_standard.o)
                              i2c-stm32f1-usb.o (usbd_register_set_config_callback)
/home/maddocks/USB-GPIO/i2c-star-stm32f411ceu6-blackpill/libopencm3/lib/libopencm3_stm32f1.a(st_usbfs_v1.o)
                              i2c-stm32f1-usb.o (st_usbfs_v1_usb_driver)
/home/maddocks/USB-GPIO/i2c-star-stm32f411ceu6-blackpill/libopencm3/lib/libopencm3_stm32f1.a(vector.o)
                              (reset_handler)
/home/maddocks/USB-GPIO/i2c-star-stm32f411ceu6-blackpill/libopencm3/lib/libopencm3_stm32f1.a(systick.o)
                              time_libopencm3.o (systick_set_reload)
/home/maddocks/USB-GPIO/i2c-star-stm32f411ceu6-blackpill/libopencm3/lib/libopencm3_stm32f1.a(scb.o)
                              i2c-stm32f1-usb.o (scb_reset_system)
/home/maddocks/USB-GPIO/i2c-star-stm32f411ceu6-blackpill/libopencm3/lib/libopencm3_stm32f1.a(nvic.o)
                              console_stm32.o (nvic_enable_irq)
/home/maddocks/USB-GPIO/i2c-star-stm32f411ceu6-blackpill/libopencm3/lib/libopencm3_stm32f1.a(assert.o)
                              /home/maddocks/USB-GPIO/i2c-star-stm32f411ceu6-blackpill/libopencm3/lib/libopencm3_stm32f1.a(rcc.o) (cm3_assert_failed)
/home/maddocks/USB-GPIO/i2c-star-stm32f411ceu6-blackpill/libopencm3/lib/libopencm3_stm32f1.a(flash_common_all.o)
                              /home/maddocks/USB-GPIO/i2c-star-stm32f411ceu6-blackpill/libopencm3/lib/libopencm3_stm32f1.a(rcc.o) (flash_set_ws)
/home/maddocks/USB-GPIO/i2c-star-stm32f411ceu6-blackpill/libopencm3/lib/libopencm3_stm32f1.a(st_usbfs_core.o)
                              /home/maddocks/USB-GPIO/i2c-star-stm32f411ceu6-blackpill/libopencm3/lib/libopencm3_stm32f1.a(st_usbfs_v1.o) (st_usbfs_set_address)
/opt/gcc/gcc-arm-none-eabi-10.3-2021.10/bin/../lib/gcc/arm-none-eabi/10.3.1/../../../../arm-none-eabi/lib/thumb/v7-m/nofp/libc.a(lib_a-abort.o)
                              util.o (abort)
/opt/gcc/gcc-arm-none-eabi-10.3-2021.10/bin/../lib/gcc/arm-none-eabi/10.3.1/../../../../arm-none-eabi/lib/thumb/v7-m/nofp/libc.a(lib_a-ctype_.o)
                              console.o (_ctype_)
/opt/gcc/gcc-arm-none-eabi-10.3-2021.10/bin/../lib/gcc/arm-none-eabi/10.3.1/../../../../arm-none-eabi/lib/thumb/v7-m/nofp/libc.a(lib_a-errno.o)
                              console_stm32.o (__errno)
/opt/gcc/gcc-arm-none-eabi-10.3-2021.10/bin/../lib/gcc/arm-none-eabi/10.3.1/../../../../arm-none-eabi/lib/thumb/v7-m/nofp/libc.a(lib_a-fflush.o)
                              console.o (fflush)
[...]
Memory Configuration

Name             Origin             Length             Attributes
rom              0x0000000008000000 0x000000000001e000 xr
ram              0x0000000020000000 0x0000000000005000 xrw
*default*        0x0000000000000000 0xffffffffffffffff

Linker script and memory map

LOAD console.o
LOAD console_stm32.o
LOAD i2c_ctx.o
LOAD bitops.o
LOAD fibre.o
LOAD fibre_default.o
LOAD list.o
LOAD messageq.o
LOAD regdump.o
LOAD ringbuf.o
LOAD time_libopencm3.o
LOAD util.o
LOAD i2c-stm32f1-usb.o
LOAD /home/maddocks/USB-GPIO/i2c-star-stm32f411ceu6-blackpill/libopencm3/lib/libopencm3_stm32f1.a
START GROUP
LOAD /opt/gcc/gcc-arm-none-eabi-10.3-2021.10/bin/../lib/gcc/arm-none-eabi/10.3.1/../../../../arm-none-eabi/lib/thumb/v7-m/nofp/libc.a
LOAD /opt/gcc/gcc-arm-none-eabi-10.3-2021.10/bin/../lib/gcc/arm-none-eabi/10.3.1/thumb/v7-m/nofp/libgcc.a
LOAD /opt/gcc/gcc-arm-none-eabi-10.3-2021.10/bin/../lib/gcc/arm-none-eabi/10.3.1/../../../../arm-none-eabi/lib/thumb/v7-m/nofp/libnosys.a
END GROUP
START GROUP
LOAD /opt/gcc/gcc-arm-none-eabi-10.3-2021.10/bin/../lib/gcc/arm-none-eabi/10.3.1/thumb/v7-m/nofp/libgcc.a
LOAD /opt/gcc/gcc-arm-none-eabi-10.3-2021.10/bin/../lib/gcc/arm-none-eabi/10.3.1/../../../../arm-none-eabi/lib/thumb/v7-m/nofp/libc.a
END GROUP

.text           0x0000000008000000     0xa3ec
 *(.vectors)
 .vectors       0x0000000008000000      0x150 /home/maddocks/USB-GPIO/i2c-star-stm32f411ceu6-blackpill/libopencm3/lib/libopencm3_stm32f1.a(vector.o)
                0x0000000008000000                vector_table
 *(.text*)
 .text.console_help
                0x0000000008000150       0x80 console.o
 .text.console_echo
                0x00000000080001d0       0x34 console.o
 .text.do_prompt
                0x0000000008000204       0x28 console.o
 .text.console_unknown
                0x000000000800022c       0x1c console.o
 .text.console_init
                0x0000000008000248       0x44 console.o
                0x0000000008000248                console_init
 .text.console_register
                0x000000000800028c       0x68 console.o
                0x000000000800028c                console_register
 .text.console_putchar
                0x00000000080002f4       0x14 console.o
                0x00000000080002f4                console_putchar
 .text.console_run
                0x0000000008000308      0x174 console.o
                0x0000000008000308                console_run
 .text.console_fibre_endpoint
                0x000000000800047c        0x8 console.o
 .text.console_hwinit
                0x0000000008000484       0x9c console_stm32.o
                0x0000000008000484                console_hwinit
 .text.usart3_isr
                0x0000000008000520       0x94 console_stm32.o
                0x0000000008000520                usart3_isr
 .text._write   0x00000000080005b4       0x58 console_stm32.o
                0x00000000080005b4                _write
 .text.i2c_ctx_is_timed_out
                0x000000000800060c       0x3c i2c_ctx.o
 .text.i2c_ctx_init
                0x0000000008000648       0x1e i2c_ctx.o
                0x0000000008000648                i2c_ctx_init
 *fill*         0x0000000008000666        0x2 
 .text.i2c_ctx_reset
                0x0000000008000668       0x68 i2c_ctx.o
                0x0000000008000668                i2c_ctx_reset
 .text.i2c_ctx_start
                0x00000000080006d0       0x44 i2c_ctx.o
                0x00000000080006d0                i2c_ctx_start
 .text.i2c_ctx_sendaddr
                0x0000000008000714       0x76 i2c_ctx.o
                0x0000000008000714                i2c_ctx_sendaddr
 .text.i2c_ctx_senddata
                0x000000000800078a       0x40 i2c_ctx.o
                0x000000000800078a                i2c_ctx_senddata
 .text.i2c_ctx_getdata
                0x00000000080007ca       0x60 i2c_ctx.o
                0x00000000080007ca                i2c_ctx_getdata
 .text.i2c_ctx_stop
                0x000000000800082a       0x46 i2c_ctx.o
                0x000000000800082a                i2c_ctx_stop
 .text.bitcnt   0x0000000008000870       0x2a bitops.o
                0x0000000008000870                bitcnt
 .text.ctz      0x000000000800089a        0xa bitops.o
                0x000000000800089a                ctz
 .text.duetime_cmp
                0x00000000080008a4        0xc fibre.o
 .text.messageq_empty
                0x00000000080008b0       0x1a fibre.o
 .text.fibre_init
                0x00000000080008ca        0xc fibre.o
                0x00000000080008ca                fibre_init
 *fill*         0x00000000080008d6        0x2 
 .text.fibre_run
                0x00000000080008d8       0x34 fibre.o
                0x00000000080008d8                fibre_run
 .text.handle_atomic_runq
                0x000000000800090c       0x24 fibre.o
 .text.fibre_scheduler_next
                0x0000000008000930       0xfc fibre.o
                0x0000000008000930                fibre_scheduler_next
 .text.fibre_run_atomic
                0x0000000008000a2c       0x40 fibre.o
                0x0000000008000a2c                fibre_run_atomic
 .text.fibre_timeout
                0x0000000008000a6c       0x48 fibre.o
                0x0000000008000a6c                fibre_timeout
 .text.fibre_scheduler_main_loop
                0x0000000008000ab4        0xc fibre_default.o
                0x0000000008000ab4                fibre_scheduler_main_loop
 .text.list_insert
                0x0000000008000ac0       0x10 list.o
                0x0000000008000ac0                list_insert
 .text.list_extract
                0x0000000008000ad0       0x10 list.o
                0x0000000008000ad0                list_extract
 .text.list_iterate
                0x0000000008000ae0        0x8 list.o
                0x0000000008000ae0                list_iterate
 .text.list_iterator_next
                0x0000000008000ae8        0xe list.o
                0x0000000008000ae8                list_iterator_next
 .text.list_iterator_insert
                0x0000000008000af6       0x10 list.o
                0x0000000008000af6                list_iterator_insert
 .text.list_insert_sorted
                0x0000000008000b06       0x46 list.o
                0x0000000008000b06                list_insert_sorted
 .text.list_iterator_remove
                0x0000000008000b4c       0x1a list.o
                0x0000000008000b4c                list_iterator_remove
 .text.list_contains
                0x0000000008000b66       0x24 list.o
                0x0000000008000b66                list_contains
 .text.list_remove
                0x0000000008000b8a       0x18 list.o
                0x0000000008000b8a                list_remove
 .text.messageq_claim
                0x0000000008000ba2       0x7c messageq.o
                0x0000000008000ba2                messageq_claim
 .text.messageq_send
                0x0000000008000c1e       0x2c messageq.o
                0x0000000008000c1e                messageq_send
 .text.messageq_receive
                0x0000000008000c4a       0x48 messageq.o
                0x0000000008000c4a                messageq_receive
 .text.messageq_release
                0x0000000008000c92       0x1a messageq.o
                0x0000000008000c92                messageq_release
 .text.fregdump_single
                0x0000000008000cac       0x58 regdump.o
                0x0000000008000cac                fregdump_single
 .text.fregdump
                0x0000000008000d04       0x20 regdump.o
                0x0000000008000d04                fregdump
 .text.regdump  0x0000000008000d24       0x14 regdump.o
                0x0000000008000d24                regdump
 .text.ringbuf_init
                0x0000000008000d38        0xc ringbuf.o
                0x0000000008000d38                ringbuf_init
 .text.ringbuf_get
                0x0000000008000d44       0x3a ringbuf.o
                0x0000000008000d44                ringbuf_get
 .text.ringbuf_put
                0x0000000008000d7e       0x3a ringbuf.o
                0x0000000008000d7e                ringbuf_put
 .text.time_init
                0x0000000008000db8       0x1c time_libopencm3.o
                0x0000000008000db8                time_init
 .text.sys_tick_handler
                0x0000000008000dd4       0x18 time_libopencm3.o
                0x0000000008000dd4                sys_tick_handler
 .text.time_now
                0x0000000008000dec        0xc time_libopencm3.o
                0x0000000008000dec                time_now
 .text.cyclecmp32
                0x0000000008000df8        0x4 util.o
                0x0000000008000df8                cyclecmp32
 .text.my_delay_1
                0x0000000008000dfc       0x10 i2c-stm32f1-usb.o
 .text.usb_fibre
                0x0000000008000e0c       0xb8 i2c-stm32f1-usb.o
 .text.usb_set_config
                0x0000000008000ec4       0x48 i2c-stm32f1-usb.o
 .text.usb_control_request
                0x0000000008000f0c      0x150 i2c-stm32f1-usb.o
 .text.do_reboot
                0x000000000800105c       0x38 i2c-stm32f1-usb.o
 .text.do_id    0x0000000008001094       0x24 i2c-stm32f1-usb.o
 .text.irq_pin_init
                0x00000000080010b8       0x4c i2c-stm32f1-usb.o
 .text.usb_control_gpio_request
                0x0000000008001104      0x30c i2c-stm32f1-usb.o
 .text.exti4_isr
                0x0000000008001410       0x40 i2c-stm32f1-usb.o
                0x0000000008001410                exti4_isr
 .text.startup.main
                0x0000000008001450      0x134 i2c-stm32f1-usb.o
                0x0000000008001450                main
 .text.desig_get_unique_id_as_string
                0x0000000008001584       0x70 /home/maddocks/USB-GPIO/i2c-star-stm32f411ceu6-blackpill/libopencm3/lib/libopencm3_stm32f1.a(desig_common_all.o)
                0x0000000008001584                desig_get_unique_id_as_string
 .text.desig_get_unique_id
                0x00000000080015f4       0x1c /home/maddocks/USB-GPIO/i2c-star-stm32f411ceu6-blackpill/libopencm3/lib/libopencm3_stm32f1.a(desig_common_v1.o)
                0x00000000080015f4                desig_get_unique_id
 .text.exti_set_trigger
                0x0000000008001610       0x48 /home/maddocks/USB-GPIO/i2c-star-stm32f411ceu6-blackpill/libopencm3/lib/libopencm3_stm32f1.a(exti_common_all.o)
                0x0000000008001610                exti_set_trigger
 .text.exti_enable_request
                0x0000000008001658       0x1c /home/maddocks/USB-GPIO/i2c-star-stm32f411ceu6-blackpill/libopencm3/lib/libopencm3_stm32f1.a(exti_common_all.o)
                0x0000000008001658                exti_enable_request
 .text.exti_reset_request
                0x0000000008001674        0xc /home/maddocks/USB-GPIO/i2c-star-stm32f411ceu6-blackpill/libopencm3/lib/libopencm3_stm32f1.a(exti_common_all.o)
                0x0000000008001674                exti_reset_request
 .text.exti_select_source
                0x0000000008001680       0xa0 /home/maddocks/USB-GPIO/i2c-star-stm32f411ceu6-blackpill/libopencm3/lib/libopencm3_stm32f1.a(exti_common_all.o)
                0x0000000008001680                exti_select_source
 .text.gpio_set_mode
                0x0000000008001720       0x5e /home/maddocks/USB-GPIO/i2c-star-stm32f411ceu6-blackpill/libopencm3/lib/libopencm3_stm32f1.a(gpio.o)
                0x0000000008001720                gpio_set_mode
 .text.gpio_set
                0x000000000800177e        0x4 /home/maddocks/USB-GPIO/i2c-star-stm32f411ceu6-blackpill/libopencm3/lib/libopencm3_stm32f1.a(gpio_common_all.o)
                0x000000000800177e                gpio_set
 .text.gpio_clear
                0x0000000008001782        0x6 /home/maddocks/USB-GPIO/i2c-star-stm32f411ceu6-blackpill/libopencm3/lib/libopencm3_stm32f1.a(gpio_common_all.o)
                0x0000000008001782                gpio_clear
 .text.gpio_get
                0x0000000008001788        0x6 /home/maddocks/USB-GPIO/i2c-star-stm32f411ceu6-blackpill/libopencm3/lib/libopencm3_stm32f1.a(gpio_common_all.o)
                0x0000000008001788                gpio_get
 .text.i2c_peripheral_enable
                0x000000000800178e        0xa /home/maddocks/USB-GPIO/i2c-star-stm32f411ceu6-blackpill/libopencm3/lib/libopencm3_stm32f1.a(i2c_common_v1.o)
                0x000000000800178e                i2c_peripheral_enable
 .text.i2c_peripheral_disable
                0x0000000008001798        0xa /home/maddocks/USB-GPIO/i2c-star-stm32f411ceu6-blackpill/libopencm3/lib/libopencm3_stm32f1.a(i2c_common_v1.o)
                0x0000000008001798                i2c_peripheral_disable
 .text.i2c_send_start
                0x00000000080017a2        0xa /home/maddocks/USB-GPIO/i2c-star-stm32f411ceu6-blackpill/libopencm3/lib/libopencm3_stm32f1.a(i2c_common_v1.o)
                0x00000000080017a2                i2c_send_start
 .text.i2c_send_stop
                0x00000000080017ac        0xa /home/maddocks/USB-GPIO/i2c-star-stm32f411ceu6-blackpill/libopencm3/lib/libopencm3_stm32f1.a(i2c_common_v1.o)
                0x00000000080017ac                i2c_send_stop
 .text.i2c_set_own_7bit_slave_address
                0x00000000080017b6        0xa /home/maddocks/USB-GPIO/i2c-star-stm32f411ceu6-blackpill/libopencm3/lib/libopencm3_stm32f1.a(i2c_common_v1.o)
                0x00000000080017b6                i2c_set_own_7bit_slave_address
 .text.i2c_set_clock_frequency
                0x00000000080017c0        0xe /home/maddocks/USB-GPIO/i2c-star-stm32f411ceu6-blackpill/libopencm3/lib/libopencm3_stm32f1.a(i2c_common_v1.o)
                0x00000000080017c0                i2c_set_clock_frequency
 .text.i2c_send_data
                0x00000000080017ce        0x4 /home/maddocks/USB-GPIO/i2c-star-stm32f411ceu6-blackpill/libopencm3/lib/libopencm3_stm32f1.a(i2c_common_v1.o)
                0x00000000080017ce                i2c_send_data
 .text.i2c_set_ccr
                0x00000000080017d2        0xc /home/maddocks/USB-GPIO/i2c-star-stm32f411ceu6-blackpill/libopencm3/lib/libopencm3_stm32f1.a(i2c_common_v1.o)
                0x00000000080017d2                i2c_set_ccr
 .text.i2c_set_trise
                0x00000000080017de        0x4 /home/maddocks/USB-GPIO/i2c-star-stm32f411ceu6-blackpill/libopencm3/lib/libopencm3_stm32f1.a(i2c_common_v1.o)
                0x00000000080017de                i2c_set_trise
 .text.i2c_send_7bit_address
                0x00000000080017e2        0xa /home/maddocks/USB-GPIO/i2c-star-stm32f411ceu6-blackpill/libopencm3/lib/libopencm3_stm32f1.a(i2c_common_v1.o)
                0x00000000080017e2                i2c_send_7bit_address
 .text.i2c_get_data
                0x00000000080017ec        0x6 /home/maddocks/USB-GPIO/i2c-star-stm32f411ceu6-blackpill/libopencm3/lib/libopencm3_stm32f1.a(i2c_common_v1.o)
                0x00000000080017ec                i2c_get_data
 *fill*         0x00000000080017f2        0x2 
 .text.rcc_is_osc_ready
                0x00000000080017f4       0x58 /home/maddocks/USB-GPIO/i2c-star-stm32f411ceu6-blackpill/libopencm3/lib/libopencm3_stm32f1.a(rcc.o)
                0x00000000080017f4                rcc_is_osc_ready
 .text.rcc_wait_for_osc_ready
                0x000000000800184c       0x10 /home/maddocks/USB-GPIO/i2c-star-stm32f411ceu6-blackpill/libopencm3/lib/libopencm3_stm32f1.a(rcc.o)
                0x000000000800184c                rcc_wait_for_osc_ready
 .text.rcc_osc_on
                0x000000000800185c       0x60 /home/maddocks/USB-GPIO/i2c-star-stm32f411ceu6-blackpill/libopencm3/lib/libopencm3_stm32f1.a(rcc.o)
                0x000000000800185c                rcc_osc_on
 .text.rcc_set_sysclk_source
                0x00000000080018bc       0x14 /home/maddocks/USB-GPIO/i2c-star-stm32f411ceu6-blackpill/libopencm3/lib/libopencm3_stm32f1.a(rcc.o)
                0x00000000080018bc                rcc_set_sysclk_source
 .text.rcc_set_pll_multiplication_factor
                0x00000000080018d0       0x14 /home/maddocks/USB-GPIO/i2c-star-stm32f411ceu6-blackpill/libopencm3/lib/libopencm3_stm32f1.a(rcc.o)
                0x00000000080018d0                rcc_set_pll_multiplication_factor
 .text.rcc_set_pll2_multiplication_factor
                0x00000000080018e4       0x14 /home/maddocks/USB-GPIO/i2c-star-stm32f411ceu6-blackpill/libopencm3/lib/libopencm3_stm32f1.a(rcc.o)
                0x00000000080018e4                rcc_set_pll2_multiplication_factor
 .text.rcc_set_pll3_multiplication_factor
                0x00000000080018f8       0x14 /home/maddocks/USB-GPIO/i2c-star-stm32f411ceu6-blackpill/libopencm3/lib/libopencm3_stm32f1.a(rcc.o)
                0x00000000080018f8                rcc_set_pll3_multiplication_factor
 .text.rcc_set_pll_source
                0x000000000800190c       0x14 /home/maddocks/USB-GPIO/i2c-star-stm32f411ceu6-blackpill/libopencm3/lib/libopencm3_stm32f1.a(rcc.o)
                0x000000000800190c                rcc_set_pll_source
 .text.rcc_set_pllxtpre
                0x0000000008001920       0x14 /home/maddocks/USB-GPIO/i2c-star-stm32f411ceu6-blackpill/libopencm3/lib/libopencm3_stm32f1.a(rcc.o)
                0x0000000008001920                rcc_set_pllxtpre
 .text.rcc_set_adcpre
                0x0000000008001934       0x14 /home/maddocks/USB-GPIO/i2c-star-stm32f411ceu6-blackpill/libopencm3/lib/libopencm3_stm32f1.a(rcc.o)
                0x0000000008001934                rcc_set_adcpre
 .text.rcc_set_ppre2
                0x0000000008001948       0x14 /home/maddocks/USB-GPIO/i2c-star-stm32f411ceu6-blackpill/libopencm3/lib/libopencm3_stm32f1.a(rcc.o)
                0x0000000008001948                rcc_set_ppre2
 .text.rcc_set_ppre1
                0x000000000800195c       0x14 /home/maddocks/USB-GPIO/i2c-star-stm32f411ceu6-blackpill/libopencm3/lib/libopencm3_stm32f1.a(rcc.o)
                0x000000000800195c                rcc_set_ppre1
 .text.rcc_set_hpre
                0x0000000008001970       0x14 /home/maddocks/USB-GPIO/i2c-star-stm32f411ceu6-blackpill/libopencm3/lib/libopencm3_stm32f1.a(rcc.o)
                0x0000000008001970                rcc_set_hpre
 .text.rcc_set_usbpre
                0x0000000008001984       0x18 /home/maddocks/USB-GPIO/i2c-star-stm32f411ceu6-blackpill/libopencm3/lib/libopencm3_stm32f1.a(rcc.o)
                0x0000000008001984                rcc_set_usbpre
 .text.rcc_set_prediv1
                0x000000000800199c       0x14 /home/maddocks/USB-GPIO/i2c-star-stm32f411ceu6-blackpill/libopencm3/lib/libopencm3_stm32f1.a(rcc.o)
                0x000000000800199c                rcc_set_prediv1
 .text.rcc_set_prediv2
                0x00000000080019b0       0x14 /home/maddocks/USB-GPIO/i2c-star-stm32f411ceu6-blackpill/libopencm3/lib/libopencm3_stm32f1.a(rcc.o)
                0x00000000080019b0                rcc_set_prediv2
 .text.rcc_set_prediv1_source
                0x00000000080019c4       0x18 /home/maddocks/USB-GPIO/i2c-star-stm32f411ceu6-blackpill/libopencm3/lib/libopencm3_stm32f1.a(rcc.o)
                0x00000000080019c4                rcc_set_prediv1_source
 .text.rcc_clock_setup_pll
                0x00000000080019dc       0xbc /home/maddocks/USB-GPIO/i2c-star-stm32f411ceu6-blackpill/libopencm3/lib/libopencm3_stm32f1.a(rcc.o)
                0x00000000080019dc                rcc_clock_setup_pll
 .text.rcc_periph_clock_enable
                0x0000000008001a98       0x1c /home/maddocks/USB-GPIO/i2c-star-stm32f411ceu6-blackpill/libopencm3/lib/libopencm3_stm32f1.a(rcc_common_all.o)
                0x0000000008001a98                rcc_periph_clock_enable
 .text.rcc_periph_reset_pulse
                0x0000000008001ab4       0x24 /home/maddocks/USB-GPIO/i2c-star-stm32f411ceu6-blackpill/libopencm3/lib/libopencm3_stm32f1.a(rcc_common_all.o)
                0x0000000008001ab4                rcc_periph_reset_pulse
 .text.usart_set_baudrate
                0x0000000008001ad8       0x28 /home/maddocks/USB-GPIO/i2c-star-stm32f411ceu6-blackpill/libopencm3/lib/libopencm3_stm32f1.a(usart_common_all.o)
                0x0000000008001ad8                usart_set_baudrate
 .text.usart_set_databits
                0x0000000008001b00       0x12 /home/maddocks/USB-GPIO/i2c-star-stm32f411ceu6-blackpill/libopencm3/lib/libopencm3_stm32f1.a(usart_common_all.o)
                0x0000000008001b00                usart_set_databits
 .text.usart_set_stopbits
                0x0000000008001b12        0xc /home/maddocks/USB-GPIO/i2c-star-stm32f411ceu6-blackpill/libopencm3/lib/libopencm3_stm32f1.a(usart_common_all.o)
                0x0000000008001b12                usart_set_stopbits
 .text.usart_set_parity
                0x0000000008001b1e        0xc /home/maddocks/USB-GPIO/i2c-star-stm32f411ceu6-blackpill/libopencm3/lib/libopencm3_stm32f1.a(usart_common_all.o)
                0x0000000008001b1e                usart_set_parity
 .text.usart_set_mode
                0x0000000008001b2a        0xc /home/maddocks/USB-GPIO/i2c-star-stm32f411ceu6-blackpill/libopencm3/lib/libopencm3_stm32f1.a(usart_common_all.o)
                0x0000000008001b2a                usart_set_mode
 .text.usart_set_flow_control
                0x0000000008001b36        0xc /home/maddocks/USB-GPIO/i2c-star-stm32f411ceu6-blackpill/libopencm3/lib/libopencm3_stm32f1.a(usart_common_all.o)
                0x0000000008001b36                usart_set_flow_control
 .text.usart_enable
                0x0000000008001b42        0xa /home/maddocks/USB-GPIO/i2c-star-stm32f411ceu6-blackpill/libopencm3/lib/libopencm3_stm32f1.a(usart_common_all.o)
                0x0000000008001b42                usart_enable
 .text.usart_send
                0x0000000008001b4c        0x8 /home/maddocks/USB-GPIO/i2c-star-stm32f411ceu6-blackpill/libopencm3/lib/libopencm3_stm32f1.a(usart_common_f124.o)
                0x0000000008001b4c                usart_send
 .text.usart_recv
                0x0000000008001b54        0x8 /home/maddocks/USB-GPIO/i2c-star-stm32f411ceu6-blackpill/libopencm3/lib/libopencm3_stm32f1.a(usart_common_f124.o)
                0x0000000008001b54                usart_recv
 .text.usbd_init
                0x0000000008001b5c       0x54 /home/maddocks/USB-GPIO/i2c-star-stm32f411ceu6-blackpill/libopencm3/lib/libopencm3_stm32f1.a(usb.o)
                0x0000000008001b5c                usbd_init
 .text.usbd_poll
                0x0000000008001bb0        0x8 /home/maddocks/USB-GPIO/i2c-star-stm32f411ceu6-blackpill/libopencm3/lib/libopencm3_stm32f1.a(usb.o)
                0x0000000008001bb0                usbd_poll
 .text.usbd_ep_setup
                0x0000000008001bb8        0xe /home/maddocks/USB-GPIO/i2c-star-stm32f411ceu6-blackpill/libopencm3/lib/libopencm3_stm32f1.a(usb.o)
                0x0000000008001bb8                usbd_ep_setup
 .text._usbd_reset
                0x0000000008001bc6       0x32 /home/maddocks/USB-GPIO/i2c-star-stm32f411ceu6-blackpill/libopencm3/lib/libopencm3_stm32f1.a(usb.o)
                0x0000000008001bc6                _usbd_reset
 .text.usbd_ep_write_packet
                0x0000000008001bf8        0xe /home/maddocks/USB-GPIO/i2c-star-stm32f411ceu6-blackpill/libopencm3/lib/libopencm3_stm32f1.a(usb.o)
                0x0000000008001bf8                usbd_ep_write_packet
 .text.usbd_ep_read_packet
                0x0000000008001c06        0xe /home/maddocks/USB-GPIO/i2c-star-stm32f411ceu6-blackpill/libopencm3/lib/libopencm3_stm32f1.a(usb.o)
                0x0000000008001c06                usbd_ep_read_packet
 .text.usbd_ep_stall_set
                0x0000000008001c14        0x8 /home/maddocks/USB-GPIO/i2c-star-stm32f411ceu6-blackpill/libopencm3/lib/libopencm3_stm32f1.a(usb.o)
                0x0000000008001c14                usbd_ep_stall_set
 .text.usbd_ep_stall_get
                0x0000000008001c1c        0x8 /home/maddocks/USB-GPIO/i2c-star-stm32f411ceu6-blackpill/libopencm3/lib/libopencm3_stm32f1.a(usb.o)
                0x0000000008001c1c                usbd_ep_stall_get
 .text.usb_control_send_chunk
                0x0000000008001c24       0x52 /home/maddocks/USB-GPIO/i2c-star-stm32f411ceu6-blackpill/libopencm3/lib/libopencm3_stm32f1.a(usb_control.o)
 .text.usb_control_request_dispatch
                0x0000000008001c76       0x60 /home/maddocks/USB-GPIO/i2c-star-stm32f411ceu6-blackpill/libopencm3/lib/libopencm3_stm32f1.a(usb_control.o)
 .text.stall_transaction
                0x0000000008001cd6       0x14 /home/maddocks/USB-GPIO/i2c-star-stm32f411ceu6-blackpill/libopencm3/lib/libopencm3_stm32f1.a(usb_control.o)
 .text.usb_control_recv_chunk
                0x0000000008001cea       0x3c /home/maddocks/USB-GPIO/i2c-star-stm32f411ceu6-blackpill/libopencm3/lib/libopencm3_stm32f1.a(usb_control.o)
 .text.usb_control_setup_read
                0x0000000008001d26       0x66 /home/maddocks/USB-GPIO/i2c-star-stm32f411ceu6-blackpill/libopencm3/lib/libopencm3_stm32f1.a(usb_control.o)
 .text.usbd_register_control_callback
                0x0000000008001d8c       0x2c /home/maddocks/USB-GPIO/i2c-star-stm32f411ceu6-blackpill/libopencm3/lib/libopencm3_stm32f1.a(usb_control.o)
                0x0000000008001d8c                usbd_register_control_callback
 .text._usbd_control_setup
                0x0000000008001db8       0x42 /home/maddocks/USB-GPIO/i2c-star-stm32f411ceu6-blackpill/libopencm3/lib/libopencm3_stm32f1.a(usb_control.o)
                0x0000000008001db8                _usbd_control_setup
 .text._usbd_control_out
                0x0000000008001dfa       0x82 /home/maddocks/USB-GPIO/i2c-star-stm32f411ceu6-blackpill/libopencm3/lib/libopencm3_stm32f1.a(usb_control.o)
                0x0000000008001dfa                _usbd_control_out
 .text._usbd_control_in
                0x0000000008001e7c       0x56 /home/maddocks/USB-GPIO/i2c-star-stm32f411ceu6-blackpill/libopencm3/lib/libopencm3_stm32f1.a(usb_control.o)
                0x0000000008001e7c                _usbd_control_in
 .text.usb_standard_set_address
                0x0000000008001ed2       0x28 /home/maddocks/USB-GPIO/i2c-star-stm32f411ceu6-blackpill/libopencm3/lib/libopencm3_stm32f1.a(usb_standard.o)
 .text.usb_standard_set_configuration
                0x0000000008001efa       0x92 /home/maddocks/USB-GPIO/i2c-star-stm32f411ceu6-blackpill/libopencm3/lib/libopencm3_stm32f1.a(usb_standard.o)
 .text.usb_standard_get_configuration
                0x0000000008001f8c       0x22 /home/maddocks/USB-GPIO/i2c-star-stm32f411ceu6-blackpill/libopencm3/lib/libopencm3_stm32f1.a(usb_standard.o)
 .text.usb_standard_set_interface
                0x0000000008001fae       0x50 /home/maddocks/USB-GPIO/i2c-star-stm32f411ceu6-blackpill/libopencm3/lib/libopencm3_stm32f1.a(usb_standard.o)
 .text.usb_standard_get_interface
                0x0000000008001ffe       0x34 /home/maddocks/USB-GPIO/i2c-star-stm32f411ceu6-blackpill/libopencm3/lib/libopencm3_stm32f1.a(usb_standard.o)
 .text.usb_standard_device_get_status
                0x0000000008002032       0x18 /home/maddocks/USB-GPIO/i2c-star-stm32f411ceu6-blackpill/libopencm3/lib/libopencm3_stm32f1.a(usb_standard.o)
 .text.usb_standard_endpoint_get_status
                0x000000000800204a       0x2a /home/maddocks/USB-GPIO/i2c-star-stm32f411ceu6-blackpill/libopencm3/lib/libopencm3_stm32f1.a(usb_standard.o)
 .text.usb_standard_endpoint_stall
                0x0000000008002074       0x10 /home/maddocks/USB-GPIO/i2c-star-stm32f411ceu6-blackpill/libopencm3/lib/libopencm3_stm32f1.a(usb_standard.o)
 .text.usb_standard_endpoint_unstall
                0x0000000008002084       0x10 /home/maddocks/USB-GPIO/i2c-star-stm32f411ceu6-blackpill/libopencm3/lib/libopencm3_stm32f1.a(usb_standard.o)
 .text.usb_standard_get_descriptor
                0x0000000008002094      0x2a6 /home/maddocks/USB-GPIO/i2c-star-stm32f411ceu6-blackpill/libopencm3/lib/libopencm3_stm32f1.a(usb_standard.o)
 .text.usb_standard_interface_get_status
                0x000000000800233a       0x18 /home/maddocks/USB-GPIO/i2c-star-stm32f411ceu6-blackpill/libopencm3/lib/libopencm3_stm32f1.a(usb_standard.o)
 .text.usbd_register_set_config_callback
                0x0000000008002352       0x2c /home/maddocks/USB-GPIO/i2c-star-stm32f411ceu6-blackpill/libopencm3/lib/libopencm3_stm32f1.a(usb_standard.o)
                0x0000000008002352                usbd_register_set_config_callback
 *fill*         0x000000000800237e        0x2 
 .text._usbd_standard_request_device
                0x0000000008002380       0x48 /home/maddocks/USB-GPIO/i2c-star-stm32f411ceu6-blackpill/libopencm3/lib/libopencm3_stm32f1.a(usb_standard.o)
                0x0000000008002380                _usbd_standard_request_device
 .text._usbd_standard_request_interface
                0x00000000080023c8       0x30 /home/maddocks/USB-GPIO/i2c-star-stm32f411ceu6-blackpill/libopencm3/lib/libopencm3_stm32f1.a(usb_standard.o)
                0x00000000080023c8                _usbd_standard_request_interface
 .text._usbd_standard_request_endpoint
                0x00000000080023f8       0x3c /home/maddocks/USB-GPIO/i2c-star-stm32f411ceu6-blackpill/libopencm3/lib/libopencm3_stm32f1.a(usb_standard.o)
                0x00000000080023f8                _usbd_standard_request_endpoint
 .text._usbd_standard_request
                0x0000000008002434       0x30 /home/maddocks/USB-GPIO/i2c-star-stm32f411ceu6-blackpill/libopencm3/lib/libopencm3_stm32f1.a(usb_standard.o)
                0x0000000008002434                _usbd_standard_request
 .text.st_usbfs_v1_usbd_init
                0x0000000008002464       0x30 /home/maddocks/USB-GPIO/i2c-star-stm32f411ceu6-blackpill/libopencm3/lib/libopencm3_stm32f1.a(st_usbfs_v1.o)
 .text.st_usbfs_copy_to_pm
                0x0000000008002494       0x18 /home/maddocks/USB-GPIO/i2c-star-stm32f411ceu6-blackpill/libopencm3/lib/libopencm3_stm32f1.a(st_usbfs_v1.o)
                0x0000000008002494                st_usbfs_copy_to_pm
 .text.st_usbfs_copy_from_pm
                0x00000000080024ac       0x26 /home/maddocks/USB-GPIO/i2c-star-stm32f411ceu6-blackpill/libopencm3/lib/libopencm3_stm32f1.a(st_usbfs_v1.o)
                0x00000000080024ac                st_usbfs_copy_from_pm
 .text.blocking_handler
                0x00000000080024d2        0x2 /home/maddocks/USB-GPIO/i2c-star-stm32f411ceu6-blackpill/libopencm3/lib/libopencm3_stm32f1.a(vector.o)
                0x00000000080024d2                rtc_isr
                0x00000000080024d2                tim7_isr
                0x00000000080024d2                adc1_2_isr
                0x00000000080024d2                tim1_trg_com_isr
                0x00000000080024d2                usb_hp_can_tx_isr
                0x00000000080024d2                tim6_isr
                0x00000000080024d2                usb_wakeup_isr
                0x00000000080024d2                blocking_handler
                0x00000000080024d2                tim5_isr
                0x00000000080024d2                otg_fs_isr
                0x00000000080024d2                spi1_isr
                0x00000000080024d2                exti2_isr
                0x00000000080024d2                dma1_channel6_isr
                0x00000000080024d2                can_rx1_isr
                0x00000000080024d2                dma1_channel5_isr
                0x00000000080024d2                dma2_channel5_isr
                0x00000000080024d2                usart1_isr
                0x00000000080024d2                usage_fault_handler
                0x00000000080024d2                tim8_trg_com_isr
                0x00000000080024d2                can2_rx0_isr
                0x00000000080024d2                tim1_brk_isr
                0x00000000080024d2                can2_rx1_isr
                0x00000000080024d2                tim1_cc_isr
                0x00000000080024d2                sdio_isr
                0x00000000080024d2                eth_isr
                0x00000000080024d2                dma1_channel4_isr
                0x00000000080024d2                tim8_brk_isr
                0x00000000080024d2                dma2_channel4_5_isr
                0x00000000080024d2                pvd_isr
                0x00000000080024d2                rcc_isr
                0x00000000080024d2                flash_isr
                0x00000000080024d2                uart4_isr
                0x00000000080024d2                rtc_alarm_isr
                0x00000000080024d2                exti15_10_isr
                0x00000000080024d2                hard_fault_handler
                0x00000000080024d2                exti1_isr
                0x00000000080024d2                i2c1_ev_isr
                0x00000000080024d2                dma2_channel1_isr
                0x00000000080024d2                spi2_isr
                0x00000000080024d2                tim8_up_isr
                0x00000000080024d2                dma2_channel2_isr
                0x00000000080024d2                exti3_isr
                0x00000000080024d2                adc3_isr
                0x00000000080024d2                tim3_isr
                0x00000000080024d2                usart2_isr
                0x00000000080024d2                usb_lp_can_rx0_isr
                0x00000000080024d2                i2c2_er_isr
                0x00000000080024d2                i2c2_ev_isr
                0x00000000080024d2                uart5_isr
                0x00000000080024d2                fsmc_isr
                0x00000000080024d2                dma1_channel1_isr
                0x00000000080024d2                mem_manage_handler
                0x00000000080024d2                can2_tx_isr
                0x00000000080024d2                exti9_5_isr
                0x00000000080024d2                dma2_channel3_isr
                0x00000000080024d2                dma1_channel7_isr
                0x00000000080024d2                tim1_up_isr
                0x00000000080024d2                can2_sce_isr
                0x00000000080024d2                tim4_isr
                0x00000000080024d2                dma1_channel2_isr
                0x00000000080024d2                i2c1_er_isr
                0x00000000080024d2                can_sce_isr
                0x00000000080024d2                tim8_cc_isr
                0x00000000080024d2                tamper_isr
                0x00000000080024d2                eth_wkup_isr
                0x00000000080024d2                bus_fault_handler
                0x00000000080024d2                wwdg_isr
                0x00000000080024d2                dma1_channel3_isr
                0x00000000080024d2                spi3_isr
                0x00000000080024d2                tim2_isr
                0x00000000080024d2                exti0_isr
 .text.null_handler
                0x00000000080024d4        0x2 /home/maddocks/USB-GPIO/i2c-star-stm32f411ceu6-blackpill/libopencm3/lib/libopencm3_stm32f1.a(vector.o)
                0x00000000080024d4                null_handler
                0x00000000080024d4                sv_call_handler
                0x00000000080024d4                pend_sv_handler
                0x00000000080024d4                debug_monitor_handler
                0x00000000080024d4                nmi_handler
 *fill*         0x00000000080024d6        0x2 
 .text.reset_handler
                0x00000000080024d8       0x94 /home/maddocks/USB-GPIO/i2c-star-stm32f411ceu6-blackpill/libopencm3/lib/libopencm3_stm32f1.a(vector.o)
                0x00000000080024d8                reset_handler
 .text.systick_set_reload
                0x000000000800256c        0xc /home/maddocks/USB-GPIO/i2c-star-stm32f411ceu6-blackpill/libopencm3/lib/libopencm3_stm32f1.a(systick.o)
                0x000000000800256c                systick_set_reload
 .text.systick_set_clocksource
                0x0000000008002578       0x14 /home/maddocks/USB-GPIO/i2c-star-stm32f411ceu6-blackpill/libopencm3/lib/libopencm3_stm32f1.a(systick.o)
                0x0000000008002578                systick_set_clocksource
 .text.systick_interrupt_enable
                0x000000000800258c        0xe /home/maddocks/USB-GPIO/i2c-star-stm32f411ceu6-blackpill/libopencm3/lib/libopencm3_stm32f1.a(systick.o)
                0x000000000800258c                systick_interrupt_enable
 .text.systick_counter_enable
                0x000000000800259a        0xe /home/maddocks/USB-GPIO/i2c-star-stm32f411ceu6-blackpill/libopencm3/lib/libopencm3_stm32f1.a(systick.o)
                0x000000000800259a                systick_counter_enable
 .text.scb_reset_system
                0x00000000080025a8       0x10 /home/maddocks/USB-GPIO/i2c-star-stm32f411ceu6-blackpill/libopencm3/lib/libopencm3_stm32f1.a(scb.o)
                0x00000000080025a8                scb_reset_system
 .text.nvic_enable_irq
                0x00000000080025b8       0x1a /home/maddocks/USB-GPIO/i2c-star-stm32f411ceu6-blackpill/libopencm3/lib/libopencm3_stm32f1.a(nvic.o)
                0x00000000080025b8                nvic_enable_irq
 *fill*         0x00000000080025d2        0x2 
 .text.flash_set_ws
                0x00000000080025d4       0x14 /home/maddocks/USB-GPIO/i2c-star-stm32f411ceu6-blackpill/libopencm3/lib/libopencm3_stm32f1.a(flash_common_all.o)
                0x00000000080025d4                flash_set_ws
 .text.st_usbfs_set_address
                0x00000000080025e8       0x10 /home/maddocks/USB-GPIO/i2c-star-stm32f411ceu6-blackpill/libopencm3/lib/libopencm3_stm32f1.a(st_usbfs_core.o)
                0x00000000080025e8                st_usbfs_set_address
 .text.st_usbfs_set_ep_rx_bufsize
                0x00000000080025f8       0x44 /home/maddocks/USB-GPIO/i2c-star-stm32f411ceu6-blackpill/libopencm3/lib/libopencm3_stm32f1.a(st_usbfs_core.o)
                0x00000000080025f8                st_usbfs_set_ep_rx_bufsize
 .text.st_usbfs_ep_setup
                0x000000000800263c      0x138 /home/maddocks/USB-GPIO/i2c-star-stm32f411ceu6-blackpill/libopencm3/lib/libopencm3_stm32f1.a(st_usbfs_core.o)
                0x000000000800263c                st_usbfs_ep_setup
 .text.st_usbfs_endpoints_reset
                0x0000000008002774       0x44 /home/maddocks/USB-GPIO/i2c-star-stm32f411ceu6-blackpill/libopencm3/lib/libopencm3_stm32f1.a(st_usbfs_core.o)
                0x0000000008002774                st_usbfs_endpoints_reset
 .text.st_usbfs_ep_stall_set
                0x00000000080027b8       0xc4 /home/maddocks/USB-GPIO/i2c-star-stm32f411ceu6-blackpill/libopencm3/lib/libopencm3_stm32f1.a(st_usbfs_core.o)
                0x00000000080027b8                st_usbfs_ep_stall_set
 .text.st_usbfs_ep_stall_get
                0x000000000800287c       0x38 /home/maddocks/USB-GPIO/i2c-star-stm32f411ceu6-blackpill/libopencm3/lib/libopencm3_stm32f1.a(st_usbfs_core.o)
                0x000000000800287c                st_usbfs_ep_stall_get
 .text.st_usbfs_ep_nak_set
                0x00000000080028b4       0x3c /home/maddocks/USB-GPIO/i2c-star-stm32f411ceu6-blackpill/libopencm3/lib/libopencm3_stm32f1.a(st_usbfs_core.o)
                0x00000000080028b4                st_usbfs_ep_nak_set
 .text.st_usbfs_ep_write_packet
                0x00000000080028f0       0x88 /home/maddocks/USB-GPIO/i2c-star-stm32f411ceu6-blackpill/libopencm3/lib/libopencm3_stm32f1.a(st_usbfs_core.o)
                0x00000000080028f0                st_usbfs_ep_write_packet
 .text.st_usbfs_ep_read_packet
                0x0000000008002978       0xb4 /home/maddocks/USB-GPIO/i2c-star-stm32f411ceu6-blackpill/libopencm3/lib/libopencm3_stm32f1.a(st_usbfs_core.o)
                0x0000000008002978                st_usbfs_ep_read_packet
 .text.st_usbfs_poll
                0x0000000008002a2c       0xf4 /home/maddocks/USB-GPIO/i2c-star-stm32f411ceu6-blackpill/libopencm3/lib/libopencm3_stm32f1.a(st_usbfs_core.o)
                0x0000000008002a2c                st_usbfs_poll
 .text.abort    0x0000000008002b20       0x10 /opt/gcc/gcc-arm-none-eabi-10.3-2021.10/bin/../lib/gcc/arm-none-eabi/10.3.1/../../../../arm-none-eabi/lib/thumb/v7-m/nofp/libc.a(lib_a-abort.o)
                0x0000000008002b20                abort
 .text.__errno  0x0000000008002b30        0xc /opt/gcc/gcc-arm-none-eabi-10.3-2021.10/bin/../lib/gcc/arm-none-eabi/10.3.1/../../../../arm-none-eabi/lib/thumb/v7-m/nofp/libc.a(lib_a-errno.o)
                0x0000000008002b30                __errno
 .text.__sflush_r
                0x0000000008002b3c      0x124 /opt/gcc/gcc-arm-none-eabi-10.3-2021.10/bin/../lib/gcc/arm-none-eabi/10.3.1/../../../../arm-none-eabi/lib/thumb/v7-m/nofp/libc.a(lib_a-fflush.o)
                0x0000000008002b3c                __sflush_r
 .text._fflush_r
                0x0000000008002c60       0x5c /opt/gcc/gcc-arm-none-eabi-10.3-2021.10/bin/../lib/gcc/arm-none-eabi/10.3.1/../../../../arm-none-eabi/lib/thumb/v7-m/nofp/libc.a(lib_a-fflush.o)
                0x0000000008002c60                _fflush_r
 .text.fflush   0x0000000008002cbc       0x74 /opt/gcc/gcc-arm-none-eabi-10.3-2021.10/bin/../lib/gcc/arm-none-eabi/10.3.1/../../../../arm-none-eabi/lib/thumb/v7-m/nofp/libc.a(lib_a-fflush.o)
                0x0000000008002cbc                fflush
 .text._cleanup_r
                0x0000000008002d30        0xc /opt/gcc/gcc-arm-none-eabi-10.3-2021.10/bin/../lib/gcc/arm-none-eabi/10.3.1/../../../../arm-none-eabi/lib/thumb/v7-m/nofp/libc.a(lib_a-findfp.o)
                0x0000000008002d30                _cleanup_r
 .text.__sinit  0x0000000008002d3c      0x10c /opt/gcc/gcc-arm-none-eabi-10.3-2021.10/bin/../lib/gcc/arm-none-eabi/10.3.1/../../../../arm-none-eabi/lib/thumb/v7-m/nofp/libc.a(lib_a-findfp.o)
                0x0000000008002d3c                __sinit
 .text.__sfp_lock_acquire
                0x0000000008002e48        0xc /opt/gcc/gcc-arm-none-eabi-10.3-2021.10/bin/../lib/gcc/arm-none-eabi/10.3.1/../../../../arm-none-eabi/lib/thumb/v7-m/nofp/libc.a(lib_a-findfp.o)
                0x0000000008002e48                __sfp_lock_acquire
 .text.__sfp_lock_release
                0x0000000008002e54        0xc /opt/gcc/gcc-arm-none-eabi-10.3-2021.10/bin/../lib/gcc/arm-none-eabi/10.3.1/../../../../arm-none-eabi/lib/thumb/v7-m/nofp/libc.a(lib_a-findfp.o)
                0x0000000008002e54                __sfp_lock_release
 .text.fprintf  0x0000000008002e60       0x28 /opt/gcc/gcc-arm-none-eabi-10.3-2021.10/bin/../lib/gcc/arm-none-eabi/10.3.1/../../../../arm-none-eabi/lib/thumb/v7-m/nofp/libc.a(lib_a-fprintf.o)
                0x0000000008002e60                fprintf
 .text.fputc    0x0000000008002e88       0x58 /opt/gcc/gcc-arm-none-eabi-10.3-2021.10/bin/../lib/gcc/arm-none-eabi/10.3.1/../../../../arm-none-eabi/lib/thumb/v7-m/nofp/libc.a(lib_a-fputc.o)
                0x0000000008002e88                fputc
 .text._fputs_r
                0x0000000008002ee0       0x88 /opt/gcc/gcc-arm-none-eabi-10.3-2021.10/bin/../lib/gcc/arm-none-eabi/10.3.1/../../../../arm-none-eabi/lib/thumb/v7-m/nofp/libc.a(lib_a-fputs.o)
                0x0000000008002ee0                _fputs_r
 .text.fputs    0x0000000008002f68       0x14 /opt/gcc/gcc-arm-none-eabi-10.3-2021.10/bin/../lib/gcc/arm-none-eabi/10.3.1/../../../../arm-none-eabi/lib/thumb/v7-m/nofp/libc.a(lib_a-fputs.o)
                0x0000000008002f68                fputs
 .text._malloc_trim_r
                0x0000000008002f7c       0xa0 /opt/gcc/gcc-arm-none-eabi-10.3-2021.10/bin/../lib/gcc/arm-none-eabi/10.3.1/../../../../arm-none-eabi/lib/thumb/v7-m/nofp/libc.a(lib_a-freer.o)
                0x0000000008002f7c                _malloc_trim_r
 .text._free_r  0x000000000800301c      0x200 /opt/gcc/gcc-arm-none-eabi-10.3-2021.10/bin/../lib/gcc/arm-none-eabi/10.3.1/../../../../arm-none-eabi/lib/thumb/v7-m/nofp/libc.a(lib_a-freer.o)
                0x000000000800301c                _free_r
 .text.__sfvwrite_r
                0x000000000800321c      0x2f0 /opt/gcc/gcc-arm-none-eabi-10.3-2021.10/bin/../lib/gcc/arm-none-eabi/10.3.1/../../../../arm-none-eabi/lib/thumb/v7-m/nofp/libc.a(lib_a-fvwrite.o)
                0x000000000800321c                __sfvwrite_r
 .text._fwalk_reent
                0x000000000800350c       0x48 /opt/gcc/gcc-arm-none-eabi-10.3-2021.10/bin/../lib/gcc/arm-none-eabi/10.3.1/../../../../arm-none-eabi/lib/thumb/v7-m/nofp/libc.a(lib_a-fwalk.o)
                0x000000000800350c                _fwalk_reent
 .text.__retarget_lock_init_recursive
                0x0000000008003554        0x4 /opt/gcc/gcc-arm-none-eabi-10.3-2021.10/bin/../lib/gcc/arm-none-eabi/10.3.1/../../../../arm-none-eabi/lib/thumb/v7-m/nofp/libc.a(lib_a-lock.o)
                0x0000000008003554                __retarget_lock_init_recursive
 .text.__retarget_lock_close_recursive
                0x0000000008003558        0x4 /opt/gcc/gcc-arm-none-eabi-10.3-2021.10/bin/../lib/gcc/arm-none-eabi/10.3.1/../../../../arm-none-eabi/lib/thumb/v7-m/nofp/libc.a(lib_a-lock.o)
                0x0000000008003558                __retarget_lock_close_recursive
 .text.__retarget_lock_acquire_recursive
                0x000000000800355c        0x4 /opt/gcc/gcc-arm-none-eabi-10.3-2021.10/bin/../lib/gcc/arm-none-eabi/10.3.1/../../../../arm-none-eabi/lib/thumb/v7-m/nofp/libc.a(lib_a-lock.o)
                0x000000000800355c                __retarget_lock_acquire_recursive
 .text.__retarget_lock_release_recursive
                0x0000000008003560        0x4 /opt/gcc/gcc-arm-none-eabi-10.3-2021.10/bin/../lib/gcc/arm-none-eabi/10.3.1/../../../../arm-none-eabi/lib/thumb/v7-m/nofp/libc.a(lib_a-lock.o)
                0x0000000008003560                __retarget_lock_release_recursive
 .text._malloc_r
                0x0000000008003564      0x558 /opt/gcc/gcc-arm-none-eabi-10.3-2021.10/bin/../lib/gcc/arm-none-eabi/10.3.1/../../../../arm-none-eabi/lib/thumb/v7-m/nofp/libc.a(lib_a-mallocr.o)
                0x0000000008003564                _malloc_r
 .text.memchr   0x0000000008003abc       0x90 /opt/gcc/gcc-arm-none-eabi-10.3-2021.10/bin/../lib/gcc/arm-none-eabi/10.3.1/../../../../arm-none-eabi/lib/thumb/v7-m/nofp/libc.a(lib_a-memchr-stub.o)
                0x0000000008003abc                memchr
 .text          0x0000000008003b4c       0xec /opt/gcc/gcc-arm-none-eabi-10.3-2021.10/bin/../lib/gcc/arm-none-eabi/10.3.1/../../../../arm-none-eabi/lib/thumb/v7-m/nofp/libc.a(lib_a-memcpy.o)
                0x0000000008003b4c                memcpy
 .text.memmove  0x0000000008003c38       0xf8 /opt/gcc/gcc-arm-none-eabi-10.3-2021.10/bin/../lib/gcc/arm-none-eabi/10.3.1/../../../../arm-none-eabi/lib/thumb/v7-m/nofp/libc.a(lib_a-memmove.o)
                0x0000000008003c38                memmove
 .text.memset   0x0000000008003d30       0xa4 /opt/gcc/gcc-arm-none-eabi-10.3-2021.10/bin/../lib/gcc/arm-none-eabi/10.3.1/../../../../arm-none-eabi/lib/thumb/v7-m/nofp/libc.a(lib_a-memset.o)
                0x0000000008003d30                memset
 .text.__malloc_lock
                0x0000000008003dd4        0xc /opt/gcc/gcc-arm-none-eabi-10.3-2021.10/bin/../lib/gcc/arm-none-eabi/10.3.1/../../../../arm-none-eabi/lib/thumb/v7-m/nofp/libc.a(lib_a-mlock.o)
                0x0000000008003dd4                __malloc_lock
 .text.__malloc_unlock
                0x0000000008003de0        0xc /opt/gcc/gcc-arm-none-eabi-10.3-2021.10/bin/../lib/gcc/arm-none-eabi/10.3.1/../../../../arm-none-eabi/lib/thumb/v7-m/nofp/libc.a(lib_a-mlock.o)
                0x0000000008003de0                __malloc_unlock
 .text._putc_r  0x0000000008003dec       0x74 /opt/gcc/gcc-arm-none-eabi-10.3-2021.10/bin/../lib/gcc/arm-none-eabi/10.3.1/../../../../arm-none-eabi/lib/thumb/v7-m/nofp/libc.a(lib_a-putc.o)
                0x0000000008003dec                _putc_r
 .text._puts_r  0x0000000008003e60       0x9c /opt/gcc/gcc-arm-none-eabi-10.3-2021.10/bin/../lib/gcc/arm-none-eabi/10.3.1/../../../../arm-none-eabi/lib/thumb/v7-m/nofp/libc.a(lib_a-puts.o)
                0x0000000008003e60                _puts_r
 .text.puts     0x0000000008003efc       0x10 /opt/gcc/gcc-arm-none-eabi-10.3-2021.10/bin/../lib/gcc/arm-none-eabi/10.3.1/../../../../arm-none-eabi/lib/thumb/v7-m/nofp/libc.a(lib_a-puts.o)
                0x0000000008003efc                puts
 .text._realloc_r
                0x0000000008003f0c      0x3dc /opt/gcc/gcc-arm-none-eabi-10.3-2021.10/bin/../lib/gcc/arm-none-eabi/10.3.1/../../../../arm-none-eabi/lib/thumb/v7-m/nofp/libc.a(lib_a-reallocr.o)
                0x0000000008003f0c                _realloc_r
 .text._sbrk_r  0x00000000080042e8       0x24 /opt/gcc/gcc-arm-none-eabi-10.3-2021.10/bin/../lib/gcc/arm-none-eabi/10.3.1/../../../../arm-none-eabi/lib/thumb/v7-m/nofp/libc.a(lib_a-sbrkr.o)
                0x00000000080042e8                _sbrk_r
 .text.raise    0x000000000800430c       0x5c /opt/gcc/gcc-arm-none-eabi-10.3-2021.10/bin/../lib/gcc/arm-none-eabi/10.3.1/../../../../arm-none-eabi/lib/thumb/v7-m/nofp/libc.a(lib_a-signal.o)
                0x000000000800430c                raise
 .text._kill_r  0x0000000008004368       0x28 /opt/gcc/gcc-arm-none-eabi-10.3-2021.10/bin/../lib/gcc/arm-none-eabi/10.3.1/../../../../arm-none-eabi/lib/thumb/v7-m/nofp/libc.a(lib_a-signalr.o)
                0x0000000008004368                _kill_r
 .text._getpid_r
                0x0000000008004390        0x4 /opt/gcc/gcc-arm-none-eabi-10.3-2021.10/bin/../lib/gcc/arm-none-eabi/10.3.1/../../../../arm-none-eabi/lib/thumb/v7-m/nofp/libc.a(lib_a-signalr.o)
                0x0000000008004390                _getpid_r
 .text.__sread  0x0000000008004394       0x24 /opt/gcc/gcc-arm-none-eabi-10.3-2021.10/bin/../lib/gcc/arm-none-eabi/10.3.1/../../../../arm-none-eabi/lib/thumb/v7-m/nofp/libc.a(lib_a-stdio.o)
                0x0000000008004394                __sread
 .text.__swrite
                0x00000000080043b8       0x40 /opt/gcc/gcc-arm-none-eabi-10.3-2021.10/bin/../lib/gcc/arm-none-eabi/10.3.1/../../../../arm-none-eabi/lib/thumb/v7-m/nofp/libc.a(lib_a-stdio.o)
                0x00000000080043b8                __swrite
 .text.__sseek  0x00000000080043f8       0x20 /opt/gcc/gcc-arm-none-eabi-10.3-2021.10/bin/../lib/gcc/arm-none-eabi/10.3.1/../../../../arm-none-eabi/lib/thumb/v7-m/nofp/libc.a(lib_a-stdio.o)
                0x00000000080043f8                __sseek
 .text.__sclose
                0x0000000008004418        0x8 /opt/gcc/gcc-arm-none-eabi-10.3-2021.10/bin/../lib/gcc/arm-none-eabi/10.3.1/../../../../arm-none-eabi/lib/thumb/v7-m/nofp/libc.a(lib_a-stdio.o)
                0x0000000008004418                __sclose
 .text          0x0000000008004420      0x1bc /opt/gcc/gcc-arm-none-eabi-10.3-2021.10/bin/../lib/gcc/arm-none-eabi/10.3.1/../../../../arm-none-eabi/lib/thumb/v7-m/nofp/libc.a(lib_a-strcmp.o)
                0x0000000008004420                strcmp
 .text.strlen   0x00000000080045dc       0x5c /opt/gcc/gcc-arm-none-eabi-10.3-2021.10/bin/../lib/gcc/arm-none-eabi/10.3.1/../../../../arm-none-eabi/lib/thumb/v7-m/nofp/libc.a(lib_a-strlen-stub.o)
                0x00000000080045dc                strlen
 .text._vfprintf_r
                0x0000000008004638     0x1b58 /opt/gcc/gcc-arm-none-eabi-10.3-2021.10/bin/../lib/gcc/arm-none-eabi/10.3.1/../../../../arm-none-eabi/lib/thumb/v7-m/nofp/libc.a(lib_a-vfprintf.o)
                0x0000000008004638                _vfprintf_r
 .text.__sbprintf
                0x0000000008006190       0x84 /opt/gcc/gcc-arm-none-eabi-10.3-2021.10/bin/../lib/gcc/arm-none-eabi/10.3.1/../../../../arm-none-eabi/lib/thumb/v7-m/nofp/libc.a(lib_a-vfprintf.o)
 .text.__swbuf_r
                0x0000000008006214       0xb0 /opt/gcc/gcc-arm-none-eabi-10.3-2021.10/bin/../lib/gcc/arm-none-eabi/10.3.1/../../../../arm-none-eabi/lib/thumb/v7-m/nofp/libc.a(lib_a-wbuf.o)
                0x0000000008006214                __swbuf_r
 .text._write_r
                0x00000000080062c4       0x2c /opt/gcc/gcc-arm-none-eabi-10.3-2021.10/bin/../lib/gcc/arm-none-eabi/10.3.1/../../../../arm-none-eabi/lib/thumb/v7-m/nofp/libc.a(lib_a-writer.o)
                0x00000000080062c4                _write_r
 .text.__swsetup_r
                0x00000000080062f0       0xd4 /opt/gcc/gcc-arm-none-eabi-10.3-2021.10/bin/../lib/gcc/arm-none-eabi/10.3.1/../../../../arm-none-eabi/lib/thumb/v7-m/nofp/libc.a(lib_a-wsetup.o)
                0x00000000080062f0                __swsetup_r
 .text._close_r
                0x00000000080063c4       0x24 /opt/gcc/gcc-arm-none-eabi-10.3-2021.10/bin/../lib/gcc/arm-none-eabi/10.3.1/../../../../arm-none-eabi/lib/thumb/v7-m/nofp/libc.a(lib_a-closer.o)
                0x00000000080063c4                _close_r
 .text.quorem   0x00000000080063e8      0x12c /opt/gcc/gcc-arm-none-eabi-10.3-2021.10/bin/../lib/gcc/arm-none-eabi/10.3.1/../../../../arm-none-eabi/lib/thumb/v7-m/nofp/libc.a(lib_a-dtoa.o)
 *fill*         0x0000000008006514        0x4 
 .text._dtoa_r  0x0000000008006518      0xecc /opt/gcc/gcc-arm-none-eabi-10.3-2021.10/bin/../lib/gcc/arm-none-eabi/10.3.1/../../../../arm-none-eabi/lib/thumb/v7-m/nofp/libc.a(lib_a-dtoa.o)
                0x0000000008006518                _dtoa_r
 .text._fclose_r
                0x00000000080073e4       0xcc /opt/gcc/gcc-arm-none-eabi-10.3-2021.10/bin/../lib/gcc/arm-none-eabi/10.3.1/../../../../arm-none-eabi/lib/thumb/v7-m/nofp/libc.a(lib_a-fclose.o)
                0x00000000080073e4                _fclose_r
 .text._localeconv_r
                0x00000000080074b0        0x8 /opt/gcc/gcc-arm-none-eabi-10.3-2021.10/bin/../lib/gcc/arm-none-eabi/10.3.1/../../../../arm-none-eabi/lib/thumb/v7-m/nofp/libc.a(lib_a-localeconv.o)
                0x00000000080074b0                _localeconv_r
 .text._lseek_r
                0x00000000080074b8       0x2c /opt/gcc/gcc-arm-none-eabi-10.3-2021.10/bin/../lib/gcc/arm-none-eabi/10.3.1/../../../../arm-none-eabi/lib/thumb/v7-m/nofp/libc.a(lib_a-lseekr.o)
                0x00000000080074b8                _lseek_r
 .text.__smakebuf_r
                0x00000000080074e4       0xe0 /opt/gcc/gcc-arm-none-eabi-10.3-2021.10/bin/../lib/gcc/arm-none-eabi/10.3.1/../../../../arm-none-eabi/lib/thumb/v7-m/nofp/libc.a(lib_a-makebuf.o)
                0x00000000080074e4                __smakebuf_r
 .text._Balloc  0x00000000080075c4       0x4c /opt/gcc/gcc-arm-none-eabi-10.3-2021.10/bin/../lib/gcc/arm-none-eabi/10.3.1/../../../../arm-none-eabi/lib/thumb/v7-m/nofp/libc.a(lib_a-mprec.o)
                0x00000000080075c4                _Balloc
 .text._Bfree   0x0000000008007610       0x14 /opt/gcc/gcc-arm-none-eabi-10.3-2021.10/bin/../lib/gcc/arm-none-eabi/10.3.1/../../../../arm-none-eabi/lib/thumb/v7-m/nofp/libc.a(lib_a-mprec.o)
                0x0000000008007610                _Bfree
 .text.__multadd
                0x0000000008007624       0xa4 /opt/gcc/gcc-arm-none-eabi-10.3-2021.10/bin/../lib/gcc/arm-none-eabi/10.3.1/../../../../arm-none-eabi/lib/thumb/v7-m/nofp/libc.a(lib_a-mprec.o)
                0x0000000008007624                __multadd
 .text.__hi0bits
                0x00000000080076c8       0x40 /opt/gcc/gcc-arm-none-eabi-10.3-2021.10/bin/../lib/gcc/arm-none-eabi/10.3.1/../../../../arm-none-eabi/lib/thumb/v7-m/nofp/libc.a(lib_a-mprec.o)
                0x00000000080076c8                __hi0bits
 .text.__lo0bits
                0x0000000008007708       0x58 /opt/gcc/gcc-arm-none-eabi-10.3-2021.10/bin/../lib/gcc/arm-none-eabi/10.3.1/../../../../arm-none-eabi/lib/thumb/v7-m/nofp/libc.a(lib_a-mprec.o)
                0x0000000008007708                __lo0bits
 .text.__i2b    0x0000000008007760       0x5c /opt/gcc/gcc-arm-none-eabi-10.3-2021.10/bin/../lib/gcc/arm-none-eabi/10.3.1/../../../../arm-none-eabi/lib/thumb/v7-m/nofp/libc.a(lib_a-mprec.o)
                0x0000000008007760                __i2b
 .text.__multiply
                0x00000000080077bc      0x15c /opt/gcc/gcc-arm-none-eabi-10.3-2021.10/bin/../lib/gcc/arm-none-eabi/10.3.1/../../../../arm-none-eabi/lib/thumb/v7-m/nofp/libc.a(lib_a-mprec.o)
                0x00000000080077bc                __multiply
 .text.__pow5mult
                0x0000000008007918       0xb8 /opt/gcc/gcc-arm-none-eabi-10.3-2021.10/bin/../lib/gcc/arm-none-eabi/10.3.1/../../../../arm-none-eabi/lib/thumb/v7-m/nofp/libc.a(lib_a-mprec.o)
                0x0000000008007918                __pow5mult
 .text.__lshift
                0x00000000080079d0       0xec /opt/gcc/gcc-arm-none-eabi-10.3-2021.10/bin/../lib/gcc/arm-none-eabi/10.3.1/../../../../arm-none-eabi/lib/thumb/v7-m/nofp/libc.a(lib_a-mprec.o)
                0x00000000080079d0                __lshift
 .text.__mcmp   0x0000000008007abc       0x40 /opt/gcc/gcc-arm-none-eabi-10.3-2021.10/bin/../lib/gcc/arm-none-eabi/10.3.1/../../../../arm-none-eabi/lib/thumb/v7-m/nofp/libc.a(lib_a-mprec.o)
                0x0000000008007abc                __mcmp
 .text.__mdiff  0x0000000008007afc      0x14c /opt/gcc/gcc-arm-none-eabi-10.3-2021.10/bin/../lib/gcc/arm-none-eabi/10.3.1/../../../../arm-none-eabi/lib/thumb/v7-m/nofp/libc.a(lib_a-mprec.o)
                0x0000000008007afc                __mdiff
 .text.__d2b    0x0000000008007c48       0xc4 /opt/gcc/gcc-arm-none-eabi-10.3-2021.10/bin/../lib/gcc/arm-none-eabi/10.3.1/../../../../arm-none-eabi/lib/thumb/v7-m/nofp/libc.a(lib_a-mprec.o)
                0x0000000008007c48                __d2b
 .text._read_r  0x0000000008007d0c       0x2c /opt/gcc/gcc-arm-none-eabi-10.3-2021.10/bin/../lib/gcc/arm-none-eabi/10.3.1/../../../../arm-none-eabi/lib/thumb/v7-m/nofp/libc.a(lib_a-readr.o)
                0x0000000008007d0c                _read_r
 .text.frexp    0x0000000008007d38       0x70 /opt/gcc/gcc-arm-none-eabi-10.3-2021.10/bin/../lib/gcc/arm-none-eabi/10.3.1/../../../../arm-none-eabi/lib/thumb/v7-m/nofp/libc.a(lib_a-s_frexp.o)
                0x0000000008007d38                frexp
 .text.strncpy  0x0000000008007da8       0x68 /opt/gcc/gcc-arm-none-eabi-10.3-2021.10/bin/../lib/gcc/arm-none-eabi/10.3.1/../../../../arm-none-eabi/lib/thumb/v7-m/nofp/libc.a(lib_a-strncpy.o)
                0x0000000008007da8                strncpy
 .text.__sprint_r.part.0
                0x0000000008007e10       0x78 /opt/gcc/gcc-arm-none-eabi-10.3-2021.10/bin/../lib/gcc/arm-none-eabi/10.3.1/../../../../arm-none-eabi/lib/thumb/v7-m/nofp/libc.a(lib_a-vfiprintf.o)
 .text.__sprint_r
                0x0000000008007e88       0x14 /opt/gcc/gcc-arm-none-eabi-10.3-2021.10/bin/../lib/gcc/arm-none-eabi/10.3.1/../../../../arm-none-eabi/lib/thumb/v7-m/nofp/libc.a(lib_a-vfiprintf.o)
                0x0000000008007e88                __sprint_r
 .text._vfiprintf_r
                0x0000000008007e9c      0xd98 /opt/gcc/gcc-arm-none-eabi-10.3-2021.10/bin/../lib/gcc/arm-none-eabi/10.3.1/../../../../arm-none-eabi/lib/thumb/v7-m/nofp/libc.a(lib_a-vfiprintf.o)
                0x0000000008007e9c                _vfiprintf_r
 .text.__sbprintf
                0x0000000008008c34       0x84 /opt/gcc/gcc-arm-none-eabi-10.3-2021.10/bin/../lib/gcc/arm-none-eabi/10.3.1/../../../../arm-none-eabi/lib/thumb/v7-m/nofp/libc.a(lib_a-vfiprintf.o)
 .text.__assert_func
                0x0000000008008cb8       0x40 /opt/gcc/gcc-arm-none-eabi-10.3-2021.10/bin/../lib/gcc/arm-none-eabi/10.3.1/../../../../arm-none-eabi/lib/thumb/v7-m/nofp/libc.a(lib_a-assert.o)
                0x0000000008008cb8                __assert_func
 .text._calloc_r
                0x0000000008008cf8       0x78 /opt/gcc/gcc-arm-none-eabi-10.3-2021.10/bin/../lib/gcc/arm-none-eabi/10.3.1/../../../../arm-none-eabi/lib/thumb/v7-m/nofp/libc.a(lib_a-callocr.o)
                0x0000000008008cf8                _calloc_r
 .text.fiprintf
                0x0000000008008d70       0x28 /opt/gcc/gcc-arm-none-eabi-10.3-2021.10/bin/../lib/gcc/arm-none-eabi/10.3.1/../../../../arm-none-eabi/lib/thumb/v7-m/nofp/libc.a(lib_a-fiprintf.o)
                0x0000000008008d70                fiprintf
 .text.__fputwc
                0x0000000008008d98       0xa0 /opt/gcc/gcc-arm-none-eabi-10.3-2021.10/bin/../lib/gcc/arm-none-eabi/10.3.1/../../../../arm-none-eabi/lib/thumb/v7-m/nofp/libc.a(lib_a-fputwc.o)
                0x0000000008008d98                __fputwc
 .text._fputwc_r
                0x0000000008008e38       0x68 /opt/gcc/gcc-arm-none-eabi-10.3-2021.10/bin/../lib/gcc/arm-none-eabi/10.3.1/../../../../arm-none-eabi/lib/thumb/v7-m/nofp/libc.a(lib_a-fputwc.o)
                0x0000000008008e38                _fputwc_r
 .text._fstat_r
                0x0000000008008ea0       0x28 /opt/gcc/gcc-arm-none-eabi-10.3-2021.10/bin/../lib/gcc/arm-none-eabi/10.3.1/../../../../arm-none-eabi/lib/thumb/v7-m/nofp/libc.a(lib_a-fstatr.o)
                0x0000000008008ea0                _fstat_r
 .text._isatty_r
                0x0000000008008ec8       0x24 /opt/gcc/gcc-arm-none-eabi-10.3-2021.10/bin/../lib/gcc/arm-none-eabi/10.3.1/../../../../arm-none-eabi/lib/thumb/v7-m/nofp/libc.a(lib_a-isattyr.o)
                0x0000000008008ec8                _isatty_r
 .text.__locale_mb_cur_max
                0x0000000008008eec        0xc /opt/gcc/gcc-arm-none-eabi-10.3-2021.10/bin/../lib/gcc/arm-none-eabi/10.3.1/../../../../arm-none-eabi/lib/thumb/v7-m/nofp/libc.a(lib_a-locale.o)
                0x0000000008008eec                __locale_mb_cur_max
 .text.__ascii_mbtowc
                0x0000000008008ef8       0x2c /opt/gcc/gcc-arm-none-eabi-10.3-2021.10/bin/../lib/gcc/arm-none-eabi/10.3.1/../../../../arm-none-eabi/lib/thumb/v7-m/nofp/libc.a(lib_a-mbtowc_r.o)
                0x0000000008008ef8                __ascii_mbtowc
 .text._wcrtomb_r
                0x0000000008008f24       0x3c /opt/gcc/gcc-arm-none-eabi-10.3-2021.10/bin/../lib/gcc/arm-none-eabi/10.3.1/../../../../arm-none-eabi/lib/thumb/v7-m/nofp/libc.a(lib_a-wcrtomb.o)
                0x0000000008008f24                _wcrtomb_r
 .text.__ascii_wctomb
                0x0000000008008f60       0x1c /opt/gcc/gcc-arm-none-eabi-10.3-2021.10/bin/../lib/gcc/arm-none-eabi/10.3.1/../../../../arm-none-eabi/lib/thumb/v7-m/nofp/libc.a(lib_a-wctomb_r.o)
                0x0000000008008f60                __ascii_wctomb
 .text          0x0000000008008f7c      0x378 /opt/gcc/gcc-arm-none-eabi-10.3-2021.10/bin/../lib/gcc/arm-none-eabi/10.3.1/thumb/v7-m/nofp/libgcc.a(_arm_addsubdf3.o)
                0x0000000008008f7c                __aeabi_drsub
                0x0000000008008f84                __aeabi_dsub
                0x0000000008008f84                __subdf3
                0x0000000008008f88                __adddf3
                0x0000000008008f88                __aeabi_dadd
                0x0000000008009200                __aeabi_ui2d
                0x0000000008009200                __floatunsidf
                0x0000000008009220                __floatsidf
                0x0000000008009220                __aeabi_i2d
                0x0000000008009244                __extendsfdf2
                0x0000000008009244                __aeabi_f2d
                0x0000000008009288                __aeabi_ul2d
                0x0000000008009288                __floatundidf
                0x0000000008009298                __floatdidf
                0x0000000008009298                __aeabi_l2d
 .text          0x00000000080092f4      0x424 /opt/gcc/gcc-arm-none-eabi-10.3-2021.10/bin/../lib/gcc/arm-none-eabi/10.3.1/thumb/v7-m/nofp/libgcc.a(_arm_muldivdf3.o)
                0x00000000080092f4                __aeabi_dmul
                0x00000000080092f4                __muldf3
                0x0000000008009548                __aeabi_ddiv
                0x0000000008009548                __divdf3
 .text          0x0000000008009718      0x110 /opt/gcc/gcc-arm-none-eabi-10.3-2021.10/bin/../lib/gcc/arm-none-eabi/10.3.1/thumb/v7-m/nofp/libgcc.a(_arm_cmpdf2.o)
                0x0000000008009718                __gtdf2
                0x0000000008009718                __gedf2
                0x0000000008009720                __ltdf2
                0x0000000008009720                __ledf2
                0x0000000008009728                __cmpdf2
                0x0000000008009728                __eqdf2
                0x0000000008009728                __nedf2
                0x00000000080097a4                __aeabi_cdrcmple
                0x00000000080097b4                __aeabi_cdcmple
                0x00000000080097b4                __aeabi_cdcmpeq
                0x00000000080097c4                __aeabi_dcmpeq
                0x00000000080097d8                __aeabi_dcmplt
                0x00000000080097ec                __aeabi_dcmple
                0x0000000008009800                __aeabi_dcmpge
                0x0000000008009814                __aeabi_dcmpgt
 .text          0x0000000008009828       0x2c /opt/gcc/gcc-arm-none-eabi-10.3-2021.10/bin/../lib/gcc/arm-none-eabi/10.3.1/thumb/v7-m/nofp/libgcc.a(_arm_unorddf2.o)
                0x0000000008009828                __aeabi_dcmpun
                0x0000000008009828                __unorddf2
 .text          0x0000000008009854       0x50 /opt/gcc/gcc-arm-none-eabi-10.3-2021.10/bin/../lib/gcc/arm-none-eabi/10.3.1/thumb/v7-m/nofp/libgcc.a(_arm_fixdfsi.o)
                0x0000000008009854                __fixdfsi
                0x0000000008009854                __aeabi_d2iz
 .text          0x00000000080098a4       0x30 /opt/gcc/gcc-arm-none-eabi-10.3-2021.10/bin/../lib/gcc/arm-none-eabi/10.3.1/thumb/v7-m/nofp/libgcc.a(_aeabi_uldivmod.o)
                0x00000000080098a4                __aeabi_uldivmod
 .text          0x00000000080098d4      0x2d4 /opt/gcc/gcc-arm-none-eabi-10.3-2021.10/bin/../lib/gcc/arm-none-eabi/10.3.1/thumb/v7-m/nofp/libgcc.a(_udivmoddi4.o)
                0x00000000080098d4                __udivmoddi4
 .text          0x0000000008009ba8        0x4 /opt/gcc/gcc-arm-none-eabi-10.3-2021.10/bin/../lib/gcc/arm-none-eabi/10.3.1/thumb/v7-m/nofp/libgcc.a(_dvmd_tls.o)
                0x0000000008009ba8                __aeabi_ldiv0
                0x0000000008009ba8                __aeabi_idiv0
 .text._close   0x0000000008009bac       0x10 /opt/gcc/gcc-arm-none-eabi-10.3-2021.10/bin/../lib/gcc/arm-none-eabi/10.3.1/../../../../arm-none-eabi/lib/thumb/v7-m/nofp/libnosys.a(close.o)
                0x0000000008009bac                _close
 .text._fstat   0x0000000008009bbc       0x10 /opt/gcc/gcc-arm-none-eabi-10.3-2021.10/bin/../lib/gcc/arm-none-eabi/10.3.1/../../../../arm-none-eabi/lib/thumb/v7-m/nofp/libnosys.a(fstat.o)
                0x0000000008009bbc                _fstat
 .text._getpid  0x0000000008009bcc       0x10 /opt/gcc/gcc-arm-none-eabi-10.3-2021.10/bin/../lib/gcc/arm-none-eabi/10.3.1/../../../../arm-none-eabi/lib/thumb/v7-m/nofp/libnosys.a(getpid.o)
                0x0000000008009bcc                _getpid
 .text._isatty  0x0000000008009bdc       0x10 /opt/gcc/gcc-arm-none-eabi-10.3-2021.10/bin/../lib/gcc/arm-none-eabi/10.3.1/../../../../arm-none-eabi/lib/thumb/v7-m/nofp/libnosys.a(isatty.o)
                0x0000000008009bdc                _isatty
 .text._kill    0x0000000008009bec       0x10 /opt/gcc/gcc-arm-none-eabi-10.3-2021.10/bin/../lib/gcc/arm-none-eabi/10.3.1/../../../../arm-none-eabi/lib/thumb/v7-m/nofp/libnosys.a(kill.o)
                0x0000000008009bec                _kill
 .text._lseek   0x0000000008009bfc       0x10 /opt/gcc/gcc-arm-none-eabi-10.3-2021.10/bin/../lib/gcc/arm-none-eabi/10.3.1/../../../../arm-none-eabi/lib/thumb/v7-m/nofp/libnosys.a(lseek.o)
                0x0000000008009bfc                _lseek
 .text._read    0x0000000008009c0c       0x10 /opt/gcc/gcc-arm-none-eabi-10.3-2021.10/bin/../lib/gcc/arm-none-eabi/10.3.1/../../../../arm-none-eabi/lib/thumb/v7-m/nofp/libnosys.a(read.o)
                0x0000000008009c0c                _read
 .text._sbrk    0x0000000008009c1c       0x1c /opt/gcc/gcc-arm-none-eabi-10.3-2021.10/bin/../lib/gcc/arm-none-eabi/10.3.1/../../../../arm-none-eabi/lib/thumb/v7-m/nofp/libnosys.a(sbrk.o)
                0x0000000008009c1c                _sbrk
 .text._exit    0x0000000008009c38        0x4 /opt/gcc/gcc-arm-none-eabi-10.3-2021.10/bin/../lib/gcc/arm-none-eabi/10.3.1/../../../../arm-none-eabi/lib/thumb/v7-m/nofp/libnosys.a(_exit.o)
                0x0000000008009c38                _exit
                0x0000000008009c3c                . = ALIGN (0x4)
 *(.rodata*)
 .rodata.console_help.str1.1
                0x0000000008009c3c       0x1b console.o
 .rodata.console_echo.str1.1
                0x0000000008009c57        0x4 console.o
 .rodata.console_unknown.str1.1
                0x0000000008009c5b       0x15 console.o
 .rodata.console_init.str1.1
                0x0000000008009c70        0x3 console.o
 .rodata.console_run.str1.1
                0x0000000008009c73       0x13 console.o
 .rodata.str1.1
                0x0000000008009c86        0xa console.o
 .rodata.cmd_echo
                0x0000000008009c90        0x8 console.o
 .rodata.cmd_help
                0x0000000008009c98        0x8 console.o
 .rodata.cmd_unknown
                0x0000000008009ca0        0x8 console.o
 .rodata.i2c_ctx_is_timed_out.str1.1
                0x0000000008009ca8       0x1a i2c_ctx.o
 .rodata.str1.1
                0x0000000008009cc2       0xc2 i2c_ctx.o
 .rodata.i2c_sr1_desc
                0x0000000008009d84       0x80 i2c_ctx.o
 .rodata.fregdump_single.str1.1
                0x0000000008009e04       0x1d regdump.o
 .rodata.do_reboot.str1.1
                0x0000000008009e21       0x11 i2c-stm32f1-usb.o
 .rodata.do_id.str1.1
                0x0000000008009e32       0x11 i2c-stm32f1-usb.o
                                          0x4 (size before relaxing)
 .rodata.main.str1.1
                0x0000000008009e32        0xa i2c-stm32f1-usb.o
 .rodata.str1.1
                0x0000000008009e3c       0x30 i2c-stm32f1-usb.o
 .rodata.cmds   0x0000000008009e6c       0x10 i2c-stm32f1-usb.o
 .rodata.config
                0x0000000008009e7c        0xd i2c-stm32f1-usb.o
 .rodata.dev    0x0000000008009e89       0x12 i2c-stm32f1-usb.o
 .rodata.gpio_endpoint
                0x0000000008009e9b        0xf i2c-stm32f1-usb.o
                0x0000000008009e9b                gpio_endpoint
 .rodata.gpio_iface
                0x0000000008009eaa       0x15 i2c-stm32f1-usb.o
                0x0000000008009eaa                gpio_iface
 .rodata.i2c_endpoint
                0x0000000008009ebf        0xf i2c-stm32f1-usb.o
                0x0000000008009ebf                i2c_endpoint
 .rodata.i2c_iface
                0x0000000008009ece       0x15 i2c-stm32f1-usb.o
                0x0000000008009ece                i2c_iface
 *fill*         0x0000000008009ee3        0x1 
 .rodata.ifaces
                0x0000000008009ee4       0x20 i2c-stm32f1-usb.o
                0x0000000008009ee4                ifaces
 .rodata.desig_get_unique_id_as_string.str1.1
                0x0000000008009f04       0x11 /home/maddocks/USB-GPIO/i2c-star-stm32f411ceu6-blackpill/libopencm3/lib/libopencm3_stm32f1.a(desig_common_all.o)
 *fill*         0x0000000008009f15        0x3 
 .rodata.rcc_hse_configs
                0x0000000008009f18       0x8c /home/maddocks/USB-GPIO/i2c-star-stm32f411ceu6-blackpill/libopencm3/lib/libopencm3_stm32f1.a(rcc.o)
                0x0000000008009f18                rcc_hse_configs
 .rodata.st_usbfs_v1_usb_driver
                0x0000000008009fa4       0x34 /home/maddocks/USB-GPIO/i2c-star-stm32f411ceu6-blackpill/libopencm3/lib/libopencm3_stm32f1.a(st_usbfs_v1.o)
                0x0000000008009fa4                st_usbfs_v1_usb_driver
 .rodata._ctype_
                0x0000000008009fd8      0x101 /opt/gcc/gcc-arm-none-eabi-10.3-2021.10/bin/../lib/gcc/arm-none-eabi/10.3.1/../../../../arm-none-eabi/lib/thumb/v7-m/nofp/libc.a(lib_a-ctype_.o)
                0x0000000008009fd8                _ctype_
 *fill*         0x000000000800a0d9        0x3 
 .rodata._global_impure_ptr
                0x000000000800a0dc        0x4 /opt/gcc/gcc-arm-none-eabi-10.3-2021.10/bin/../lib/gcc/arm-none-eabi/10.3.1/../../../../arm-none-eabi/lib/thumb/v7-m/nofp/libc.a(lib_a-impure.o)
                0x000000000800a0dc                _global_impure_ptr
 .rodata._puts_r.str1.4
                0x000000000800a0e0        0x2 /opt/gcc/gcc-arm-none-eabi-10.3-2021.10/bin/../lib/gcc/arm-none-eabi/10.3.1/../../../../arm-none-eabi/lib/thumb/v7-m/nofp/libc.a(lib_a-puts.o)
 *fill*         0x000000000800a0e2        0x2 
 .rodata._vfprintf_r.str1.4
                0x000000000800a0e4       0x42 /opt/gcc/gcc-arm-none-eabi-10.3-2021.10/bin/../lib/gcc/arm-none-eabi/10.3.1/../../../../arm-none-eabi/lib/thumb/v7-m/nofp/libc.a(lib_a-vfprintf.o)
 *fill*         0x000000000800a126        0x2 
 .rodata.blanks.1
                0x000000000800a128       0x10 /opt/gcc/gcc-arm-none-eabi-10.3-2021.10/bin/../lib/gcc/arm-none-eabi/10.3.1/../../../../arm-none-eabi/lib/thumb/v7-m/nofp/libc.a(lib_a-vfprintf.o)
 .rodata.zeroes.0
                0x000000000800a138       0x10 /opt/gcc/gcc-arm-none-eabi-10.3-2021.10/bin/../lib/gcc/arm-none-eabi/10.3.1/../../../../arm-none-eabi/lib/thumb/v7-m/nofp/libc.a(lib_a-vfprintf.o)
 .rodata._dtoa_r.str1.4
                0x000000000800a148       0xab /opt/gcc/gcc-arm-none-eabi-10.3-2021.10/bin/../lib/gcc/arm-none-eabi/10.3.1/../../../../arm-none-eabi/lib/thumb/v7-m/nofp/libc.a(lib_a-dtoa.o)
                                         0xaf (size before relaxing)
 *fill*         0x000000000800a1f3        0x1 
 .rodata.__multadd.str1.4
                0x000000000800a1f4       0x88 /opt/gcc/gcc-arm-none-eabi-10.3-2021.10/bin/../lib/gcc/arm-none-eabi/10.3.1/../../../../arm-none-eabi/lib/thumb/v7-m/nofp/libc.a(lib_a-mprec.o)
                                         0x9c (size before relaxing)
 *fill*         0x000000000800a27c        0x4 
 .rodata.__mprec_bigtens
                0x000000000800a280       0x28 /opt/gcc/gcc-arm-none-eabi-10.3-2021.10/bin/../lib/gcc/arm-none-eabi/10.3.1/../../../../arm-none-eabi/lib/thumb/v7-m/nofp/libc.a(lib_a-mprec.o)
                0x000000000800a280                __mprec_bigtens
 .rodata.__mprec_tens
                0x000000000800a2a8       0xc8 /opt/gcc/gcc-arm-none-eabi-10.3-2021.10/bin/../lib/gcc/arm-none-eabi/10.3.1/../../../../arm-none-eabi/lib/thumb/v7-m/nofp/libc.a(lib_a-mprec.o)
                0x000000000800a2a8                __mprec_tens
 .rodata.p05.0  0x000000000800a370        0xc /opt/gcc/gcc-arm-none-eabi-10.3-2021.10/bin/../lib/gcc/arm-none-eabi/10.3.1/../../../../arm-none-eabi/lib/thumb/v7-m/nofp/libc.a(lib_a-mprec.o)
 .rodata._vfiprintf_r.str1.4
                0x000000000800a37c       0x2f /opt/gcc/gcc-arm-none-eabi-10.3-2021.10/bin/../lib/gcc/arm-none-eabi/10.3.1/../../../../arm-none-eabi/lib/thumb/v7-m/nofp/libc.a(lib_a-vfiprintf.o)
 .rodata.blanks.1
                0x000000000800a37c       0x10 /opt/gcc/gcc-arm-none-eabi-10.3-2021.10/bin/../lib/gcc/arm-none-eabi/10.3.1/../../../../arm-none-eabi/lib/thumb/v7-m/nofp/libc.a(lib_a-vfiprintf.o)
 .rodata.zeroes.0
                0x000000000800a38c       0x10 /opt/gcc/gcc-arm-none-eabi-10.3-2021.10/bin/../lib/gcc/arm-none-eabi/10.3.1/../../../../arm-none-eabi/lib/thumb/v7-m/nofp/libc.a(lib_a-vfiprintf.o)
 .rodata.__assert_func.str1.4
                0x000000000800a39c       0x3f /opt/gcc/gcc-arm-none-eabi-10.3-2021.10/bin/../lib/gcc/arm-none-eabi/10.3.1/../../../../arm-none-eabi/lib/thumb/v7-m/nofp/libc.a(lib_a-assert.o)
                                         0x43 (size before relaxing)
 *fill*         0x000000000800a3db        0x1 
 .rodata._setlocale_r.str1.4
                0x000000000800a3dc        0xa /opt/gcc/gcc-arm-none-eabi-10.3-2021.10/bin/../lib/gcc/arm-none-eabi/10.3.1/../../../../arm-none-eabi/lib/thumb/v7-m/nofp/libc.a(lib_a-locale.o)
                                          0xd (size before relaxing)
 *fill*         0x000000000800a3e6        0x2 
 .rodata.str1.4
                0x000000000800a3e8        0x2 /opt/gcc/gcc-arm-none-eabi-10.3-2021.10/bin/../lib/gcc/arm-none-eabi/10.3.1/../../../../arm-none-eabi/lib/thumb/v7-m/nofp/libc.a(lib_a-locale.o)
                0x000000000800a3ec                . = ALIGN (0x4)
 *fill*         0x000000000800a3ea        0x2 

.glue_7         0x000000000800a3ec        0x0
 .glue_7        0x000000000800a3ec        0x0 linker stubs

.glue_7t        0x000000000800a3ec        0x0
 .glue_7t       0x000000000800a3ec        0x0 linker stubs

.vfp11_veneer   0x000000000800a3ec        0x0
 .vfp11_veneer  0x000000000800a3ec        0x0 linker stubs

.v4_bx          0x000000000800a3ec        0x0
 .v4_bx         0x000000000800a3ec        0x0 linker stubs

.iplt           0x000000000800a3ec        0x0
 .iplt          0x000000000800a3ec        0x0 console.o

.preinit_array  0x000000000800a3ec        0x0
                0x000000000800a3ec                . = ALIGN (0x4)
                0x000000000800a3ec                __preinit_array_start = .
 *(.preinit_array)
                0x000000000800a3ec                __preinit_array_end = .

.init_array     0x000000000800a3ec        0x0
                0x000000000800a3ec                . = ALIGN (0x4)
                0x000000000800a3ec                __init_array_start = .
 *(SORT_BY_NAME(.init_array.*))
 *(.init_array)
                0x000000000800a3ec                __init_array_end = .

.fini_array     0x000000000800a3ec        0x0
                0x000000000800a3ec                . = ALIGN (0x4)
                0x000000000800a3ec                __fini_array_start = .
 *(.fini_array)
 *(SORT_BY_NAME(.fini_array.*))
                0x000000000800a3ec                __fini_array_end = .

.ARM.extab
 *(.ARM.extab*)

.ARM.exidx      0x000000000800a3ec        0x8
                0x000000000800a3ec                __exidx_start = .
 *(.ARM.exidx*)
 .ARM.exidx     0x000000000800a3ec        0x8 /opt/gcc/gcc-arm-none-eabi-10.3-2021.10/bin/../lib/gcc/arm-none-eabi/10.3.1/thumb/v7-m/nofp/libgcc.a(_udivmoddi4.o)
                0x000000000800a3f4                __exidx_end = .

.rel.dyn        0x000000000800a3f4        0x0
 .rel.iplt      0x000000000800a3f4        0x0 console.o
                0x000000000800a3f4                . = ALIGN (0x4)
                0x000000000800a3f4                _etext = .

.noinit
 *(.noinit*)
                0x000000000800a3f4                . = ALIGN (0x4)

.data           0x0000000020000000      0xa94 load address 0x000000000800a3f4
                0x0000000020000000                _data = .
 *(.data*)
 .data.cmd_table
                0x0000000020000000       0x80 console.o
 .data.outring  0x0000000020000080       0x10 console_stm32.o
 .data.kernel   0x0000000020000090       0x34 fibre.o
 .data.irqtype  0x00000000200000c4        0x4 i2c-stm32f1-usb.o
                0x00000000200000c4                irqtype
 .data.usb_strings
                0x00000000200000c8        0x8 i2c-stm32f1-usb.o
 .data.usb_task
                0x00000000200000d0       0x10 i2c-stm32f1-usb.o
 .data.rcc_ahb_frequency
                0x00000000200000e0        0x4 /home/maddocks/USB-GPIO/i2c-star-stm32f411ceu6-blackpill/libopencm3/lib/libopencm3_stm32f1.a(rcc.o)
                0x00000000200000e0                rcc_ahb_frequency
 .data.rcc_apb1_frequency
                0x00000000200000e4        0x4 /home/maddocks/USB-GPIO/i2c-star-stm32f411ceu6-blackpill/libopencm3/lib/libopencm3_stm32f1.a(rcc.o)
                0x00000000200000e4                rcc_apb1_frequency
 .data.rcc_apb2_frequency
                0x00000000200000e8        0x4 /home/maddocks/USB-GPIO/i2c-star-stm32f411ceu6-blackpill/libopencm3/lib/libopencm3_stm32f1.a(rcc.o)
                0x00000000200000e8                rcc_apb2_frequency
 .data._impure_ptr
                0x00000000200000ec        0x4 /opt/gcc/gcc-arm-none-eabi-10.3-2021.10/bin/../lib/gcc/arm-none-eabi/10.3.1/../../../../arm-none-eabi/lib/thumb/v7-m/nofp/libc.a(lib_a-impure.o)
                0x00000000200000ec                _impure_ptr
 .data.impure_data
                0x00000000200000f0      0x428 /opt/gcc/gcc-arm-none-eabi-10.3-2021.10/bin/../lib/gcc/arm-none-eabi/10.3.1/../../../../arm-none-eabi/lib/thumb/v7-m/nofp/libc.a(lib_a-impure.o)
 .data.__malloc_av_
                0x0000000020000518      0x408 /opt/gcc/gcc-arm-none-eabi-10.3-2021.10/bin/../lib/gcc/arm-none-eabi/10.3.1/../../../../arm-none-eabi/lib/thumb/v7-m/nofp/libc.a(lib_a-mallocr.o)
                0x0000000020000518                __malloc_av_
 .data.__malloc_sbrk_base
                0x0000000020000920        0x4 /opt/gcc/gcc-arm-none-eabi-10.3-2021.10/bin/../lib/gcc/arm-none-eabi/10.3.1/../../../../arm-none-eabi/lib/thumb/v7-m/nofp/libc.a(lib_a-mallocr.o)
                0x0000000020000920                __malloc_sbrk_base
 .data.__malloc_trim_threshold
                0x0000000020000924        0x4 /opt/gcc/gcc-arm-none-eabi-10.3-2021.10/bin/../lib/gcc/arm-none-eabi/10.3.1/../../../../arm-none-eabi/lib/thumb/v7-m/nofp/libc.a(lib_a-mallocr.o)
                0x0000000020000924                __malloc_trim_threshold
 .data.__global_locale
                0x0000000020000928      0x16c /opt/gcc/gcc-arm-none-eabi-10.3-2021.10/bin/../lib/gcc/arm-none-eabi/10.3.1/../../../../arm-none-eabi/lib/thumb/v7-m/nofp/libc.a(lib_a-locale.o)
                0x0000000020000928                __global_locale
 *(.ramtext*)
                0x0000000020000a94                . = ALIGN (0x4)
                0x0000000020000a94                _edata = .
                0x000000000800a3f4                _data_loadaddr = LOADADDR (.data)

.igot.plt       0x0000000020000a94        0x0 load address 0x000000000800ae88
 .igot.plt      0x0000000020000a94        0x0 console.o

.bss            0x0000000020000a98      0x704 load address 0x000000000800ae88
 *(.bss*)
 .bss.cmd.0     0x0000000020000a98        0x4 console.o
 .bss.locked.1  0x0000000020000a9c        0x1 console.o
 *fill*         0x0000000020000a9d        0x3 
 .bss.console   0x0000000020000aa0        0x4 console_stm32.o
 .bss.outbuf    0x0000000020000aa4      0x400 console_stm32.o
 .bss.atomic_runq_buf
                0x0000000020000ea4       0x20 fibre.o
 *fill*         0x0000000020000ec4        0x4 
 .bss.sys_tick_counter
                0x0000000020000ec8        0x8 time_libopencm3.o
 .bss.buft.2    0x0000000020000ed0        0x4 i2c-stm32f1-usb.o
 .bss.reply_buf.0
                0x0000000020000ed4       0x40 i2c-stm32f1-usb.o
 .bss.status    0x0000000020000f14        0x1 i2c-stm32f1-usb.o
 *fill*         0x0000000020000f15        0x3 
 .bss.t.1       0x0000000020000f18        0x4 i2c-stm32f1-usb.o
 .bss.uart_console
                0x0000000020000f1c       0xa8 i2c-stm32f1-usb.o
 .bss.usbd_control_buffer
                0x0000000020000fc4       0x80 i2c-stm32f1-usb.o
                0x0000000020000fc4                usbd_control_buffer
 .bss.usbd_dev  0x0000000020001044        0x4 i2c-stm32f1-usb.o
 .bss.st_usbfs_dev
                0x0000000020001048      0x104 /home/maddocks/USB-GPIO/i2c-star-stm32f411ceu6-blackpill/libopencm3/lib/libopencm3_stm32f1.a(st_usbfs_core.o)
                0x0000000020001048                st_usbfs_dev
 .bss.st_usbfs_force_nak
                0x000000002000114c        0x8 /home/maddocks/USB-GPIO/i2c-star-stm32f411ceu6-blackpill/libopencm3/lib/libopencm3_stm32f1.a(st_usbfs_core.o)
                0x000000002000114c                st_usbfs_force_nak
 .bss.__lock___malloc_recursive_mutex
                0x0000000020001154        0x1 /opt/gcc/gcc-arm-none-eabi-10.3-2021.10/bin/../lib/gcc/arm-none-eabi/10.3.1/../../../../arm-none-eabi/lib/thumb/v7-m/nofp/libc.a(lib_a-lock.o)
                0x0000000020001154                __lock___malloc_recursive_mutex
 *fill*         0x0000000020001155        0x3 
 .bss.__lock___sfp_recursive_mutex
                0x0000000020001158        0x1 /opt/gcc/gcc-arm-none-eabi-10.3-2021.10/bin/../lib/gcc/arm-none-eabi/10.3.1/../../../../arm-none-eabi/lib/thumb/v7-m/nofp/libc.a(lib_a-lock.o)
                0x0000000020001158                __lock___sfp_recursive_mutex
 *fill*         0x0000000020001159        0x3 
 .bss.__lock___sinit_recursive_mutex
                0x000000002000115c        0x1 /opt/gcc/gcc-arm-none-eabi-10.3-2021.10/bin/../lib/gcc/arm-none-eabi/10.3.1/../../../../arm-none-eabi/lib/thumb/v7-m/nofp/libc.a(lib_a-lock.o)
                0x000000002000115c                __lock___sinit_recursive_mutex
 *fill*         0x000000002000115d        0x3 
 .bss.__malloc_current_mallinfo
                0x0000000020001160       0x28 /opt/gcc/gcc-arm-none-eabi-10.3-2021.10/bin/../lib/gcc/arm-none-eabi/10.3.1/../../../../arm-none-eabi/lib/thumb/v7-m/nofp/libc.a(lib_a-mallocr.o)
                0x0000000020001160                __malloc_current_mallinfo
 .bss.__malloc_max_sbrked_mem
                0x0000000020001188        0x4 /opt/gcc/gcc-arm-none-eabi-10.3-2021.10/bin/../lib/gcc/arm-none-eabi/10.3.1/../../../../arm-none-eabi/lib/thumb/v7-m/nofp/libc.a(lib_a-mallocr.o)
                0x0000000020001188                __malloc_max_sbrked_mem
 .bss.__malloc_max_total_mem
                0x000000002000118c        0x4 /opt/gcc/gcc-arm-none-eabi-10.3-2021.10/bin/../lib/gcc/arm-none-eabi/10.3.1/../../../../arm-none-eabi/lib/thumb/v7-m/nofp/libc.a(lib_a-mallocr.o)
                0x000000002000118c                __malloc_max_total_mem
 .bss.__malloc_top_pad
                0x0000000020001190        0x4 /opt/gcc/gcc-arm-none-eabi-10.3-2021.10/bin/../lib/gcc/arm-none-eabi/10.3.1/../../../../arm-none-eabi/lib/thumb/v7-m/nofp/libc.a(lib_a-mallocr.o)
                0x0000000020001190                __malloc_top_pad
 .bss.errno     0x0000000020001194        0x4 /opt/gcc/gcc-arm-none-eabi-10.3-2021.10/bin/../lib/gcc/arm-none-eabi/10.3.1/../../../../arm-none-eabi/lib/thumb/v7-m/nofp/libc.a(lib_a-reent.o)
                0x0000000020001194                errno
 .bss.heap_end.0
                0x0000000020001198        0x4 /opt/gcc/gcc-arm-none-eabi-10.3-2021.10/bin/../lib/gcc/arm-none-eabi/10.3.1/../../../../arm-none-eabi/lib/thumb/v7-m/nofp/libnosys.a(sbrk.o)
 *(COMMON)
                0x000000002000119c                . = ALIGN (0x4)
                0x000000002000119c                _ebss = .

/DISCARD/
 *(.eh_frame)
                0x000000002000119c                . = ALIGN (0x4)
                0x000000002000119c                end = .
                0x0000000020005000                PROVIDE (_stack = (ORIGIN (ram) + LENGTH (ram)))
OUTPUT(i2c-stm32f1-usb.elf elf32-littlearm)
LOAD linker stubs

.debug_info     0x0000000000000000    0x12318
 .debug_info    0x0000000000000000     0x155f console.o
 .debug_info    0x000000000000155f     0x1262 console_stm32.o
 .debug_info    0x00000000000027c1      0xfd2 i2c_ctx.o
 .debug_info    0x0000000000003793      0x241 bitops.o
 .debug_info    0x00000000000039d4      0xd50 fibre.o
 .debug_info    0x0000000000004724       0xd0 fibre_default.o
 .debug_info    0x00000000000047f4      0x558 list.o
 .debug_info    0x0000000000004d4c      0x3ad messageq.o
 .debug_info    0x00000000000050f9      0xbb6 regdump.o
 .debug_info    0x0000000000005caf      0x437 ringbuf.o
 .debug_info    0x00000000000060e6      0x16d time_libopencm3.o
 .debug_info    0x0000000000006253      0x27b util.o
 .debug_info    0x00000000000064ce     0x27a4 i2c-stm32f1-usb.o
 .debug_info    0x0000000000008c72      0x244 /home/maddocks/USB-GPIO/i2c-star-stm32f411ceu6-blackpill/libopencm3/lib/libopencm3_stm32f1.a(desig_common_all.o)
 .debug_info    0x0000000000008eb6       0xe7 /home/maddocks/USB-GPIO/i2c-star-stm32f411ceu6-blackpill/libopencm3/lib/libopencm3_stm32f1.a(desig_common_v1.o)
 .debug_info    0x0000000000008f9d      0x241 /home/maddocks/USB-GPIO/i2c-star-stm32f411ceu6-blackpill/libopencm3/lib/libopencm3_stm32f1.a(exti_common_all.o)
 .debug_info    0x00000000000091de      0x210 /home/maddocks/USB-GPIO/i2c-star-stm32f411ceu6-blackpill/libopencm3/lib/libopencm3_stm32f1.a(gpio.o)
 .debug_info    0x00000000000093ee      0x266 /home/maddocks/USB-GPIO/i2c-star-stm32f411ceu6-blackpill/libopencm3/lib/libopencm3_stm32f1.a(gpio_common_all.o)
 .debug_info    0x0000000000009654      0xc3b /home/maddocks/USB-GPIO/i2c-star-stm32f411ceu6-blackpill/libopencm3/lib/libopencm3_stm32f1.a(i2c_common_v1.o)
 .debug_info    0x000000000000a28f     0x1574 /home/maddocks/USB-GPIO/i2c-star-stm32f411ceu6-blackpill/libopencm3/lib/libopencm3_stm32f1.a(rcc.o)
 .debug_info    0x000000000000b803      0x63d /home/maddocks/USB-GPIO/i2c-star-stm32f411ceu6-blackpill/libopencm3/lib/libopencm3_stm32f1.a(rcc_common_all.o)
 .debug_info    0x000000000000be40      0x5a4 /home/maddocks/USB-GPIO/i2c-star-stm32f411ceu6-blackpill/libopencm3/lib/libopencm3_stm32f1.a(usart_common_all.o)
 .debug_info    0x000000000000c3e4      0x19e /home/maddocks/USB-GPIO/i2c-star-stm32f411ceu6-blackpill/libopencm3/lib/libopencm3_stm32f1.a(usart_common_f124.o)
 .debug_info    0x000000000000c582      0xf7e /home/maddocks/USB-GPIO/i2c-star-stm32f411ceu6-blackpill/libopencm3/lib/libopencm3_stm32f1.a(usb.o)
 .debug_info    0x000000000000d500      0xfe3 /home/maddocks/USB-GPIO/i2c-star-stm32f411ceu6-blackpill/libopencm3/lib/libopencm3_stm32f1.a(usb_control.o)
 .debug_info    0x000000000000e4e3     0x168c /home/maddocks/USB-GPIO/i2c-star-stm32f411ceu6-blackpill/libopencm3/lib/libopencm3_stm32f1.a(usb_standard.o)
 .debug_info    0x000000000000fb6f      0xd9c /home/maddocks/USB-GPIO/i2c-star-stm32f411ceu6-blackpill/libopencm3/lib/libopencm3_stm32f1.a(st_usbfs_v1.o)
 .debug_info    0x000000000001090b      0x2dd /home/maddocks/USB-GPIO/i2c-star-stm32f411ceu6-blackpill/libopencm3/lib/libopencm3_stm32f1.a(vector.o)
 .debug_info    0x0000000000010be8      0x280 /home/maddocks/USB-GPIO/i2c-star-stm32f411ceu6-blackpill/libopencm3/lib/libopencm3_stm32f1.a(systick.o)
 .debug_info    0x0000000000010e68       0xde /home/maddocks/USB-GPIO/i2c-star-stm32f411ceu6-blackpill/libopencm3/lib/libopencm3_stm32f1.a(scb.o)
 .debug_info    0x0000000000010f46      0x251 /home/maddocks/USB-GPIO/i2c-star-stm32f411ceu6-blackpill/libopencm3/lib/libopencm3_stm32f1.a(nvic.o)
 .debug_info    0x0000000000011197       0xf6 /home/maddocks/USB-GPIO/i2c-star-stm32f411ceu6-blackpill/libopencm3/lib/libopencm3_stm32f1.a(flash_common_all.o)
 .debug_info    0x000000000001128d     0x108b /home/maddocks/USB-GPIO/i2c-star-stm32f411ceu6-blackpill/libopencm3/lib/libopencm3_stm32f1.a(st_usbfs_core.o)

.debug_abbrev   0x0000000000000000     0x3f39
 .debug_abbrev  0x0000000000000000      0x49c console.o
 .debug_abbrev  0x000000000000049c      0x309 console_stm32.o
 .debug_abbrev  0x00000000000007a5      0x315 i2c_ctx.o
 .debug_abbrev  0x0000000000000aba       0xde bitops.o
 .debug_abbrev  0x0000000000000b98      0x2fc fibre.o
 .debug_abbrev  0x0000000000000e94       0x64 fibre_default.o
 .debug_abbrev  0x0000000000000ef8      0x1ab list.o
 .debug_abbrev  0x00000000000010a3      0x14a messageq.o
 .debug_abbrev  0x00000000000011ed      0x29e regdump.o
 .debug_abbrev  0x000000000000148b      0x172 ringbuf.o
 .debug_abbrev  0x00000000000015fd       0xe1 time_libopencm3.o
 .debug_abbrev  0x00000000000016de      0x15a util.o
 .debug_abbrev  0x0000000000001838      0x519 i2c-stm32f1-usb.o
 .debug_abbrev  0x0000000000001d51       0xdd /home/maddocks/USB-GPIO/i2c-star-stm32f411ceu6-blackpill/libopencm3/lib/libopencm3_stm32f1.a(desig_common_all.o)
 .debug_abbrev  0x0000000000001e2e       0x91 /home/maddocks/USB-GPIO/i2c-star-stm32f411ceu6-blackpill/libopencm3/lib/libopencm3_stm32f1.a(desig_common_v1.o)
 .debug_abbrev  0x0000000000001ebf      0x102 /home/maddocks/USB-GPIO/i2c-star-stm32f411ceu6-blackpill/libopencm3/lib/libopencm3_stm32f1.a(exti_common_all.o)
 .debug_abbrev  0x0000000000001fc1       0xd0 /home/maddocks/USB-GPIO/i2c-star-stm32f411ceu6-blackpill/libopencm3/lib/libopencm3_stm32f1.a(gpio.o)
 .debug_abbrev  0x0000000000002091      0x116 /home/maddocks/USB-GPIO/i2c-star-stm32f411ceu6-blackpill/libopencm3/lib/libopencm3_stm32f1.a(gpio_common_all.o)
 .debug_abbrev  0x00000000000021a7      0x316 /home/maddocks/USB-GPIO/i2c-star-stm32f411ceu6-blackpill/libopencm3/lib/libopencm3_stm32f1.a(i2c_common_v1.o)
 .debug_abbrev  0x00000000000024bd      0x282 /home/maddocks/USB-GPIO/i2c-star-stm32f411ceu6-blackpill/libopencm3/lib/libopencm3_stm32f1.a(rcc.o)
 .debug_abbrev  0x000000000000273f      0x17c /home/maddocks/USB-GPIO/i2c-star-stm32f411ceu6-blackpill/libopencm3/lib/libopencm3_stm32f1.a(rcc_common_all.o)
 .debug_abbrev  0x00000000000028bb      0x129 /home/maddocks/USB-GPIO/i2c-star-stm32f411ceu6-blackpill/libopencm3/lib/libopencm3_stm32f1.a(usart_common_all.o)
 .debug_abbrev  0x00000000000029e4       0xb5 /home/maddocks/USB-GPIO/i2c-star-stm32f411ceu6-blackpill/libopencm3/lib/libopencm3_stm32f1.a(usart_common_f124.o)
 .debug_abbrev  0x0000000000002a99      0x27c /home/maddocks/USB-GPIO/i2c-star-stm32f411ceu6-blackpill/libopencm3/lib/libopencm3_stm32f1.a(usb.o)
 .debug_abbrev  0x0000000000002d15      0x3a8 /home/maddocks/USB-GPIO/i2c-star-stm32f411ceu6-blackpill/libopencm3/lib/libopencm3_stm32f1.a(usb_control.o)
 .debug_abbrev  0x00000000000030bd      0x4a9 /home/maddocks/USB-GPIO/i2c-star-stm32f411ceu6-blackpill/libopencm3/lib/libopencm3_stm32f1.a(usb_standard.o)
 .debug_abbrev  0x0000000000003566      0x277 /home/maddocks/USB-GPIO/i2c-star-stm32f411ceu6-blackpill/libopencm3/lib/libopencm3_stm32f1.a(st_usbfs_v1.o)
 .debug_abbrev  0x00000000000037dd      0x145 /home/maddocks/USB-GPIO/i2c-star-stm32f411ceu6-blackpill/libopencm3/lib/libopencm3_stm32f1.a(vector.o)
 .debug_abbrev  0x0000000000003922      0x155 /home/maddocks/USB-GPIO/i2c-star-stm32f411ceu6-blackpill/libopencm3/lib/libopencm3_stm32f1.a(systick.o)
 .debug_abbrev  0x0000000000003a77       0x89 /home/maddocks/USB-GPIO/i2c-star-stm32f411ceu6-blackpill/libopencm3/lib/libopencm3_stm32f1.a(scb.o)
 .debug_abbrev  0x0000000000003b00       0xb5 /home/maddocks/USB-GPIO/i2c-star-stm32f411ceu6-blackpill/libopencm3/lib/libopencm3_stm32f1.a(nvic.o)
 .debug_abbrev  0x0000000000003bb5       0x97 /home/maddocks/USB-GPIO/i2c-star-stm32f411ceu6-blackpill/libopencm3/lib/libopencm3_stm32f1.a(flash_common_all.o)
 .debug_abbrev  0x0000000000003c4c      0x2ed /home/maddocks/USB-GPIO/i2c-star-stm32f411ceu6-blackpill/libopencm3/lib/libopencm3_stm32f1.a(st_usbfs_core.o)

.debug_loc      0x0000000000000000     0x802e
 .debug_loc     0x0000000000000000      0x6e3 console.o
 .debug_loc     0x00000000000006e3      0x149 console_stm32.o
 .debug_loc     0x000000000000082c      0xa02 i2c_ctx.o
 .debug_loc     0x000000000000122e      0x331 bitops.o
 .debug_loc     0x000000000000155f      0x67c fibre.o
 .debug_loc     0x0000000000001bdb      0x30b list.o
 .debug_loc     0x0000000000001ee6      0x302 messageq.o
 .debug_loc     0x00000000000021e8      0x260 regdump.o
 .debug_loc     0x0000000000002448      0x3a0 ringbuf.o
 .debug_loc     0x00000000000027e8      0x109 util.o
 .debug_loc     0x00000000000028f1     0x1886 i2c-stm32f1-usb.o
 .debug_loc     0x0000000000004177      0x1cc /home/maddocks/USB-GPIO/i2c-star-stm32f411ceu6-blackpill/libopencm3/lib/libopencm3_stm32f1.a(desig_common_all.o)
 .debug_loc     0x0000000000004343       0x33 /home/maddocks/USB-GPIO/i2c-star-stm32f411ceu6-blackpill/libopencm3/lib/libopencm3_stm32f1.a(desig_common_v1.o)
 .debug_loc     0x0000000000004376      0x15c /home/maddocks/USB-GPIO/i2c-star-stm32f411ceu6-blackpill/libopencm3/lib/libopencm3_stm32f1.a(exti_common_all.o)