Archive member included to satisfy reference by file (symbol)

../../libopencm3//lib/libopencm3_stm32f1.a(desig_common_all.o)
                              i2c-stm32f1-usb.o (desig_get_unique_id_as_string)
../../libopencm3//lib/libopencm3_stm32f1.a(desig_common_v1.o)
                              ../../libopencm3//lib/libopencm3_stm32f1.a(desig_common_all.o) (desig_get_unique_id)
../../libopencm3//lib/libopencm3_stm32f1.a(exti_common_all.o)
                              i2c-stm32f1-usb.o (exti_set_trigger)
../../libopencm3//lib/libopencm3_stm32f1.a(gpio.o)
                              console_stm32.o (gpio_set_mode)
../../libopencm3//lib/libopencm3_stm32f1.a(gpio_common_all.o)
                              i2c_ctx.o (gpio_set)
../../libopencm3//lib/libopencm3_stm32f1.a(i2c_common_v1.o)
                              i2c_ctx.o (i2c_peripheral_enable)
../../libopencm3//lib/libopencm3_stm32f1.a(rcc.o)
                              i2c-stm32f1-usb.o (rcc_clock_setup_pll)
../../libopencm3//lib/libopencm3_stm32f1.a(rcc_common_all.o)
                              console_stm32.o (rcc_periph_clock_enable)
../../libopencm3//lib/libopencm3_stm32f1.a(usart_common_all.o)
                              console_stm32.o (usart_set_baudrate)
../../libopencm3//lib/libopencm3_stm32f1.a(usart_common_f124.o)
                              console_stm32.o (usart_send)
../../libopencm3//lib/libopencm3_stm32f1.a(usb.o)
                              i2c-stm32f1-usb.o (usbd_init)
../../libopencm3//lib/libopencm3_stm32f1.a(usb_control.o)
                              i2c-stm32f1-usb.o (usbd_register_control_callback)
../../libopencm3//lib/libopencm3_stm32f1.a(usb_standard.o)
                              i2c-stm32f1-usb.o (usbd_register_set_config_callback)
../../libopencm3//lib/libopencm3_stm32f1.a(st_usbfs_v1.o)
                              i2c-stm32f1-usb.o (st_usbfs_v1_usb_driver)
../../libopencm3//lib/libopencm3_stm32f1.a(vector.o)
                              (reset_handler)
../../libopencm3//lib/libopencm3_stm32f1.a(systick.o)
                              time_libopencm3.o (systick_set_reload)
../../libopencm3//lib/libopencm3_stm32f1.a(scb.o)
                              i2c-stm32f1-usb.o (scb_reset_system)
../../libopencm3//lib/libopencm3_stm32f1.a(nvic.o)
                              console_stm32.o (nvic_enable_irq)
../../libopencm3//lib/libopencm3_stm32f1.a(assert.o)
                              ../../libopencm3//lib/libopencm3_stm32f1.a(rcc.o) (cm3_assert_failed)
../../libopencm3//lib/libopencm3_stm32f1.a(flash_common_all.o)
                              ../../libopencm3//lib/libopencm3_stm32f1.a(rcc.o) (flash_set_ws)
../../libopencm3//lib/libopencm3_stm32f1.a(st_usbfs_core.o)
                              ../../libopencm3//lib/libopencm3_stm32f1.a(st_usbfs_v1.o) (st_usbfs_set_address)
/usr/lib/gcc/arm-none-eabi/9.2.1/../../../arm-none-eabi/lib/thumb/v7-m/nofp/libc.a(lib_a-abort.o)
                              util.o (abort)
/usr/lib/gcc/arm-none-eabi/9.2.1/../../../arm-none-eabi/lib/thumb/v7-m/nofp/libc.a(lib_a-ctype_.o)
                              console.o (_ctype_)
/usr/lib/gcc/arm-none-eabi/9.2.1/../../../arm-none-eabi/lib/thumb/v7-m/nofp/libc.a(lib_a-errno.o)
                              console_stm32.o (__errno)
/usr/lib/gcc/arm-none-eabi/9.2.1/../../../arm-none-eabi/lib/thumb/v7-m/nofp/libc.a(lib_a-fflush.o)
                              console.o (fflush)
/usr/lib/gcc/arm-none-eabi/9.2.1/../../../arm-none-eabi/lib/thumb/v7-m/nofp/libc.a(lib_a-findfp.o)
                              /usr/lib/gcc/arm-none-eabi/9.2.1/../../../arm-none-eabi/lib/thumb/v7-m/nofp/libc.a(lib_a-fflush.o) (__sinit)
/usr/lib/gcc/arm-none-eabi/9.2.1/../../../arm-none-eabi/lib/thumb/v7-m/nofp/libc.a(lib_a-fprintf.o)
                              console.o (fprintf)
/usr/lib/gcc/arm-none-eabi/9.2.1/../../../arm-none-eabi/lib/thumb/v7-m/nofp/libc.a(lib_a-fputc.o)
                              console.o (fputc)
/usr/lib/gcc/arm-none-eabi/9.2.1/../../../arm-none-eabi/lib/thumb/v7-m/nofp/libc.a(lib_a-fputs.o)
                              console.o (fputs)
/usr/lib/gcc/arm-none-eabi/9.2.1/../../../arm-none-eabi/lib/thumb/v7-m/nofp/libc.a(lib_a-freer.o)
                              /usr/lib/gcc/arm-none-eabi/9.2.1/../../../arm-none-eabi/lib/thumb/v7-m/nofp/libc.a(lib_a-fflush.o) (_free_r)
/usr/lib/gcc/arm-none-eabi/9.2.1/../../../arm-none-eabi/lib/thumb/v7-m/nofp/libc.a(lib_a-fvwrite.o)
                              /usr/lib/gcc/arm-none-eabi/9.2.1/../../../arm-none-eabi/lib/thumb/v7-m/nofp/libc.a(lib_a-fputs.o) (__sfvwrite_r)
/usr/lib/gcc/arm-none-eabi/9.2.1/../../../arm-none-eabi/lib/thumb/v7-m/nofp/libc.a(lib_a-fwalk.o)
                              /usr/lib/gcc/arm-none-eabi/9.2.1/../../../arm-none-eabi/lib/thumb/v7-m/nofp/libc.a(lib_a-findfp.o) (_fwalk)
/usr/lib/gcc/arm-none-eabi/9.2.1/../../../arm-none-eabi/lib/thumb/v7-m/nofp/libc.a(lib_a-impure.o)
[...]
Memory Configuration

Name             Origin             Length             Attributes
rom              0x0000000008002000 0x000000000001e000 xr
ram              0x0000000020000000 0x0000000000005000 xrw
*default*        0x0000000000000000 0xffffffffffffffff

Linker script and memory map

LOAD console.o
LOAD console_stm32.o
LOAD i2c_ctx.o
LOAD bitops.o
LOAD fibre.o
LOAD fibre_default.o
LOAD list.o
LOAD messageq.o
LOAD regdump.o
LOAD ringbuf.o
LOAD time_libopencm3.o
LOAD util.o
LOAD i2c-stm32f1-usb.o
LOAD ../../libopencm3//lib/libopencm3_stm32f1.a
START GROUP
LOAD /usr/lib/gcc/arm-none-eabi/9.2.1/../../../arm-none-eabi/lib/thumb/v7-m/nofp/libc.a
LOAD /usr/lib/gcc/arm-none-eabi/9.2.1/thumb/v7-m/nofp/libgcc.a
LOAD /usr/lib/gcc/arm-none-eabi/9.2.1/../../../arm-none-eabi/lib/thumb/v7-m/nofp/libnosys.a
END GROUP
START GROUP
LOAD /usr/lib/gcc/arm-none-eabi/9.2.1/thumb/v7-m/nofp/libgcc.a
LOAD /usr/lib/gcc/arm-none-eabi/9.2.1/../../../arm-none-eabi/lib/thumb/v7-m/nofp/libc.a
END GROUP

.text           0x0000000008002000     0x9fcc
 *(.vectors)
 .vectors       0x0000000008002000      0x150 ../../libopencm3//lib/libopencm3_stm32f1.a(vector.o)
                0x0000000008002000                vector_table
 *(.text*)
 .text.console_echo
                0x0000000008002150       0x34 console.o
 .text.do_prompt
                0x0000000008002184       0x28 console.o
 .text.console_unknown
                0x00000000080021ac       0x1c console.o
 .text.console_help
                0x00000000080021c8       0x80 console.o
 .text.console_init
                0x0000000008002248       0x44 console.o
                0x0000000008002248                console_init
 .text.console_register
                0x000000000800228c       0x50 console.o
                0x000000000800228c                console_register
 .text.console_putchar
                0x00000000080022dc       0x14 console.o
                0x00000000080022dc                console_putchar
 .text.console_run
                0x00000000080022f0      0x180 console.o
                0x00000000080022f0                console_run
 .text.console_fibre_endpoint
                0x0000000008002470        0x8 console.o
 .text.console_hwinit
                0x0000000008002478       0x98 console_stm32.o
                0x0000000008002478                console_hwinit
 .text.usart3_isr
                0x0000000008002510       0x80 console_stm32.o
                0x0000000008002510                usart3_isr
 .text._write   0x0000000008002590       0x60 console_stm32.o
                0x0000000008002590                _write
 .text.i2c_ctx_is_timed_out
                0x00000000080025f0       0x3c i2c_ctx.o
 .text.i2c_ctx_init
                0x000000000800262c       0x1e i2c_ctx.o
                0x000000000800262c                i2c_ctx_init
 *fill*         0x000000000800264a        0x2 
 .text.i2c_ctx_reset
                0x000000000800264c       0x68 i2c_ctx.o
                0x000000000800264c                i2c_ctx_reset
 .text.i2c_ctx_start
                0x00000000080026b4       0x44 i2c_ctx.o
                0x00000000080026b4                i2c_ctx_start
 .text.i2c_ctx_sendaddr
                0x00000000080026f8       0x90 i2c_ctx.o
                0x00000000080026f8                i2c_ctx_sendaddr
 .text.i2c_ctx_senddata
                0x0000000008002788       0x58 i2c_ctx.o
                0x0000000008002788                i2c_ctx_senddata
 .text.i2c_ctx_getdata
                0x00000000080027e0       0x60 i2c_ctx.o
                0x00000000080027e0                i2c_ctx_getdata
 .text.i2c_ctx_stop
                0x0000000008002840       0x46 i2c_ctx.o
                0x0000000008002840                i2c_ctx_stop
 .text.bitcnt   0x0000000008002886       0x2a bitops.o
                0x0000000008002886                bitcnt
 .text.ctz      0x00000000080028b0        0xa bitops.o
                0x00000000080028b0                ctz
 .text.duetime_cmp
                0x00000000080028ba        0xc fibre.o
 .text.messageq_empty
                0x00000000080028c6       0x1a fibre.o
 .text.fibre_init
                0x00000000080028e0        0xc fibre.o
                0x00000000080028e0                fibre_init
 .text.fibre_run
                0x00000000080028ec       0x34 fibre.o
                0x00000000080028ec                fibre_run
 .text.handle_atomic_runq
                0x0000000008002920       0x24 fibre.o
 .text.fibre_scheduler_next
                0x0000000008002944       0xfc fibre.o
                0x0000000008002944                fibre_scheduler_next
 .text.fibre_run_atomic
                0x0000000008002a40       0x40 fibre.o
                0x0000000008002a40                fibre_run_atomic
 .text.fibre_timeout
                0x0000000008002a80       0x48 fibre.o
                0x0000000008002a80                fibre_timeout
 .text.fibre_scheduler_main_loop
                0x0000000008002ac8        0xc fibre_default.o
                0x0000000008002ac8                fibre_scheduler_main_loop
 .text.list_insert
                0x0000000008002ad4       0x10 list.o
                0x0000000008002ad4                list_insert
 .text.list_extract
                0x0000000008002ae4       0x10 list.o
                0x0000000008002ae4                list_extract
 .text.list_iterate
                0x0000000008002af4        0x8 list.o
                0x0000000008002af4                list_iterate
 .text.list_iterator_next
                0x0000000008002afc        0xe list.o
                0x0000000008002afc                list_iterator_next
 .text.list_iterator_insert
                0x0000000008002b0a       0x10 list.o
                0x0000000008002b0a                list_iterator_insert
 .text.list_insert_sorted
                0x0000000008002b1a       0x46 list.o
                0x0000000008002b1a                list_insert_sorted
 .text.list_iterator_remove
                0x0000000008002b60       0x1a list.o
                0x0000000008002b60                list_iterator_remove
 .text.list_contains
                0x0000000008002b7a       0x24 list.o
                0x0000000008002b7a                list_contains
 .text.list_remove
                0x0000000008002b9e       0x18 list.o
                0x0000000008002b9e                list_remove
 .text.messageq_claim
                0x0000000008002bb6       0x7c messageq.o
                0x0000000008002bb6                messageq_claim
 .text.messageq_send
                0x0000000008002c32       0x2c messageq.o
                0x0000000008002c32                messageq_send
 .text.messageq_receive
                0x0000000008002c5e       0x48 messageq.o
                0x0000000008002c5e                messageq_receive
 .text.messageq_release
                0x0000000008002ca6       0x1a messageq.o
                0x0000000008002ca6                messageq_release
 .text.fregdump_single
                0x0000000008002cc0       0x58 regdump.o
                0x0000000008002cc0                fregdump_single
 .text.fregdump
                0x0000000008002d18       0x20 regdump.o
                0x0000000008002d18                fregdump
 .text.regdump  0x0000000008002d38       0x14 regdump.o
                0x0000000008002d38                regdump
 .text.ringbuf_init
                0x0000000008002d4c        0xc ringbuf.o
                0x0000000008002d4c                ringbuf_init
 .text.ringbuf_get
                0x0000000008002d58       0x3a ringbuf.o
                0x0000000008002d58                ringbuf_get
 .text.ringbuf_put
                0x0000000008002d92       0x3a ringbuf.o
                0x0000000008002d92                ringbuf_put
 .text.time_init
                0x0000000008002dcc       0x1c time_libopencm3.o
                0x0000000008002dcc                time_init
 .text.sys_tick_handler
                0x0000000008002de8       0x18 time_libopencm3.o
                0x0000000008002de8                sys_tick_handler
 .text.time_now
                0x0000000008002e00        0xc time_libopencm3.o
                0x0000000008002e00                time_now
 .text.cyclecmp32
                0x0000000008002e0c        0x4 util.o
                0x0000000008002e0c                cyclecmp32
 .text.my_delay_1
                0x0000000008002e10       0x10 i2c-stm32f1-usb.o
 .text.cdcacm_control_request
                0x0000000008002e20       0x1c i2c-stm32f1-usb.o
 .text.usb_fibre
                0x0000000008002e3c       0xbc i2c-stm32f1-usb.o
 .text.usb_set_config
                0x0000000008002ef8       0x88 i2c-stm32f1-usb.o
 .text.cdcacm_data_rx_cb
                0x0000000008002f80       0x22 i2c-stm32f1-usb.o
 *fill*         0x0000000008002fa2        0x2 
 .text.do_reboot
                0x0000000008002fa4       0x38 i2c-stm32f1-usb.o
 .text.do_id    0x0000000008002fdc       0x24 i2c-stm32f1-usb.o
 .text.usb_control_request
                0x0000000008003000      0x150 i2c-stm32f1-usb.o
 .text.irq_pin_init
                0x0000000008003150       0x4c i2c-stm32f1-usb.o
 .text.usb_control_gpio_request
                0x000000000800319c      0x308 i2c-stm32f1-usb.o
 .text.exti4_isr
                0x00000000080034a4       0x40 i2c-stm32f1-usb.o
                0x00000000080034a4                exti4_isr
 .text.startup.main
                0x00000000080034e4      0x134 i2c-stm32f1-usb.o
                0x00000000080034e4                main
 .text.desig_get_unique_id_as_string
                0x0000000008003618       0x70 ../../libopencm3//lib/libopencm3_stm32f1.a(desig_common_all.o)
                0x0000000008003618                desig_get_unique_id_as_string
 .text.desig_get_unique_id
                0x0000000008003688       0x1c ../../libopencm3//lib/libopencm3_stm32f1.a(desig_common_v1.o)
                0x0000000008003688                desig_get_unique_id
 .text.exti_set_trigger
                0x00000000080036a4       0x48 ../../libopencm3//lib/libopencm3_stm32f1.a(exti_common_all.o)
                0x00000000080036a4                exti_set_trigger
 .text.exti_enable_request
                0x00000000080036ec       0x1c ../../libopencm3//lib/libopencm3_stm32f1.a(exti_common_all.o)
                0x00000000080036ec                exti_enable_request
 .text.exti_reset_request
                0x0000000008003708        0xc ../../libopencm3//lib/libopencm3_stm32f1.a(exti_common_all.o)
                0x0000000008003708                exti_reset_request
 .text.exti_select_source
                0x0000000008003714       0xa0 ../../libopencm3//lib/libopencm3_stm32f1.a(exti_common_all.o)
                0x0000000008003714                exti_select_source
 .text.gpio_set_mode
                0x00000000080037b4       0x5e ../../libopencm3//lib/libopencm3_stm32f1.a(gpio.o)
                0x00000000080037b4                gpio_set_mode
 .text.gpio_set
                0x0000000008003812        0x4 ../../libopencm3//lib/libopencm3_stm32f1.a(gpio_common_all.o)
                0x0000000008003812                gpio_set
 .text.gpio_clear
                0x0000000008003816        0x6 ../../libopencm3//lib/libopencm3_stm32f1.a(gpio_common_all.o)
                0x0000000008003816                gpio_clear
 .text.gpio_get
                0x000000000800381c        0x6 ../../libopencm3//lib/libopencm3_stm32f1.a(gpio_common_all.o)
                0x000000000800381c                gpio_get
 .text.gpio_toggle
                0x0000000008003822       0x12 ../../libopencm3//lib/libopencm3_stm32f1.a(gpio_common_all.o)
                0x0000000008003822                gpio_toggle
 .text.i2c_peripheral_enable
                0x0000000008003834        0xa ../../libopencm3//lib/libopencm3_stm32f1.a(i2c_common_v1.o)
                0x0000000008003834                i2c_peripheral_enable
 .text.i2c_peripheral_disable
                0x000000000800383e        0xa ../../libopencm3//lib/libopencm3_stm32f1.a(i2c_common_v1.o)
                0x000000000800383e                i2c_peripheral_disable
 .text.i2c_send_start
                0x0000000008003848        0xa ../../libopencm3//lib/libopencm3_stm32f1.a(i2c_common_v1.o)
                0x0000000008003848                i2c_send_start
 .text.i2c_send_stop
                0x0000000008003852        0xa ../../libopencm3//lib/libopencm3_stm32f1.a(i2c_common_v1.o)
                0x0000000008003852                i2c_send_stop
 .text.i2c_set_own_7bit_slave_address
                0x000000000800385c        0xa ../../libopencm3//lib/libopencm3_stm32f1.a(i2c_common_v1.o)
                0x000000000800385c                i2c_set_own_7bit_slave_address
 .text.i2c_set_clock_frequency
                0x0000000008003866        0xe ../../libopencm3//lib/libopencm3_stm32f1.a(i2c_common_v1.o)
                0x0000000008003866                i2c_set_clock_frequency
 .text.i2c_send_data
                0x0000000008003874        0x4 ../../libopencm3//lib/libopencm3_stm32f1.a(i2c_common_v1.o)
                0x0000000008003874                i2c_send_data
 .text.i2c_set_ccr
                0x0000000008003878        0xc ../../libopencm3//lib/libopencm3_stm32f1.a(i2c_common_v1.o)
                0x0000000008003878                i2c_set_ccr
 .text.i2c_set_trise
                0x0000000008003884        0x4 ../../libopencm3//lib/libopencm3_stm32f1.a(i2c_common_v1.o)
                0x0000000008003884                i2c_set_trise
 .text.i2c_send_7bit_address
                0x0000000008003888        0xa ../../libopencm3//lib/libopencm3_stm32f1.a(i2c_common_v1.o)
                0x0000000008003888                i2c_send_7bit_address
 .text.i2c_get_data
                0x0000000008003892        0x6 ../../libopencm3//lib/libopencm3_stm32f1.a(i2c_common_v1.o)
                0x0000000008003892                i2c_get_data
 .text.rcc_is_osc_ready
                0x0000000008003898       0x58 ../../libopencm3//lib/libopencm3_stm32f1.a(rcc.o)
                0x0000000008003898                rcc_is_osc_ready
 .text.rcc_wait_for_osc_ready
                0x00000000080038f0       0x10 ../../libopencm3//lib/libopencm3_stm32f1.a(rcc.o)
                0x00000000080038f0                rcc_wait_for_osc_ready
 .text.rcc_osc_on
                0x0000000008003900       0x60 ../../libopencm3//lib/libopencm3_stm32f1.a(rcc.o)
                0x0000000008003900                rcc_osc_on
 .text.rcc_set_sysclk_source
                0x0000000008003960       0x14 ../../libopencm3//lib/libopencm3_stm32f1.a(rcc.o)
                0x0000000008003960                rcc_set_sysclk_source
 .text.rcc_set_pll_multiplication_factor
                0x0000000008003974       0x14 ../../libopencm3//lib/libopencm3_stm32f1.a(rcc.o)
                0x0000000008003974                rcc_set_pll_multiplication_factor
 .text.rcc_set_pll2_multiplication_factor
                0x0000000008003988       0x14 ../../libopencm3//lib/libopencm3_stm32f1.a(rcc.o)
                0x0000000008003988                rcc_set_pll2_multiplication_factor
 .text.rcc_set_pll3_multiplication_factor
                0x000000000800399c       0x14 ../../libopencm3//lib/libopencm3_stm32f1.a(rcc.o)
                0x000000000800399c                rcc_set_pll3_multiplication_factor
 .text.rcc_set_pll_source
                0x00000000080039b0       0x14 ../../libopencm3//lib/libopencm3_stm32f1.a(rcc.o)
                0x00000000080039b0                rcc_set_pll_source
 .text.rcc_set_pllxtpre
                0x00000000080039c4       0x14 ../../libopencm3//lib/libopencm3_stm32f1.a(rcc.o)
                0x00000000080039c4                rcc_set_pllxtpre
 .text.rcc_set_adcpre
                0x00000000080039d8       0x14 ../../libopencm3//lib/libopencm3_stm32f1.a(rcc.o)
                0x00000000080039d8                rcc_set_adcpre
 .text.rcc_set_ppre2
                0x00000000080039ec       0x14 ../../libopencm3//lib/libopencm3_stm32f1.a(rcc.o)
                0x00000000080039ec                rcc_set_ppre2
 .text.rcc_set_ppre1
                0x0000000008003a00       0x14 ../../libopencm3//lib/libopencm3_stm32f1.a(rcc.o)
                0x0000000008003a00                rcc_set_ppre1
 .text.rcc_set_hpre
                0x0000000008003a14       0x14 ../../libopencm3//lib/libopencm3_stm32f1.a(rcc.o)
                0x0000000008003a14                rcc_set_hpre
 .text.rcc_set_usbpre
                0x0000000008003a28       0x18 ../../libopencm3//lib/libopencm3_stm32f1.a(rcc.o)
                0x0000000008003a28                rcc_set_usbpre
 .text.rcc_set_prediv1
                0x0000000008003a40       0x14 ../../libopencm3//lib/libopencm3_stm32f1.a(rcc.o)
                0x0000000008003a40                rcc_set_prediv1
 .text.rcc_set_prediv2
                0x0000000008003a54       0x14 ../../libopencm3//lib/libopencm3_stm32f1.a(rcc.o)
                0x0000000008003a54                rcc_set_prediv2
 .text.rcc_set_prediv1_source
                0x0000000008003a68       0x18 ../../libopencm3//lib/libopencm3_stm32f1.a(rcc.o)
                0x0000000008003a68                rcc_set_prediv1_source
 .text.rcc_clock_setup_pll
                0x0000000008003a80       0xbc ../../libopencm3//lib/libopencm3_stm32f1.a(rcc.o)
                0x0000000008003a80                rcc_clock_setup_pll
 .text.rcc_periph_clock_enable
                0x0000000008003b3c       0x1c ../../libopencm3//lib/libopencm3_stm32f1.a(rcc_common_all.o)
                0x0000000008003b3c                rcc_periph_clock_enable
 .text.rcc_periph_reset_pulse
                0x0000000008003b58       0x24 ../../libopencm3//lib/libopencm3_stm32f1.a(rcc_common_all.o)
                0x0000000008003b58                rcc_periph_reset_pulse
 .text.usart_set_baudrate
                0x0000000008003b7c       0x28 ../../libopencm3//lib/libopencm3_stm32f1.a(usart_common_all.o)
                0x0000000008003b7c                usart_set_baudrate
 .text.usart_set_databits
                0x0000000008003ba4       0x12 ../../libopencm3//lib/libopencm3_stm32f1.a(usart_common_all.o)
                0x0000000008003ba4                usart_set_databits
 .text.usart_set_stopbits
                0x0000000008003bb6        0xc ../../libopencm3//lib/libopencm3_stm32f1.a(usart_common_all.o)
                0x0000000008003bb6                usart_set_stopbits
 .text.usart_set_parity
                0x0000000008003bc2        0xc ../../libopencm3//lib/libopencm3_stm32f1.a(usart_common_all.o)
                0x0000000008003bc2                usart_set_parity
 .text.usart_set_mode
                0x0000000008003bce        0xc ../../libopencm3//lib/libopencm3_stm32f1.a(usart_common_all.o)
                0x0000000008003bce                usart_set_mode
 .text.usart_set_flow_control
                0x0000000008003bda        0xc ../../libopencm3//lib/libopencm3_stm32f1.a(usart_common_all.o)
                0x0000000008003bda                usart_set_flow_control
 .text.usart_enable
                0x0000000008003be6        0xa ../../libopencm3//lib/libopencm3_stm32f1.a(usart_common_all.o)
                0x0000000008003be6                usart_enable
 .text.usart_send
                0x0000000008003bf0        0x8 ../../libopencm3//lib/libopencm3_stm32f1.a(usart_common_f124.o)
                0x0000000008003bf0                usart_send
 .text.usart_recv
                0x0000000008003bf8        0x8 ../../libopencm3//lib/libopencm3_stm32f1.a(usart_common_f124.o)
                0x0000000008003bf8                usart_recv
 .text.usbd_init
                0x0000000008003c00       0x54 ../../libopencm3//lib/libopencm3_stm32f1.a(usb.o)
                0x0000000008003c00                usbd_init
 .text.usbd_poll
                0x0000000008003c54        0x8 ../../libopencm3//lib/libopencm3_stm32f1.a(usb.o)
                0x0000000008003c54                usbd_poll
 .text.usbd_ep_setup
                0x0000000008003c5c        0xe ../../libopencm3//lib/libopencm3_stm32f1.a(usb.o)
                0x0000000008003c5c                usbd_ep_setup
 .text._usbd_reset
                0x0000000008003c6a       0x32 ../../libopencm3//lib/libopencm3_stm32f1.a(usb.o)
                0x0000000008003c6a                _usbd_reset
 .text.usbd_ep_write_packet
                0x0000000008003c9c        0xe ../../libopencm3//lib/libopencm3_stm32f1.a(usb.o)
                0x0000000008003c9c                usbd_ep_write_packet
 .text.usbd_ep_read_packet
                0x0000000008003caa        0xe ../../libopencm3//lib/libopencm3_stm32f1.a(usb.o)
                0x0000000008003caa                usbd_ep_read_packet
 .text.usbd_ep_stall_set
                0x0000000008003cb8        0x8 ../../libopencm3//lib/libopencm3_stm32f1.a(usb.o)
                0x0000000008003cb8                usbd_ep_stall_set
 .text.usbd_ep_stall_get
                0x0000000008003cc0        0x8 ../../libopencm3//lib/libopencm3_stm32f1.a(usb.o)
                0x0000000008003cc0                usbd_ep_stall_get
 .text.usb_control_send_chunk
                0x0000000008003cc8       0x52 ../../libopencm3//lib/libopencm3_stm32f1.a(usb_control.o)
 .text.usb_control_request_dispatch
                0x0000000008003d1a       0x60 ../../libopencm3//lib/libopencm3_stm32f1.a(usb_control.o)
 .text.stall_transaction
                0x0000000008003d7a       0x14 ../../libopencm3//lib/libopencm3_stm32f1.a(usb_control.o)
 .text.usb_control_recv_chunk
                0x0000000008003d8e       0x3c ../../libopencm3//lib/libopencm3_stm32f1.a(usb_control.o)
 .text.usb_control_setup_read
                0x0000000008003dca       0x66 ../../libopencm3//lib/libopencm3_stm32f1.a(usb_control.o)
 .text.usbd_register_control_callback
                0x0000000008003e30       0x2c ../../libopencm3//lib/libopencm3_stm32f1.a(usb_control.o)
                0x0000000008003e30                usbd_register_control_callback
 .text._usbd_control_setup
                0x0000000008003e5c       0x42 ../../libopencm3//lib/libopencm3_stm32f1.a(usb_control.o)
                0x0000000008003e5c                _usbd_control_setup
 .text._usbd_control_out
                0x0000000008003e9e       0x82 ../../libopencm3//lib/libopencm3_stm32f1.a(usb_control.o)
                0x0000000008003e9e                _usbd_control_out
 .text._usbd_control_in
                0x0000000008003f20       0x56 ../../libopencm3//lib/libopencm3_stm32f1.a(usb_control.o)
                0x0000000008003f20                _usbd_control_in
 .text.usb_standard_set_address
                0x0000000008003f76       0x28 ../../libopencm3//lib/libopencm3_stm32f1.a(usb_standard.o)
 .text.usb_standard_set_configuration
                0x0000000008003f9e       0x92 ../../libopencm3//lib/libopencm3_stm32f1.a(usb_standard.o)
 .text.usb_standard_get_configuration
                0x0000000008004030       0x22 ../../libopencm3//lib/libopencm3_stm32f1.a(usb_standard.o)
 .text.usb_standard_set_interface
                0x0000000008004052       0x50 ../../libopencm3//lib/libopencm3_stm32f1.a(usb_standard.o)
 .text.usb_standard_get_interface
                0x00000000080040a2       0x34 ../../libopencm3//lib/libopencm3_stm32f1.a(usb_standard.o)
 .text.usb_standard_device_get_status
                0x00000000080040d6       0x18 ../../libopencm3//lib/libopencm3_stm32f1.a(usb_standard.o)
 .text.usb_standard_endpoint_get_status
                0x00000000080040ee       0x2a ../../libopencm3//lib/libopencm3_stm32f1.a(usb_standard.o)
 .text.usb_standard_endpoint_stall
                0x0000000008004118       0x10 ../../libopencm3//lib/libopencm3_stm32f1.a(usb_standard.o)
 .text.usb_standard_endpoint_unstall
                0x0000000008004128       0x10 ../../libopencm3//lib/libopencm3_stm32f1.a(usb_standard.o)
 .text.usb_standard_get_descriptor
                0x0000000008004138      0x2a6 ../../libopencm3//lib/libopencm3_stm32f1.a(usb_standard.o)
 .text.usb_standard_interface_get_status
                0x00000000080043de       0x18 ../../libopencm3//lib/libopencm3_stm32f1.a(usb_standard.o)
 .text.usbd_register_set_config_callback
                0x00000000080043f6       0x2c ../../libopencm3//lib/libopencm3_stm32f1.a(usb_standard.o)
                0x00000000080043f6                usbd_register_set_config_callback
 *fill*         0x0000000008004422        0x2 
 .text._usbd_standard_request_device
                0x0000000008004424       0x48 ../../libopencm3//lib/libopencm3_stm32f1.a(usb_standard.o)
                0x0000000008004424                _usbd_standard_request_device
 .text._usbd_standard_request_interface
                0x000000000800446c       0x30 ../../libopencm3//lib/libopencm3_stm32f1.a(usb_standard.o)
                0x000000000800446c                _usbd_standard_request_interface
 .text._usbd_standard_request_endpoint
                0x000000000800449c       0x3c ../../libopencm3//lib/libopencm3_stm32f1.a(usb_standard.o)
                0x000000000800449c                _usbd_standard_request_endpoint
 .text._usbd_standard_request
                0x00000000080044d8       0x30 ../../libopencm3//lib/libopencm3_stm32f1.a(usb_standard.o)
                0x00000000080044d8                _usbd_standard_request
 .text.st_usbfs_v1_usbd_init
                0x0000000008004508       0x30 ../../libopencm3//lib/libopencm3_stm32f1.a(st_usbfs_v1.o)
 .text.st_usbfs_copy_to_pm
                0x0000000008004538       0x18 ../../libopencm3//lib/libopencm3_stm32f1.a(st_usbfs_v1.o)
                0x0000000008004538                st_usbfs_copy_to_pm
 .text.st_usbfs_copy_from_pm
                0x0000000008004550       0x26 ../../libopencm3//lib/libopencm3_stm32f1.a(st_usbfs_v1.o)
                0x0000000008004550                st_usbfs_copy_from_pm
 .text.blocking_handler
                0x0000000008004576        0x2 ../../libopencm3//lib/libopencm3_stm32f1.a(vector.o)
                0x0000000008004576                rtc_isr
                0x0000000008004576                tim7_isr
                0x0000000008004576                adc1_2_isr
                0x0000000008004576                tim1_trg_com_isr
                0x0000000008004576                usb_hp_can_tx_isr
                0x0000000008004576                tim6_isr
                0x0000000008004576                usb_wakeup_isr
                0x0000000008004576                blocking_handler
                0x0000000008004576                tim5_isr
                0x0000000008004576                otg_fs_isr
                0x0000000008004576                spi1_isr
                0x0000000008004576                exti2_isr
                0x0000000008004576                dma1_channel6_isr
                0x0000000008004576                can_rx1_isr
                0x0000000008004576                dma1_channel5_isr
                0x0000000008004576                dma2_channel5_isr
                0x0000000008004576                usart1_isr
                0x0000000008004576                usage_fault_handler
                0x0000000008004576                tim8_trg_com_isr
                0x0000000008004576                can2_rx0_isr
                0x0000000008004576                tim1_brk_isr
                0x0000000008004576                can2_rx1_isr
                0x0000000008004576                tim1_cc_isr
                0x0000000008004576                sdio_isr
                0x0000000008004576                eth_isr
                0x0000000008004576                dma1_channel4_isr
                0x0000000008004576                tim8_brk_isr
                0x0000000008004576                dma2_channel4_5_isr
                0x0000000008004576                pvd_isr
                0x0000000008004576                rcc_isr
                0x0000000008004576                flash_isr
                0x0000000008004576                uart4_isr
                0x0000000008004576                rtc_alarm_isr
                0x0000000008004576                exti15_10_isr
                0x0000000008004576                hard_fault_handler
                0x0000000008004576                exti1_isr
                0x0000000008004576                i2c1_ev_isr
                0x0000000008004576                dma2_channel1_isr
                0x0000000008004576                spi2_isr
                0x0000000008004576                tim8_up_isr
                0x0000000008004576                dma2_channel2_isr
                0x0000000008004576                exti3_isr
                0x0000000008004576                adc3_isr
                0x0000000008004576                tim3_isr
                0x0000000008004576                usart2_isr
                0x0000000008004576                usb_lp_can_rx0_isr
                0x0000000008004576                i2c2_er_isr
                0x0000000008004576                i2c2_ev_isr
                0x0000000008004576                uart5_isr
                0x0000000008004576                fsmc_isr
                0x0000000008004576                dma1_channel1_isr
                0x0000000008004576                mem_manage_handler
                0x0000000008004576                can2_tx_isr
                0x0000000008004576                exti9_5_isr
                0x0000000008004576                dma2_channel3_isr
                0x0000000008004576                dma1_channel7_isr
                0x0000000008004576                tim1_up_isr
                0x0000000008004576                can2_sce_isr
                0x0000000008004576                tim4_isr
                0x0000000008004576                dma1_channel2_isr
                0x0000000008004576                i2c1_er_isr
                0x0000000008004576                can_sce_isr
                0x0000000008004576                tim8_cc_isr
                0x0000000008004576                tamper_isr
                0x0000000008004576                eth_wkup_isr
                0x0000000008004576                bus_fault_handler
                0x0000000008004576                wwdg_isr
                0x0000000008004576                dma1_channel3_isr
                0x0000000008004576                spi3_isr
                0x0000000008004576                tim2_isr
                0x0000000008004576                exti0_isr
 .text.null_handler
                0x0000000008004578        0x2 ../../libopencm3//lib/libopencm3_stm32f1.a(vector.o)
                0x0000000008004578                null_handler
                0x0000000008004578                sv_call_handler
                0x0000000008004578                pend_sv_handler
                0x0000000008004578                debug_monitor_handler
                0x0000000008004578                nmi_handler
 *fill*         0x000000000800457a        0x2 
 .text.reset_handler
                0x000000000800457c       0x94 ../../libopencm3//lib/libopencm3_stm32f1.a(vector.o)
                0x000000000800457c                reset_handler
 .text.systick_set_reload
                0x0000000008004610        0xc ../../libopencm3//lib/libopencm3_stm32f1.a(systick.o)
                0x0000000008004610                systick_set_reload
 .text.systick_set_clocksource
                0x000000000800461c       0x14 ../../libopencm3//lib/libopencm3_stm32f1.a(systick.o)
                0x000000000800461c                systick_set_clocksource
 .text.systick_interrupt_enable
                0x0000000008004630        0xe ../../libopencm3//lib/libopencm3_stm32f1.a(systick.o)
                0x0000000008004630                systick_interrupt_enable
 .text.systick_counter_enable
                0x000000000800463e        0xe ../../libopencm3//lib/libopencm3_stm32f1.a(systick.o)
                0x000000000800463e                systick_counter_enable
 .text.scb_reset_system
                0x000000000800464c       0x10 ../../libopencm3//lib/libopencm3_stm32f1.a(scb.o)
                0x000000000800464c                scb_reset_system
 .text.nvic_enable_irq
                0x000000000800465c       0x1a ../../libopencm3//lib/libopencm3_stm32f1.a(nvic.o)
                0x000000000800465c                nvic_enable_irq
 *fill*         0x0000000008004676        0x2 
 .text.flash_set_ws
                0x0000000008004678       0x14 ../../libopencm3//lib/libopencm3_stm32f1.a(flash_common_all.o)
                0x0000000008004678                flash_set_ws
 .text.st_usbfs_set_address
                0x000000000800468c       0x10 ../../libopencm3//lib/libopencm3_stm32f1.a(st_usbfs_core.o)
                0x000000000800468c                st_usbfs_set_address
 .text.st_usbfs_set_ep_rx_bufsize
                0x000000000800469c       0x44 ../../libopencm3//lib/libopencm3_stm32f1.a(st_usbfs_core.o)
                0x000000000800469c                st_usbfs_set_ep_rx_bufsize
 .text.st_usbfs_ep_setup
                0x00000000080046e0      0x138 ../../libopencm3//lib/libopencm3_stm32f1.a(st_usbfs_core.o)
                0x00000000080046e0                st_usbfs_ep_setup
 .text.st_usbfs_endpoints_reset
                0x0000000008004818       0x44 ../../libopencm3//lib/libopencm3_stm32f1.a(st_usbfs_core.o)
                0x0000000008004818                st_usbfs_endpoints_reset
 .text.st_usbfs_ep_stall_set
                0x000000000800485c       0xc4 ../../libopencm3//lib/libopencm3_stm32f1.a(st_usbfs_core.o)
                0x000000000800485c                st_usbfs_ep_stall_set
 .text.st_usbfs_ep_stall_get
                0x0000000008004920       0x38 ../../libopencm3//lib/libopencm3_stm32f1.a(st_usbfs_core.o)
                0x0000000008004920                st_usbfs_ep_stall_get
 .text.st_usbfs_ep_nak_set
                0x0000000008004958       0x3c ../../libopencm3//lib/libopencm3_stm32f1.a(st_usbfs_core.o)
                0x0000000008004958                st_usbfs_ep_nak_set
 .text.st_usbfs_ep_write_packet
                0x0000000008004994       0x88 ../../libopencm3//lib/libopencm3_stm32f1.a(st_usbfs_core.o)
                0x0000000008004994                st_usbfs_ep_write_packet
 .text.st_usbfs_ep_read_packet
                0x0000000008004a1c       0xb4 ../../libopencm3//lib/libopencm3_stm32f1.a(st_usbfs_core.o)
                0x0000000008004a1c                st_usbfs_ep_read_packet
 .text.st_usbfs_poll
                0x0000000008004ad0       0xf4 ../../libopencm3//lib/libopencm3_stm32f1.a(st_usbfs_core.o)
                0x0000000008004ad0                st_usbfs_poll
 .text          0x0000000008004bc4       0x10 /usr/lib/gcc/arm-none-eabi/9.2.1/../../../arm-none-eabi/lib/thumb/v7-m/nofp/libc.a(lib_a-abort.o)
                0x0000000008004bc4                abort
 .text          0x0000000008004bd4        0xc /usr/lib/gcc/arm-none-eabi/9.2.1/../../../arm-none-eabi/lib/thumb/v7-m/nofp/libc.a(lib_a-errno.o)
                0x0000000008004bd4                __errno
 .text          0x0000000008004be0      0x19c /usr/lib/gcc/arm-none-eabi/9.2.1/../../../arm-none-eabi/lib/thumb/v7-m/nofp/libc.a(lib_a-fflush.o)
                0x0000000008004be0                __sflush_r
                0x0000000008004d24                _fflush_r
                0x0000000008004d58                fflush
 .text          0x0000000008004d7c      0x1f4 /usr/lib/gcc/arm-none-eabi/9.2.1/../../../arm-none-eabi/lib/thumb/v7-m/nofp/libc.a(lib_a-findfp.o)
                0x0000000008004d80                _cleanup_r
                0x0000000008004e64                __sfmoreglue
                0x0000000008004e94                __sfp
                0x0000000008004f1c                _cleanup
                0x0000000008004f30                __sinit
                0x0000000008004f38                __sfp_lock_acquire
                0x0000000008004f3c                __sfp_lock_release
                0x0000000008004f40                __sinit_lock_acquire
                0x0000000008004f44                __sinit_lock_release
                0x0000000008004f48                __fp_lock_all
                0x0000000008004f5c                __fp_unlock_all
 .text          0x0000000008004f70       0x48 /usr/lib/gcc/arm-none-eabi/9.2.1/../../../arm-none-eabi/lib/thumb/v7-m/nofp/libc.a(lib_a-fprintf.o)
                0x0000000008004f70                _fprintf_r
                0x0000000008004f90                fprintf
 .text          0x0000000008004fb8       0x68 /usr/lib/gcc/arm-none-eabi/9.2.1/../../../arm-none-eabi/lib/thumb/v7-m/nofp/libc.a(lib_a-fputc.o)
                0x0000000008004fb8                _fputc_r
                0x0000000008004fe8                fputc
 .text          0x0000000008005020       0x60 /usr/lib/gcc/arm-none-eabi/9.2.1/../../../arm-none-eabi/lib/thumb/v7-m/nofp/libc.a(lib_a-fputs.o)
                0x0000000008005020                _fputs_r
                0x0000000008005070                fputs
 .text          0x0000000008005080      0x294 /usr/lib/gcc/arm-none-eabi/9.2.1/../../../arm-none-eabi/lib/thumb/v7-m/nofp/libc.a(lib_a-freer.o)
                0x0000000008005080                _malloc_trim_r
                0x0000000008005120                _free_r
 .text          0x0000000008005314      0x300 /usr/lib/gcc/arm-none-eabi/9.2.1/../../../arm-none-eabi/lib/thumb/v7-m/nofp/libc.a(lib_a-fvwrite.o)
                0x0000000008005314                __sfvwrite_r
 .text          0x0000000008005614       0x98 /usr/lib/gcc/arm-none-eabi/9.2.1/../../../arm-none-eabi/lib/thumb/v7-m/nofp/libc.a(lib_a-fwalk.o)
                0x0000000008005614                _fwalk
                0x000000000800565c                _fwalk_reent
 .text          0x00000000080056ac      0x548 /usr/lib/gcc/arm-none-eabi/9.2.1/../../../arm-none-eabi/lib/thumb/v7-m/nofp/libc.a(lib_a-mallocr.o)
                0x00000000080056ac                _malloc_r
 .text          0x0000000008005bf4       0x8c /usr/lib/gcc/arm-none-eabi/9.2.1/../../../arm-none-eabi/lib/thumb/v7-m/nofp/libc.a(lib_a-memchr-stub.o)
                0x0000000008005bf4                memchr
 .text          0x0000000008005c80       0xec /usr/lib/gcc/arm-none-eabi/9.2.1/../../../arm-none-eabi/lib/thumb/v7-m/nofp/libc.a(lib_a-memcpy.o)
                0x0000000008005c80                memcpy
 .text          0x0000000008005d6c       0xcc /usr/lib/gcc/arm-none-eabi/9.2.1/../../../arm-none-eabi/lib/thumb/v7-m/nofp/libc.a(lib_a-memmove.o)
                0x0000000008005d6c                memmove
 .text          0x0000000008005e38       0xa0 /usr/lib/gcc/arm-none-eabi/9.2.1/../../../arm-none-eabi/lib/thumb/v7-m/nofp/libc.a(lib_a-memset.o)
                0x0000000008005e38                memset
 .text          0x0000000008005ed8        0x8 /usr/lib/gcc/arm-none-eabi/9.2.1/../../../arm-none-eabi/lib/thumb/v7-m/nofp/libc.a(lib_a-mlock.o)
                0x0000000008005ed8                __malloc_lock
                0x0000000008005edc                __malloc_unlock
 .text          0x0000000008005ee0       0xb4 /usr/lib/gcc/arm-none-eabi/9.2.1/../../../arm-none-eabi/lib/thumb/v7-m/nofp/libc.a(lib_a-putc.o)
                0x0000000008005ee0                _putc_r
                0x0000000008005f34                putc
 .text          0x0000000008005f94       0x78 /usr/lib/gcc/arm-none-eabi/9.2.1/../../../arm-none-eabi/lib/thumb/v7-m/nofp/libc.a(lib_a-puts.o)
                0x0000000008005f94                _puts_r
                0x0000000008005ffc                puts
 .text          0x000000000800600c      0x37c /usr/lib/gcc/arm-none-eabi/9.2.1/../../../arm-none-eabi/lib/thumb/v7-m/nofp/libc.a(lib_a-reallocr.o)
                0x000000000800600c                _realloc_r
 .text          0x0000000008006388       0x24 /usr/lib/gcc/arm-none-eabi/9.2.1/../../../arm-none-eabi/lib/thumb/v7-m/nofp/libc.a(lib_a-sbrkr.o)
                0x0000000008006388                _sbrk_r
 .text          0x00000000080063ac      0x15c /usr/lib/gcc/arm-none-eabi/9.2.1/../../../arm-none-eabi/lib/thumb/v7-m/nofp/libc.a(lib_a-signal.o)
                0x00000000080063d4                _init_signal_r
                0x00000000080063e0                _signal_r
                0x0000000008006418                _raise_r
                0x0000000008006470                __sigtramp_r
                0x00000000080064c4                raise
                0x00000000080064d4                signal
                0x00000000080064e4                _init_signal
                0x00000000080064f8                __sigtramp
 .text          0x0000000008006508       0x2c /usr/lib/gcc/arm-none-eabi/9.2.1/../../../arm-none-eabi/lib/thumb/v7-m/nofp/libc.a(lib_a-signalr.o)
                0x0000000008006508                _kill_r
                0x0000000008006530                _getpid_r
 .text          0x0000000008006534       0x90 /usr/lib/gcc/arm-none-eabi/9.2.1/../../../arm-none-eabi/lib/thumb/v7-m/nofp/libc.a(lib_a-stdio.o)
                0x0000000008006534                __sread
                0x0000000008006558                __seofread
                0x000000000800655c                __swrite
                0x000000000800659c                __sseek
                0x00000000080065bc                __sclose
 .text          0x00000000080065c4      0x1bc /usr/lib/gcc/arm-none-eabi/9.2.1/../../../arm-none-eabi/lib/thumb/v7-m/nofp/libc.a(lib_a-strcmp.o)
                0x00000000080065c4                strcmp
 .text          0x0000000008006780       0x5c /usr/lib/gcc/arm-none-eabi/9.2.1/../../../arm-none-eabi/lib/thumb/v7-m/nofp/libc.a(lib_a-strlen-stub.o)
                0x0000000008006780                strlen
 .text          0x00000000080067dc     0x15b0 /usr/lib/gcc/arm-none-eabi/9.2.1/../../../arm-none-eabi/lib/thumb/v7-m/nofp/libc.a(lib_a-vfprintf.o)
                0x00000000080067dc                _vfprintf_r
                0x0000000008007d08                vfprintf
 .text          0x0000000008007d8c       0xc0 /usr/lib/gcc/arm-none-eabi/9.2.1/../../../arm-none-eabi/lib/thumb/v7-m/nofp/libc.a(lib_a-wbuf.o)
                0x0000000008007d8c                __swbuf_r
                0x0000000008007e3c                __swbuf
 .text          0x0000000008007e4c       0x2c /usr/lib/gcc/arm-none-eabi/9.2.1/../../../arm-none-eabi/lib/thumb/v7-m/nofp/libc.a(lib_a-writer.o)
                0x0000000008007e4c                _write_r
 .text          0x0000000008007e78       0xcc /usr/lib/gcc/arm-none-eabi/9.2.1/../../../arm-none-eabi/lib/thumb/v7-m/nofp/libc.a(lib_a-wsetup.o)
                0x0000000008007e78                __swsetup_r
 .text          0x0000000008007f44       0x24 /usr/lib/gcc/arm-none-eabi/9.2.1/../../../arm-none-eabi/lib/thumb/v7-m/nofp/libc.a(lib_a-closer.o)
                0x0000000008007f44                _close_r
 .text          0x0000000008007f68     0x1008 /usr/lib/gcc/arm-none-eabi/9.2.1/../../../arm-none-eabi/lib/thumb/v7-m/nofp/libc.a(lib_a-dtoa.o)
                0x0000000008008094                _dtoa_r
 .text          0x0000000008008f70       0x98 /usr/lib/gcc/arm-none-eabi/9.2.1/../../../arm-none-eabi/lib/thumb/v7-m/nofp/libc.a(lib_a-fclose.o)
                0x0000000008008f70                _fclose_r
                0x0000000008008ff8                fclose
 .text          0x0000000008009008       0x14 /usr/lib/gcc/arm-none-eabi/9.2.1/../../../arm-none-eabi/lib/thumb/v7-m/nofp/libc.a(lib_a-localeconv.o)
                0x0000000008009008                __localeconv_l
                0x000000000800900c                _localeconv_r
                0x0000000008009014                localeconv
 .text          0x000000000800901c       0x2c /usr/lib/gcc/arm-none-eabi/9.2.1/../../../arm-none-eabi/lib/thumb/v7-m/nofp/libc.a(lib_a-lseekr.o)
                0x000000000800901c                _lseek_r
 .text          0x0000000008009048       0xf0 /usr/lib/gcc/arm-none-eabi/9.2.1/../../../arm-none-eabi/lib/thumb/v7-m/nofp/libc.a(lib_a-makebuf.o)
                0x0000000008009048                __swhatbuf_r
                0x00000000080090a4                __smakebuf_r
 .text          0x0000000008009138      0x97c /usr/lib/gcc/arm-none-eabi/9.2.1/../../../arm-none-eabi/lib/thumb/v7-m/nofp/libc.a(lib_a-mprec.o)
                0x0000000008009138                _Balloc
                0x0000000008009184                _Bfree
                0x0000000008009198                __multadd
                0x0000000008009240                __s2b
                0x00000000080092ec                __hi0bits
                0x000000000800932c                __lo0bits
                0x000000000800938c                __i2b
                0x00000000080093b8                __multiply
                0x0000000008009504                __pow5mult
                0x000000000800959c                __lshift
                0x0000000008009668                __mcmp
                0x00000000080096a0                __mdiff
                0x00000000080097c8                __ulp
                0x0000000008009808                __b2d
                0x00000000080098c4                __d2b
                0x0000000008009988                __ratio
                0x00000000080099e0                _mprec_log10
                0x0000000008009a18                __copybits
                0x0000000008009a60                __any_on
 .text          0x0000000008009ab4       0x2c /usr/lib/gcc/arm-none-eabi/9.2.1/../../../arm-none-eabi/lib/thumb/v7-m/nofp/libc.a(lib_a-readr.o)
                0x0000000008009ab4                _read_r
 .text          0x0000000008009ae0      0xcf4 /usr/lib/gcc/arm-none-eabi/9.2.1/../../../arm-none-eabi/lib/thumb/v7-m/nofp/libc.a(lib_a-vfiprintf.o)
                0x0000000008009b58                __sprint_r
                0x0000000008009b68                _vfiprintf_r
                0x000000000800a750                vfiprintf
 .text          0x000000000800a7d4       0x48 /usr/lib/gcc/arm-none-eabi/9.2.1/../../../arm-none-eabi/lib/thumb/v7-m/nofp/libc.a(lib_a-assert.o)
                0x000000000800a7d4                __assert_func
                0x000000000800a810                __assert
 .text          0x000000000800a81c       0x60 /usr/lib/gcc/arm-none-eabi/9.2.1/../../../arm-none-eabi/lib/thumb/v7-m/nofp/libc.a(lib_a-callocr.o)
                0x000000000800a81c                _calloc_r
 .text          0x000000000800a87c       0x48 /usr/lib/gcc/arm-none-eabi/9.2.1/../../../arm-none-eabi/lib/thumb/v7-m/nofp/libc.a(lib_a-fiprintf.o)
                0x000000000800a87c                _fiprintf_r
                0x000000000800a89c                fiprintf
 .text          0x000000000800a8c4      0x104 /usr/lib/gcc/arm-none-eabi/9.2.1/../../../arm-none-eabi/lib/thumb/v7-m/nofp/libc.a(lib_a-fputwc.o)
                0x000000000800a8c4                __fputwc
                0x000000000800a964                _fputwc_r
                0x000000000800a988                fputwc
 .text          0x000000000800a9c8       0x28 /usr/lib/gcc/arm-none-eabi/9.2.1/../../../arm-none-eabi/lib/thumb/v7-m/nofp/libc.a(lib_a-fstatr.o)
                0x000000000800a9c8                _fstat_r
 .text          0x000000000800a9f0       0x24 /usr/lib/gcc/arm-none-eabi/9.2.1/../../../arm-none-eabi/lib/thumb/v7-m/nofp/libc.a(lib_a-isattyr.o)
                0x000000000800a9f0                _isatty_r
 .text          0x000000000800aa14       0x5c /usr/lib/gcc/arm-none-eabi/9.2.1/../../../arm-none-eabi/lib/thumb/v7-m/nofp/libc.a(lib_a-locale.o)
                0x000000000800aa14                _setlocale_r
                0x000000000800aa54                __locale_mb_cur_max
                0x000000000800aa60                setlocale
 .text          0x000000000800aa70       0x40 /usr/lib/gcc/arm-none-eabi/9.2.1/../../../arm-none-eabi/lib/thumb/v7-m/nofp/libc.a(lib_a-mbtowc_r.o)
                0x000000000800aa70                _mbtowc_r
                0x000000000800aa84                __ascii_mbtowc
 .text          0x000000000800aab0       0x7c /usr/lib/gcc/arm-none-eabi/9.2.1/../../../arm-none-eabi/lib/thumb/v7-m/nofp/libc.a(lib_a-wcrtomb.o)
                0x000000000800aab0                _wcrtomb_r
                0x000000000800aae4                wcrtomb
 .text          0x000000000800ab2c       0x30 /usr/lib/gcc/arm-none-eabi/9.2.1/../../../arm-none-eabi/lib/thumb/v7-m/nofp/libc.a(lib_a-wctomb_r.o)
                0x000000000800ab2c                _wctomb_r
                0x000000000800ab40                __ascii_wctomb
 .text          0x000000000800ab5c      0x378 /usr/lib/gcc/arm-none-eabi/9.2.1/thumb/v7-m/nofp/libgcc.a(_arm_addsubdf3.o)
                0x000000000800ab5c                __aeabi_drsub
                0x000000000800ab64                __aeabi_dsub
                0x000000000800ab64                __subdf3
                0x000000000800ab68                __adddf3
                0x000000000800ab68                __aeabi_dadd
                0x000000000800ade0                __aeabi_ui2d
                0x000000000800ade0                __floatunsidf
                0x000000000800ae00                __floatsidf
                0x000000000800ae00                __aeabi_i2d
                0x000000000800ae24                __extendsfdf2
                0x000000000800ae24                __aeabi_f2d
                0x000000000800ae68                __aeabi_ul2d
                0x000000000800ae68                __floatundidf
                0x000000000800ae78                __floatdidf
                0x000000000800ae78                __aeabi_l2d
 .text          0x000000000800aed4      0x424 /usr/lib/gcc/arm-none-eabi/9.2.1/thumb/v7-m/nofp/libgcc.a(_arm_muldivdf3.o)
                0x000000000800aed4                __aeabi_dmul
                0x000000000800aed4                __muldf3
                0x000000000800b128                __aeabi_ddiv
                0x000000000800b128                __divdf3
 .text          0x000000000800b2f8      0x110 /usr/lib/gcc/arm-none-eabi/9.2.1/thumb/v7-m/nofp/libgcc.a(_arm_cmpdf2.o)
                0x000000000800b2f8                __gtdf2
                0x000000000800b2f8                __gedf2
                0x000000000800b300                __ltdf2
                0x000000000800b300                __ledf2
                0x000000000800b308                __cmpdf2
                0x000000000800b308                __eqdf2
                0x000000000800b308                __nedf2
                0x000000000800b384                __aeabi_cdrcmple
                0x000000000800b394                __aeabi_cdcmple
                0x000000000800b394                __aeabi_cdcmpeq
                0x000000000800b3a4                __aeabi_dcmpeq
                0x000000000800b3b8                __aeabi_dcmplt
                0x000000000800b3cc                __aeabi_dcmple
                0x000000000800b3e0                __aeabi_dcmpge
                0x000000000800b3f4                __aeabi_dcmpgt
 .text          0x000000000800b408       0x2c /usr/lib/gcc/arm-none-eabi/9.2.1/thumb/v7-m/nofp/libgcc.a(_arm_unorddf2.o)
                0x000000000800b408                __aeabi_dcmpun
                0x000000000800b408                __unorddf2
 .text          0x000000000800b434       0x50 /usr/lib/gcc/arm-none-eabi/9.2.1/thumb/v7-m/nofp/libgcc.a(_arm_fixdfsi.o)
                0x000000000800b434                __fixdfsi
                0x000000000800b434                __aeabi_d2iz
 .text          0x000000000800b484       0x30 /usr/lib/gcc/arm-none-eabi/9.2.1/thumb/v7-m/nofp/libgcc.a(_aeabi_uldivmod.o)
                0x000000000800b484                __aeabi_uldivmod
 .text          0x000000000800b4b4      0x2c4 /usr/lib/gcc/arm-none-eabi/9.2.1/thumb/v7-m/nofp/libgcc.a(_udivmoddi4.o)
                0x000000000800b4b4                __udivmoddi4
 .text          0x000000000800b778        0x4 /usr/lib/gcc/arm-none-eabi/9.2.1/thumb/v7-m/nofp/libgcc.a(_dvmd_tls.o)
                0x000000000800b778                __aeabi_ldiv0
                0x000000000800b778                __aeabi_idiv0
 .text          0x000000000800b77c       0x10 /usr/lib/gcc/arm-none-eabi/9.2.1/../../../arm-none-eabi/lib/thumb/v7-m/nofp/libnosys.a(close.o)
                0x000000000800b77c                _close
 .text          0x000000000800b78c       0x10 /usr/lib/gcc/arm-none-eabi/9.2.1/../../../arm-none-eabi/lib/thumb/v7-m/nofp/libnosys.a(fstat.o)
                0x000000000800b78c                _fstat
 .text          0x000000000800b79c       0x10 /usr/lib/gcc/arm-none-eabi/9.2.1/../../../arm-none-eabi/lib/thumb/v7-m/nofp/libnosys.a(getpid.o)
                0x000000000800b79c                _getpid
 .text          0x000000000800b7ac       0x10 /usr/lib/gcc/arm-none-eabi/9.2.1/../../../arm-none-eabi/lib/thumb/v7-m/nofp/libnosys.a(isatty.o)
                0x000000000800b7ac                _isatty
 .text          0x000000000800b7bc       0x10 /usr/lib/gcc/arm-none-eabi/9.2.1/../../../arm-none-eabi/lib/thumb/v7-m/nofp/libnosys.a(kill.o)
                0x000000000800b7bc                _kill
 .text          0x000000000800b7cc       0x10 /usr/lib/gcc/arm-none-eabi/9.2.1/../../../arm-none-eabi/lib/thumb/v7-m/nofp/libnosys.a(lseek.o)
                0x000000000800b7cc                _lseek
 .text          0x000000000800b7dc       0x10 /usr/lib/gcc/arm-none-eabi/9.2.1/../../../arm-none-eabi/lib/thumb/v7-m/nofp/libnosys.a(read.o)
                0x000000000800b7dc                _read
 .text          0x000000000800b7ec       0x1c /usr/lib/gcc/arm-none-eabi/9.2.1/../../../arm-none-eabi/lib/thumb/v7-m/nofp/libnosys.a(sbrk.o)
                0x000000000800b7ec                _sbrk
 .text          0x000000000800b808        0x4 /usr/lib/gcc/arm-none-eabi/9.2.1/../../../arm-none-eabi/lib/thumb/v7-m/nofp/libnosys.a(_exit.o)
                0x000000000800b808                _exit
                0x000000000800b80c                . = ALIGN (0x4)
 *(.rodata*)
 .rodata.console_echo.str1.1
                0x000000000800b80c        0x4 console.o
 .rodata.console_unknown.str1.1
                0x000000000800b810       0x15 console.o
 .rodata.console_help.str1.1
                0x000000000800b825       0x1b console.o
 .rodata.console_init.str1.1
                0x000000000800b840        0x3 console.o
 .rodata.console_run.str1.1
                0x000000000800b843       0x13 console.o
 .rodata.str1.1
                0x000000000800b856        0xa console.o
 .rodata.cmd_echo
                0x000000000800b860        0x8 console.o
 .rodata.cmd_help
                0x000000000800b868        0x8 console.o
 .rodata.cmd_unknown
                0x000000000800b870        0x8 console.o
 .rodata.i2c_ctx_is_timed_out.str1.1
                0x000000000800b878       0x1a i2c_ctx.o
 .rodata.str1.1
                0x000000000800b892       0xc2 i2c_ctx.o
 .rodata.i2c_sr1_desc
                0x000000000800b954       0x80 i2c_ctx.o
 .rodata.fregdump_single.str1.1
                0x000000000800b9d4       0x1d regdump.o
 .rodata.do_reboot.str1.1
                0x000000000800b9f1       0x11 i2c-stm32f1-usb.o
 .rodata.do_id.str1.1
                0x000000000800ba02       0x11 i2c-stm32f1-usb.o
                                          0x4 (size before relaxing)
 .rodata.main.str1.1
                0x000000000800ba02        0xa i2c-stm32f1-usb.o
 .rodata.str1.1
                0x000000000800ba0c       0x30 i2c-stm32f1-usb.o
 .rodata.cdcacm_functional_descriptors
                0x000000000800ba3c       0x13 i2c-stm32f1-usb.o
 *fill*         0x000000000800ba4f        0x1 
 .rodata.cmds   0x000000000800ba50       0x10 i2c-stm32f1-usb.o
 .rodata.comm_endp
                0x000000000800ba60        0xf i2c-stm32f1-usb.o
 .rodata.comm_iface
                0x000000000800ba6f       0x15 i2c-stm32f1-usb.o
 .rodata.config
                0x000000000800ba84        0xd i2c-stm32f1-usb.o
 .rodata.data_endp
                0x000000000800ba91       0x1e i2c-stm32f1-usb.o
 .rodata.data_iface
                0x000000000800baaf       0x15 i2c-stm32f1-usb.o
 .rodata.dev    0x000000000800bac4       0x12 i2c-stm32f1-usb.o
 .rodata.gpio_endpoint
                0x000000000800bad6        0xf i2c-stm32f1-usb.o
                0x000000000800bad6                gpio_endpoint
 .rodata.gpio_iface
                0x000000000800bae5       0x15 i2c-stm32f1-usb.o
                0x000000000800bae5                gpio_iface
 .rodata.i2c_endpoint
                0x000000000800bafa        0xf i2c-stm32f1-usb.o
                0x000000000800bafa                i2c_endpoint
 .rodata.i2c_iface
                0x000000000800bb09       0x15 i2c-stm32f1-usb.o
                0x000000000800bb09                i2c_iface
 *fill*         0x000000000800bb1e        0x2 
 .rodata.ifaces
                0x000000000800bb20       0x40 i2c-stm32f1-usb.o
                0x000000000800bb20                ifaces
 .rodata.desig_get_unique_id_as_string.str1.1
                0x000000000800bb60       0x11 ../../libopencm3//lib/libopencm3_stm32f1.a(desig_common_all.o)
 *fill*         0x000000000800bb71        0x3 
 .rodata.rcc_hse_configs
                0x000000000800bb74       0x8c ../../libopencm3//lib/libopencm3_stm32f1.a(rcc.o)
                0x000000000800bb74                rcc_hse_configs
 .rodata.st_usbfs_v1_usb_driver
                0x000000000800bc00       0x34 ../../libopencm3//lib/libopencm3_stm32f1.a(st_usbfs_v1.o)
                0x000000000800bc00                st_usbfs_v1_usb_driver
 .rodata        0x000000000800bc34      0x101 /usr/lib/gcc/arm-none-eabi/9.2.1/../../../arm-none-eabi/lib/thumb/v7-m/nofp/libc.a(lib_a-ctype_.o)
                0x000000000800bc34                _ctype_
 *fill*         0x000000000800bd35        0x3 
 .rodata        0x000000000800bd38        0x4 /usr/lib/gcc/arm-none-eabi/9.2.1/../../../arm-none-eabi/lib/thumb/v7-m/nofp/libc.a(lib_a-impure.o)
                0x000000000800bd38                _global_impure_ptr
 .rodata.str1.4
                0x000000000800bd3c        0x2 /usr/lib/gcc/arm-none-eabi/9.2.1/../../../arm-none-eabi/lib/thumb/v7-m/nofp/libc.a(lib_a-puts.o)
 *fill*         0x000000000800bd3e        0x2 
 .rodata        0x000000000800bd40       0x20 /usr/lib/gcc/arm-none-eabi/9.2.1/../../../arm-none-eabi/lib/thumb/v7-m/nofp/libc.a(lib_a-vfprintf.o)
 .rodata.str1.4
                0x000000000800bd60       0x42 /usr/lib/gcc/arm-none-eabi/9.2.1/../../../arm-none-eabi/lib/thumb/v7-m/nofp/libc.a(lib_a-vfprintf.o)
 *fill*         0x000000000800bda2        0x2 
 .rodata.str1.4
                0x000000000800bda4       0x56 /usr/lib/gcc/arm-none-eabi/9.2.1/../../../arm-none-eabi/lib/thumb/v7-m/nofp/libc.a(lib_a-dtoa.o)
                                         0x5a (size before relaxing)
 *fill*         0x000000000800bdfa        0x6 
 .rodata        0x000000000800be00      0x128 /usr/lib/gcc/arm-none-eabi/9.2.1/../../../arm-none-eabi/lib/thumb/v7-m/nofp/libc.a(lib_a-mprec.o)
                0x000000000800be10                __mprec_tens
                0x000000000800bed8                __mprec_tinytens
                0x000000000800bf00                __mprec_bigtens
 .rodata.str1.4
                0x000000000800bf28       0x33 /usr/lib/gcc/arm-none-eabi/9.2.1/../../../arm-none-eabi/lib/thumb/v7-m/nofp/libc.a(lib_a-mprec.o)
                                         0x47 (size before relaxing)
 *fill*         0x000000000800bf5b        0x1 
 .rodata        0x000000000800bf5c       0x20 /usr/lib/gcc/arm-none-eabi/9.2.1/../../../arm-none-eabi/lib/thumb/v7-m/nofp/libc.a(lib_a-vfiprintf.o)
 .rodata.str1.4
                0x000000000800bf7c       0x2f /usr/lib/gcc/arm-none-eabi/9.2.1/../../../arm-none-eabi/lib/thumb/v7-m/nofp/libc.a(lib_a-vfiprintf.o)
 .rodata.str1.4
                0x000000000800bf7c       0x3f /usr/lib/gcc/arm-none-eabi/9.2.1/../../../arm-none-eabi/lib/thumb/v7-m/nofp/libc.a(lib_a-assert.o)
                                         0x43 (size before relaxing)
 *fill*         0x000000000800bfbb        0x1 
 .rodata.str1.4
                0x000000000800bfbc        0xe /usr/lib/gcc/arm-none-eabi/9.2.1/../../../arm-none-eabi/lib/thumb/v7-m/nofp/libc.a(lib_a-locale.o)
                                         0x12 (size before relaxing)
                0x000000000800bfcc                . = ALIGN (0x4)
 *fill*         0x000000000800bfca        0x2 

.glue_7         0x000000000800bfcc        0x0
 .glue_7        0x000000000800bfcc        0x0 linker stubs

.glue_7t        0x000000000800bfcc        0x0
 .glue_7t       0x000000000800bfcc        0x0 linker stubs

.vfp11_veneer   0x000000000800bfcc        0x0
 .vfp11_veneer  0x000000000800bfcc        0x0 linker stubs

.v4_bx          0x000000000800bfcc        0x0
 .v4_bx         0x000000000800bfcc        0x0 linker stubs

.iplt           0x000000000800bfcc        0x0
 .iplt          0x000000000800bfcc        0x0 console.o

.preinit_array  0x000000000800bfcc        0x0
                0x000000000800bfcc                . = ALIGN (0x4)
                0x000000000800bfcc                __preinit_array_start = .
 *(.preinit_array)
                0x000000000800bfcc                __preinit_array_end = .

.init_array     0x000000000800bfcc        0x0
                0x000000000800bfcc                . = ALIGN (0x4)
                0x000000000800bfcc                __init_array_start = .
 *(SORT_BY_NAME(.init_array.*))
 *(.init_array)
                0x000000000800bfcc                __init_array_end = .

.fini_array     0x000000000800bfcc        0x0
                0x000000000800bfcc                . = ALIGN (0x4)
                0x000000000800bfcc                __fini_array_start = .
 *(.fini_array)
 *(SORT_BY_NAME(.fini_array.*))
                0x000000000800bfcc                __fini_array_end = .

.ARM.extab
 *(.ARM.extab*)

.ARM.exidx      0x000000000800bfcc        0x8
                0x000000000800bfcc                __exidx_start = .
 *(.ARM.exidx*)
 .ARM.exidx     0x000000000800bfcc        0x8 /usr/lib/gcc/arm-none-eabi/9.2.1/thumb/v7-m/nofp/libgcc.a(_udivmoddi4.o)
                0x000000000800bfd4                __exidx_end = .

.rel.dyn        0x000000000800bfd4        0x0
 .rel.iplt      0x000000000800bfd4        0x0 console.o
                0x000000000800bfd4                . = ALIGN (0x4)
                0x000000000800bfd4                _etext = .

.noinit
 *(.noinit*)
                0x000000000800bfd4                . = ALIGN (0x4)

.data           0x0000000020000000      0xa9c load address 0x000000000800bfd4
                0x0000000020000000                _data = .
 *(.data*)
 .data.cmd_table
                0x0000000020000000       0x80 console.o
 .data.outring  0x0000000020000080       0x10 console_stm32.o
 .data.kernel   0x0000000020000090       0x34 fibre.o
 .data.irqtype  0x00000000200000c4        0x4 i2c-stm32f1-usb.o
                0x00000000200000c4                irqtype
 .data.usb_strings
                0x00000000200000c8        0x8 i2c-stm32f1-usb.o
 .data.usb_task
                0x00000000200000d0       0x10 i2c-stm32f1-usb.o
 .data.rcc_ahb_frequency
                0x00000000200000e0        0x4 ../../libopencm3//lib/libopencm3_stm32f1.a(rcc.o)
                0x00000000200000e0                rcc_ahb_frequency
 .data.rcc_apb1_frequency
                0x00000000200000e4        0x4 ../../libopencm3//lib/libopencm3_stm32f1.a(rcc.o)
                0x00000000200000e4                rcc_apb1_frequency
 .data.rcc_apb2_frequency
                0x00000000200000e8        0x4 ../../libopencm3//lib/libopencm3_stm32f1.a(rcc.o)
                0x00000000200000e8                rcc_apb2_frequency
 *fill*         0x00000000200000ec        0x4 
 .data          0x00000000200000f0      0x430 /usr/lib/gcc/arm-none-eabi/9.2.1/../../../arm-none-eabi/lib/thumb/v7-m/nofp/libc.a(lib_a-impure.o)
                0x00000000200000f0                _impure_ptr
 .data          0x0000000020000520      0x410 /usr/lib/gcc/arm-none-eabi/9.2.1/../../../arm-none-eabi/lib/thumb/v7-m/nofp/libc.a(lib_a-mallocr.o)
                0x0000000020000520                __malloc_av_
                0x0000000020000928                __malloc_sbrk_base
                0x000000002000092c                __malloc_trim_threshold
 .data          0x0000000020000930      0x16c /usr/lib/gcc/arm-none-eabi/9.2.1/../../../arm-none-eabi/lib/thumb/v7-m/nofp/libc.a(lib_a-locale.o)
                0x0000000020000930                __global_locale
 *(.ramtext*)
                0x0000000020000a9c                . = ALIGN (0x4)
                0x0000000020000a9c                _edata = .
                0x000000000800bfd4                _data_loadaddr = LOADADDR (.data)

.igot.plt       0x0000000020000a9c        0x0 load address 0x000000000800ca70
 .igot.plt      0x0000000020000a9c        0x0 console.o

.bss            0x0000000020000aa0      0x6f8 load address 0x000000000800ca70
 *(.bss*)
 .bss.cmd.6242  0x0000000020000aa0        0x4 console.o
 .bss.locked.6240
                0x0000000020000aa4        0x1 console.o
 *fill*         0x0000000020000aa5        0x3 
 .bss.console   0x0000000020000aa8        0x4 console_stm32.o
 .bss.outbuf    0x0000000020000aac      0x400 console_stm32.o
 .bss.atomic_runq_buf
                0x0000000020000eac       0x20 fibre.o
 *fill*         0x0000000020000ecc        0x4 
 .bss.sys_tick_counter
                0x0000000020000ed0        0x8 time_libopencm3.o
 .bss.buft.7509
                0x0000000020000ed8        0x4 i2c-stm32f1-usb.o
 .bss.reply_buf.7458
                0x0000000020000edc       0x40 i2c-stm32f1-usb.o
 .bss.status    0x0000000020000f1c        0x1 i2c-stm32f1-usb.o
 *fill*         0x0000000020000f1d        0x3 
 .bss.t.7496    0x0000000020000f20        0x4 i2c-stm32f1-usb.o
 .bss.uart_console
                0x0000000020000f24       0xa8 i2c-stm32f1-usb.o
 .bss.usbd_control_buffer
                0x0000000020000fcc       0x80 i2c-stm32f1-usb.o
                0x0000000020000fcc                usbd_control_buffer
 .bss.usbd_dev  0x000000002000104c        0x4 i2c-stm32f1-usb.o
 .bss.st_usbfs_dev
                0x0000000020001050      0x104 ../../libopencm3//lib/libopencm3_stm32f1.a(st_usbfs_core.o)
                0x0000000020001050                st_usbfs_dev
 .bss.st_usbfs_force_nak
                0x0000000020001154        0x8 ../../libopencm3//lib/libopencm3_stm32f1.a(st_usbfs_core.o)
                0x0000000020001154                st_usbfs_force_nak
 .bss           0x000000002000115c       0x34 /usr/lib/gcc/arm-none-eabi/9.2.1/../../../arm-none-eabi/lib/thumb/v7-m/nofp/libc.a(lib_a-mallocr.o)
                0x000000002000115c                __malloc_top_pad
                0x0000000020001160                __malloc_current_mallinfo
                0x0000000020001188                __malloc_max_sbrked_mem
                0x000000002000118c                __malloc_max_total_mem
 .bss           0x0000000020001190        0x4 /usr/lib/gcc/arm-none-eabi/9.2.1/../../../arm-none-eabi/lib/thumb/v7-m/nofp/libnosys.a(sbrk.o)
 *(COMMON)
 COMMON         0x0000000020001194        0x4 /usr/lib/gcc/arm-none-eabi/9.2.1/../../../arm-none-eabi/lib/thumb/v7-m/nofp/libc.a(lib_a-reent.o)
                0x0000000020001194                errno
                0x0000000020001198                . = ALIGN (0x4)
                0x0000000020001198                _ebss = .

/DISCARD/
 *(.eh_frame)
                0x0000000020001198                . = ALIGN (0x4)
                0x0000000020001198                end = .
                0x0000000020005000                PROVIDE (_stack = (ORIGIN (ram) + LENGTH (ram)))
OUTPUT(i2c-stm32f1-usb.elf elf32-littlearm)
LOAD linker stubs

.debug_info     0x0000000000000000    0x46874
 .debug_info    0x0000000000000000     0x1584 console.o
 .debug_info    0x0000000000001584     0x1402 console_stm32.o
 .debug_info    0x0000000000002986     0x1a75 i2c_ctx.o
 .debug_info    0x00000000000043fb      0x235 bitops.o
 .debug_info    0x0000000000004630     0x1529 fibre.o
 .debug_info    0x0000000000005b59       0xd0 fibre_default.o
 .debug_info    0x0000000000005c29      0xdf4 list.o
 .debug_info    0x0000000000006a1d      0xc35 messageq.o
 .debug_info    0x0000000000007652      0xbb1 regdump.o
 .debug_info    0x0000000000008203      0xcc5 ringbuf.o
 .debug_info    0x0000000000008ec8      0x155 time_libopencm3.o
 .debug_info    0x000000000000901d      0xb15 util.o
 .debug_info    0x0000000000009b32     0x2d3a i2c-stm32f1-usb.o
 .debug_info    0x000000000000c86c      0x244 ../../libopencm3//lib/libopencm3_stm32f1.a(desig_common_all.o)
 .debug_info    0x000000000000cab0       0xe7 ../../libopencm3//lib/libopencm3_stm32f1.a(desig_common_v1.o)
 .debug_info    0x000000000000cb97      0x241 ../../libopencm3//lib/libopencm3_stm32f1.a(exti_common_all.o)
 .debug_info    0x000000000000cdd8      0x210 ../../libopencm3//lib/libopencm3_stm32f1.a(gpio.o)
 .debug_info    0x000000000000cfe8      0x266 ../../libopencm3//lib/libopencm3_stm32f1.a(gpio_common_all.o)
 .debug_info    0x000000000000d24e      0xc3b ../../libopencm3//lib/libopencm3_stm32f1.a(i2c_common_v1.o)
 .debug_info    0x000000000000de89     0x1574 ../../libopencm3//lib/libopencm3_stm32f1.a(rcc.o)
 .debug_info    0x000000000000f3fd      0x63d ../../libopencm3//lib/libopencm3_stm32f1.a(rcc_common_all.o)
 .debug_info    0x000000000000fa3a      0x5a4 ../../libopencm3//lib/libopencm3_stm32f1.a(usart_common_all.o)
 .debug_info    0x000000000000ffde      0x19e ../../libopencm3//lib/libopencm3_stm32f1.a(usart_common_f124.o)
 .debug_info    0x000000000001017c      0xf7e ../../libopencm3//lib/libopencm3_stm32f1.a(usb.o)
 .debug_info    0x00000000000110fa      0xfe3 ../../libopencm3//lib/libopencm3_stm32f1.a(usb_control.o)
 .debug_info    0x00000000000120dd     0x168c ../../libopencm3//lib/libopencm3_stm32f1.a(usb_standard.o)
 .debug_info    0x0000000000013769      0xd9c ../../libopencm3//lib/libopencm3_stm32f1.a(st_usbfs_v1.o)
 .debug_info    0x0000000000014505      0x2dd ../../libopencm3//lib/libopencm3_stm32f1.a(vector.o)
 .debug_info    0x00000000000147e2      0x280 ../../libopencm3//lib/libopencm3_stm32f1.a(systick.o)
 .debug_info    0x0000000000014a62       0xde ../../libopencm3//lib/libopencm3_stm32f1.a(scb.o)
 .debug_info    0x0000000000014b40      0x251 ../../libopencm3//lib/libopencm3_stm32f1.a(nvic.o)
 .debug_info    0x0000000000014d91       0xf6 ../../libopencm3//lib/libopencm3_stm32f1.a(flash_common_all.o)
 .debug_info    0x0000000000014e87     0x108b ../../libopencm3//lib/libopencm3_stm32f1.a(st_usbfs_core.o)
 .debug_info    0x0000000000015f12      0x9b5 /usr/lib/gcc/arm-none-eabi/9.2.1/../../../arm-none-eabi/lib/thumb/v7-m/nofp/libc.a(lib_a-abort.o)
 .debug_info    0x00000000000168c7      0xe91 /usr/lib/gcc/arm-none-eabi/9.2.1/../../../arm-none-eabi/lib/thumb/v7-m/nofp/libc.a(lib_a-ctype_.o)
 .debug_info    0x0000000000017758      0x953 /usr/lib/gcc/arm-none-eabi/9.2.1/../../../arm-none-eabi/lib/thumb/v7-m/nofp/libc.a(lib_a-errno.o)
 .debug_info    0x00000000000180ab      0xd73 /usr/lib/gcc/arm-none-eabi/9.2.1/../../../arm-none-eabi/lib/thumb/v7-m/nofp/libc.a(lib_a-fflush.o)
 .debug_info    0x0000000000018e1e     0x1143 /usr/lib/gcc/arm-none-eabi/9.2.1/../../../arm-none-eabi/lib/thumb/v7-m/nofp/libc.a(lib_a-findfp.o)
 .debug_info    0x0000000000019f61      0xa7a /usr/lib/gcc/arm-none-eabi/9.2.1/../../../arm-none-eabi/lib/thumb/v7-m/nofp/libc.a(lib_a-fprintf.o)
 .debug_info    0x000000000001a9db      0xca9 /usr/lib/gcc/arm-none-eabi/9.2.1/../../../arm-none-eabi/lib/thumb/v7-m/nofp/libc.a(lib_a-fputc.o)
 .debug_info    0x000000000001b684      0xcf0 /usr/lib/gcc/arm-none-eabi/9.2.1/../../../arm-none-eabi/lib/thumb/v7-m/nofp/libc.a(lib_a-fputs.o)
 .debug_info    0x000000000001c374      0xdc4 /usr/lib/gcc/arm-none-eabi/9.2.1/../../../arm-none-eabi/lib/thumb/v7-m/nofp/libc.a(lib_a-freer.o)
 .debug_info    0x000000000001d138      0xf1c /usr/lib/gcc/arm-none-eabi/9.2.1/../../../arm-none-eabi/lib/thumb/v7-m/nofp/libc.a(lib_a-fvwrite.o)
 .debug_info    0x000000000001e054      0xca4 /usr/lib/gcc/arm-none-eabi/9.2.1/../../../arm-none-eabi/lib/thumb/v7-m/nofp/libc.a(lib_a-fwalk.o)
 .debug_info    0x000000000001ecf8      0x92a /usr/lib/gcc/arm-none-eabi/9.2.1/../../../arm-none-eabi/lib/thumb/v7-m/nofp/libc.a(lib_a-impure.o)
 .debug_info    0x000000000001f622      0xf2e /usr/lib/gcc/arm-none-eabi/9.2.1/../../../arm-none-eabi/lib/thumb/v7-m/nofp/libc.a(lib_a-mallocr.o)
 .debug_info    0x0000000000020550      0x9e3 /usr/lib/gcc/arm-none-eabi/9.2.1/../../../arm-none-eabi/lib/thumb/v7-m/nofp/libc.a(lib_a-memchr-stub.o)
 .debug_info    0x0000000000020f33       0x26 /usr/lib/gcc/arm-none-eabi/9.2.1/../../../arm-none-eabi/lib/thumb/v7-m/nofp/libc.a(lib_a-memcpy.o)
 .debug_info    0x0000000000020f59      0xf2b /usr/lib/gcc/arm-none-eabi/9.2.1/../../../arm-none-eabi/lib/thumb/v7-m/nofp/libc.a(lib_a-memmove.o)
 .debug_info    0x0000000000021e84      0xf21 /usr/lib/gcc/arm-none-eabi/9.2.1/../../../arm-none-eabi/lib/thumb/v7-m/nofp/libc.a(lib_a-memset.o)
 .debug_info    0x0000000000022da5      0x961 /usr/lib/gcc/arm-none-eabi/9.2.1/../../../arm-none-eabi/lib/thumb/v7-m/nofp/libc.a(lib_a-mlock.o)
 .debug_info    0x0000000000023706      0xd10 /usr/lib/gcc/arm-none-eabi/9.2.1/../../../arm-none-eabi/lib/thumb/v7-m/nofp/libc.a(lib_a-putc.o)
 .debug_info    0x0000000000024416      0xce5 /usr/lib/gcc/arm-none-eabi/9.2.1/../../../arm-none-eabi/lib/thumb/v7-m/nofp/libc.a(lib_a-puts.o)
 .debug_info    0x00000000000250fb      0xf09 /usr/lib/gcc/arm-none-eabi/9.2.1/../../../arm-none-eabi/lib/thumb/v7-m/nofp/libc.a(lib_a-reallocr.o)
 .debug_info    0x0000000000026004      0x9fb /usr/lib/gcc/arm-none-eabi/9.2.1/../../../arm-none-eabi/lib/thumb/v7-m/nofp/libc.a(lib_a-sbrkr.o)
 .debug_info    0x00000000000269ff      0xd5c /usr/lib/gcc/arm-none-eabi/9.2.1/../../../arm-none-eabi/lib/thumb/v7-m/nofp/libc.a(lib_a-signal.o)
 .debug_info    0x000000000002775b      0xa43 /usr/lib/gcc/arm-none-eabi/9.2.1/../../../arm-none-eabi/lib/thumb/v7-m/nofp/libc.a(lib_a-signalr.o)
 .debug_info    0x000000000002819e      0xe67 /usr/lib/gcc/arm-none-eabi/9.2.1/../../../arm-none-eabi/lib/thumb/v7-m/nofp/libc.a(lib_a-stdio.o)
 .debug_info    0x0000000000029005       0x26 /usr/lib/gcc/arm-none-eabi/9.2.1/../../../arm-none-eabi/lib/thumb/v7-m/nofp/libc.a(lib_a-strcmp.o)
 .debug_info    0x000000000002902b      0x941 /usr/lib/gcc/arm-none-eabi/9.2.1/../../../arm-none-eabi/lib/thumb/v7-m/nofp/libc.a(lib_a-strlen-stub.o)
 .debug_info    0x000000000002996c     0x20ba /usr/lib/gcc/arm-none-eabi/9.2.1/../../../arm-none-eabi/lib/thumb/v7-m/nofp/libc.a(lib_a-vfprintf.o)
 .debug_info    0x000000000002ba26      0xc90 /usr/lib/gcc/arm-none-eabi/9.2.1/../../../arm-none-eabi/lib/thumb/v7-m/nofp/libc.a(lib_a-wbuf.o)
 .debug_info    0x000000000002c6b6      0xa2c /usr/lib/gcc/arm-none-eabi/9.2.1/../../../arm-none-eabi/lib/thumb/v7-m/nofp/libc.a(lib_a-writer.o)
 .debug_info    0x000000000002d0e2      0xbf3 /usr/lib/gcc/arm-none-eabi/9.2.1/../../../arm-none-eabi/lib/thumb/v7-m/nofp/libc.a(lib_a-wsetup.o)
 .debug_info    0x000000000002dcd5      0x9d8 /usr/lib/gcc/arm-none-eabi/9.2.1/../../../arm-none-eabi/lib/thumb/v7-m/nofp/libc.a(lib_a-closer.o)
 .debug_info    0x000000000002e6ad     0x1ab7 /usr/lib/gcc/arm-none-eabi/9.2.1/../../../arm-none-eabi/lib/thumb/v7-m/nofp/libc.a(lib_a-dtoa.o)
 .debug_info    0x0000000000030164      0xcd5 /usr/lib/gcc/arm-none-eabi/9.2.1/../../../arm-none-eabi/lib/thumb/v7-m/nofp/libc.a(lib_a-fclose.o)
 .debug_info    0x0000000000030e39      0xf49 /usr/lib/gcc/arm-none-eabi/9.2.1/../../../arm-none-eabi/lib/thumb/v7-m/nofp/libc.a(lib_a-localeconv.o)
 .debug_info    0x0000000000031d82      0xa0d /usr/lib/gcc/arm-none-eabi/9.2.1/../../../arm-none-eabi/lib/thumb/v7-m/nofp/libc.a(lib_a-lseekr.o)
 .debug_info    0x000000000003278f      0xf69 /usr/lib/gcc/arm-none-eabi/9.2.1/../../../arm-none-eabi/lib/thumb/v7-m/nofp/libc.a(lib_a-makebuf.o)
 .debug_info    0x00000000000336f8     0x2285 /usr/lib/gcc/arm-none-eabi/9.2.1/../../../arm-none-eabi/lib/thumb/v7-m/nofp/libc.a(lib_a-mprec.o)
 .debug_info    0x000000000003597d      0xa25 /usr/lib/gcc/arm-none-eabi/9.2.1/../../../arm-none-eabi/lib/thumb/v7-m/nofp/libc.a(lib_a-readr.o)
 .debug_info    0x00000000000363a2      0xac5 /usr/lib/gcc/arm-none-eabi/9.2.1/../../../arm-none-eabi/lib/thumb/v7-m/nofp/libc.a(lib_a-reent.o)
 .debug_info    0x0000000000036e67     0x1ece /usr/lib/gcc/arm-none-eabi/9.2.1/../../../arm-none-eabi/lib/thumb/v7-m/nofp/libc.a(lib_a-vfiprintf.o)
 .debug_info    0x0000000000038d35      0xa41 /usr/lib/gcc/arm-none-eabi/9.2.1/../../../arm-none-eabi/lib/thumb/v7-m/nofp/libc.a(lib_a-assert.o)
 .debug_info    0x0000000000039776      0xc2f /usr/lib/gcc/arm-none-eabi/9.2.1/../../../arm-none-eabi/lib/thumb/v7-m/nofp/libc.a(lib_a-callocr.o)
 .debug_info    0x000000000003a3a5      0xa71 /usr/lib/gcc/arm-none-eabi/9.2.1/../../../arm-none-eabi/lib/thumb/v7-m/nofp/libc.a(lib_a-fiprintf.o)
 .debug_info    0x000000000003ae16      0xe57 /usr/lib/gcc/arm-none-eabi/9.2.1/../../../arm-none-eabi/lib/thumb/v7-m/nofp/libc.a(lib_a-fputwc.o)
 .debug_info    0x000000000003bc6d      0xc23 /usr/lib/gcc/arm-none-eabi/9.2.1/../../../arm-none-eabi/lib/thumb/v7-m/nofp/libc.a(lib_a-fstatr.o)
 .debug_info    0x000000000003c890      0x9d8 /usr/lib/gcc/arm-none-eabi/9.2.1/../../../arm-none-eabi/lib/thumb/v7-m/nofp/libc.a(lib_a-isattyr.o)
 .debug_info    0x000000000003d268     0x10ca /usr/lib/gcc/arm-none-eabi/9.2.1/../../../arm-none-eabi/lib/thumb/v7-m/nofp/libc.a(lib_a-locale.o)
 .debug_info    0x000000000003e332     0x1044 /usr/lib/gcc/arm-none-eabi/9.2.1/../../../arm-none-eabi/lib/thumb/v7-m/nofp/libc.a(lib_a-mbtowc_r.o)
 .debug_info    0x000000000003f376     0x10b3 /usr/lib/gcc/arm-none-eabi/9.2.1/../../../arm-none-eabi/lib/thumb/v7-m/nofp/libc.a(lib_a-wcrtomb.o)
 .debug_info    0x0000000000040429     0x1003 /usr/lib/gcc/arm-none-eabi/9.2.1/../../../arm-none-eabi/lib/thumb/v7-m/nofp/libc.a(lib_a-wctomb_r.o)
 .debug_info    0x000000000004142c       0x26 /usr/lib/gcc/arm-none-eabi/9.2.1/thumb/v7-m/nofp/libgcc.a(_arm_addsubdf3.o)
 .debug_info    0x0000000000041452       0x26 /usr/lib/gcc/arm-none-eabi/9.2.1/thumb/v7-m/nofp/libgcc.a(_arm_muldivdf3.o)
 .debug_info    0x0000000000041478       0x26 /usr/lib/gcc/arm-none-eabi/9.2.1/thumb/v7-m/nofp/libgcc.a(_arm_cmpdf2.o)
 .debug_info    0x000000000004149e       0x26 /usr/lib/gcc/arm-none-eabi/9.2.1/thumb/v7-m/nofp/libgcc.a(_arm_unorddf2.o)
 .debug_info    0x00000000000414c4       0x26 /usr/lib/gcc/arm-none-eabi/9.2.1/thumb/v7-m/nofp/libgcc.a(_arm_fixdfsi.o)
 .debug_info    0x00000000000414ea       0x26 /usr/lib/gcc/arm-none-eabi/9.2.1/thumb/v7-m/nofp/libgcc.a(_aeabi_uldivmod.o)
 .debug_info    0x0000000000041510      0xd7c /usr/lib/gcc/arm-none-eabi/9.2.1/thumb/v7-m/nofp/libgcc.a(_udivmoddi4.o)
 .debug_info    0x000000000004228c       0x26 /usr/lib/gcc/arm-none-eabi/9.2.1/thumb/v7-m/nofp/libgcc.a(_dvmd_tls.o)
 .debug_info    0x00000000000422b2      0x96e /usr/lib/gcc/arm-none-eabi/9.2.1/../../../arm-none-eabi/lib/thumb/v7-m/nofp/libnosys.a(close.o)
 .debug_info    0x0000000000042c20      0xbb1 /usr/lib/gcc/arm-none-eabi/9.2.1/../../../arm-none-eabi/lib/thumb/v7-m/nofp/libnosys.a(fstat.o)
 .debug_info    0x00000000000437d1      0x959 /usr/lib/gcc/arm-none-eabi/9.2.1/../../../arm-none-eabi/lib/thumb/v7-m/nofp/libnosys.a(getpid.o)
 .debug_info    0x000000000004412a      0x96e /usr/lib/gcc/arm-none-eabi/9.2.1/../../../arm-none-eabi/lib/thumb/v7-m/nofp/libnosys.a(isatty.o)
 .debug_info    0x0000000000044a98      0x97c /usr/lib/gcc/arm-none-eabi/9.2.1/../../../arm-none-eabi/lib/thumb/v7-m/nofp/libnosys.a(kill.o)
 .debug_info    0x0000000000045414      0x990 /usr/lib/gcc/arm-none-eabi/9.2.1/../../../arm-none-eabi/lib/thumb/v7-m/nofp/libnosys.a(lseek.o)
 .debug_info    0x0000000000045da4      0x990 /usr/lib/gcc/arm-none-eabi/9.2.1/../../../arm-none-eabi/lib/thumb/v7-m/nofp/libnosys.a(read.o)
 .debug_info    0x0000000000046734       0x9d /usr/lib/gcc/arm-none-eabi/9.2.1/../../../arm-none-eabi/lib/thumb/v7-m/nofp/libnosys.a(sbrk.o)
 .debug_info    0x00000000000467d1       0xa3 /usr/lib/gcc/arm-none-eabi/9.2.1/../../../arm-none-eabi/lib/thumb/v7-m/nofp/libnosys.a(_exit.o)

.debug_abbrev   0x0000000000000000     0xda19
 .debug_abbrev  0x0000000000000000      0x4d3 console.o
 .debug_abbrev  0x00000000000004d3      0x334 console_stm32.o
 .debug_abbrev  0x0000000000000807      0x42f i2c_ctx.o
 .debug_abbrev  0x0000000000000c36       0xde bitops.o
 .debug_abbrev  0x0000000000000d14      0x402 fibre.o
 .debug_abbrev  0x0000000000001116       0x64 fibre_default.o
 .debug_abbrev  0x000000000000117a      0x2db list.o
 .debug_abbrev  0x0000000000001455      0x296 messageq.o
 .debug_abbrev  0x00000000000016eb      0x29e regdump.o
 .debug_abbrev  0x0000000000001989      0x2be ringbuf.o
 .debug_abbrev  0x0000000000001c47       0xe1 time_libopencm3.o
 .debug_abbrev  0x0000000000001d28      0x2a6 util.o
 .debug_abbrev  0x0000000000001fce      0x535 i2c-stm32f1-usb.o
 .debug_abbrev  0x0000000000002503       0xdd ../../libopencm3//lib/libopencm3_stm32f1.a(desig_common_all.o)
 .debug_abbrev  0x00000000000025e0       0x91 ../../libopencm3//lib/libopencm3_stm32f1.a(desig_common_v1.o)
 .debug_abbrev  0x0000000000002671      0x102 ../../libopencm3//lib/libopencm3_stm32f1.a(exti_common_all.o)
 .debug_abbrev  0x0000000000002773       0xd0 ../../libopencm3//lib/libopencm3_stm32f1.a(gpio.o)
 .debug_abbrev  0x0000000000002843      0x116 ../../libopencm3//lib/libopencm3_stm32f1.a(gpio_common_all.o)
 .debug_abbrev  0x0000000000002959      0x316 ../../libopencm3//lib/libopencm3_stm32f1.a(i2c_common_v1.o)
 .debug_abbrev  0x0000000000002c6f      0x282 ../../libopencm3//lib/libopencm3_stm32f1.a(rcc.o)
 .debug_abbrev  0x0000000000002ef1      0x17c ../../libopencm3//lib/libopencm3_stm32f1.a(rcc_common_all.o)
 .debug_abbrev  0x000000000000306d      0x129 ../../libopencm3//lib/libopencm3_stm32f1.a(usart_common_all.o)
 .debug_abbrev  0x0000000000003196       0xb5 ../../libopencm3//lib/libopencm3_stm32f1.a(usart_common_f124.o)
 .debug_abbrev  0x000000000000324b      0x27c ../../libopencm3//lib/libopencm3_stm32f1.a(usb.o)
 .debug_abbrev  0x00000000000034c7      0x3a8 ../../libopencm3//lib/libopencm3_stm32f1.a(usb_control.o)
 .debug_abbrev  0x000000000000386f      0x4a9 ../../libopencm3//lib/libopencm3_stm32f1.a(usb_standard.o)
 .debug_abbrev  0x0000000000003d18      0x277 ../../libopencm3//lib/libopencm3_stm32f1.a(st_usbfs_v1.o)
 .debug_abbrev  0x0000000000003f8f      0x145 ../../libopencm3//lib/libopencm3_stm32f1.a(vector.o)
 .debug_abbrev  0x00000000000040d4      0x155 ../../libopencm3//lib/libopencm3_stm32f1.a(systick.o)
 .debug_abbrev  0x0000000000004229       0x89 ../../libopencm3//lib/libopencm3_stm32f1.a(scb.o)
 .debug_abbrev  0x00000000000042b2       0xb5 ../../libopencm3//lib/libopencm3_stm32f1.a(nvic.o)
 .debug_abbrev  0x0000000000004367       0x97 ../../libopencm3//lib/libopencm3_stm32f1.a(flash_common_all.o)
 .debug_abbrev  0x00000000000043fe      0x2ed ../../libopencm3//lib/libopencm3_stm32f1.a(st_usbfs_core.o)
 .debug_abbrev  0x00000000000046eb      0x20b /usr/lib/gcc/arm-none-eabi/9.2.1/../../../arm-none-eabi/lib/thumb/v7-m/nofp/libc.a(lib_a-abort.o)
 .debug_abbrev  0x00000000000048f6      0x1b6 /usr/lib/gcc/arm-none-eabi/9.2.1/../../../arm-none-eabi/lib/thumb/v7-m/nofp/libc.a(lib_a-ctype_.o)
 .debug_abbrev  0x0000000000004aac      0x1d6 /usr/lib/gcc/arm-none-eabi/9.2.1/../../../arm-none-eabi/lib/thumb/v7-m/nofp/libc.a(lib_a-errno.o)
 .debug_abbrev  0x0000000000004c82      0x322 /usr/lib/gcc/arm-none-eabi/9.2.1/../../../arm-none-eabi/lib/thumb/v7-m/nofp/libc.a(lib_a-fflush.o)
 .debug_abbrev  0x0000000000004fa4      0x425 /usr/lib/gcc/arm-none-eabi/9.2.1/../../../arm-none-eabi/lib/thumb/v7-m/nofp/libc.a(lib_a-findfp.o)
 .debug_abbrev  0x00000000000053c9      0x27a /usr/lib/gcc/arm-none-eabi/9.2.1/../../../arm-none-eabi/lib/thumb/v7-m/nofp/libc.a(lib_a-fprintf.o)
 .debug_abbrev  0x0000000000005643      0x2d0 /usr/lib/gcc/arm-none-eabi/9.2.1/../../../arm-none-eabi/lib/thumb/v7-m/nofp/libc.a(lib_a-fputc.o)
 .debug_abbrev  0x0000000000005913      0x2a9 /usr/lib/gcc/arm-none-eabi/9.2.1/../../../arm-none-eabi/lib/thumb/v7-m/nofp/libc.a(lib_a-fputs.o)
 .debug_abbrev  0x0000000000005bbc      0x2c9 /usr/lib/gcc/arm-none-eabi/9.2.1/../../../arm-none-eabi/lib/thumb/v7-m/nofp/libc.a(lib_a-freer.o)
 .debug_abbrev  0x0000000000005e85      0x2b9 /usr/lib/gcc/arm-none-eabi/9.2.1/../../../arm-none-eabi/lib/thumb/v7-m/nofp/libc.a(lib_a-fvwrite.o)
 .debug_abbrev  0x000000000000613e      0x24e /usr/lib/gcc/arm-none-eabi/9.2.1/../../../arm-none-eabi/lib/thumb/v7-m/nofp/libc.a(lib_a-fwalk.o)
 .debug_abbrev  0x000000000000638c      0x1b8 /usr/lib/gcc/arm-none-eabi/9.2.1/../../../arm-none-eabi/lib/thumb/v7-m/nofp/libc.a(lib_a-impure.o)
 .debug_abbrev  0x0000000000006544      0x321 /usr/lib/gcc/arm-none-eabi/9.2.1/../../../arm-none-eabi/lib/thumb/v7-m/nofp/libc.a(lib_a-mallocr.o)
 .debug_abbrev  0x0000000000006865      0x215 /usr/lib/gcc/arm-none-eabi/9.2.1/../../../arm-none-eabi/lib/thumb/v7-m/nofp/libc.a(lib_a-memchr-stub.o)
 .debug_abbrev  0x0000000000006a7a       0x14 /usr/lib/gcc/arm-none-eabi/9.2.1/../../../arm-none-eabi/lib/thumb/v7-m/nofp/libc.a(lib_a-memcpy.o)
 .debug_abbrev  0x0000000000006a8e      0x21c /usr/lib/gcc/arm-none-eabi/9.2.1/../../../arm-none-eabi/lib/thumb/v7-m/nofp/libc.a(lib_a-memmove.o)
 .debug_abbrev  0x0000000000006caa      0x217 /usr/lib/gcc/arm-none-eabi/9.2.1/../../../arm-none-eabi/lib/thumb/v7-m/nofp/libc.a(lib_a-memset.o)
 .debug_abbrev  0x0000000000006ec1      0x203 /usr/lib/gcc/arm-none-eabi/9.2.1/../../../arm-none-eabi/lib/thumb/v7-m/nofp/libc.a(lib_a-mlock.o)
 .debug_abbrev  0x00000000000070c4      0x2ff /usr/lib/gcc/arm-none-eabi/9.2.1/../../../arm-none-eabi/lib/thumb/v7-m/nofp/libc.a(lib_a-putc.o)
 .debug_abbrev  0x00000000000073c3      0x2c5 /usr/lib/gcc/arm-none-eabi/9.2.1/../../../arm-none-eabi/lib/thumb/v7-m/nofp/libc.a(lib_a-puts.o)
 .debug_abbrev  0x0000000000007688      0x2a1 /usr/lib/gcc/arm-none-eabi/9.2.1/../../../arm-none-eabi/lib/thumb/v7-m/nofp/libc.a(lib_a-reallocr.o)
 .debug_abbrev  0x0000000000007929      0x250 /usr/lib/gcc/arm-none-eabi/9.2.1/../../../arm-none-eabi/lib/thumb/v7-m/nofp/libc.a(lib_a-sbrkr.o)
 .debug_abbrev  0x0000000000007b79      0x36b /usr/lib/gcc/arm-none-eabi/9.2.1/../../../arm-none-eabi/lib/thumb/v7-m/nofp/libc.a(lib_a-signal.o)
 .debug_abbrev  0x0000000000007ee4      0x255 /usr/lib/gcc/arm-none-eabi/9.2.1/../../../arm-none-eabi/lib/thumb/v7-m/nofp/libc.a(lib_a-signalr.o)
 .debug_abbrev  0x0000000000008139      0x2ad /usr/lib/gcc/arm-none-eabi/9.2.1/../../../arm-none-eabi/lib/thumb/v7-m/nofp/libc.a(lib_a-stdio.o)
 .debug_abbrev  0x00000000000083e6       0x14 /usr/lib/gcc/arm-none-eabi/9.2.1/../../../arm-none-eabi/lib/thumb/v7-m/nofp/libc.a(lib_a-strcmp.o)
 .debug_abbrev  0x00000000000083fa      0x1d2 /usr/lib/gcc/arm-none-eabi/9.2.1/../../../arm-none-eabi/lib/thumb/v7-m/nofp/libc.a(lib_a-strlen-stub.o)
 .debug_abbrev  0x00000000000085cc      0x466 /usr/lib/gcc/arm-none-eabi/9.2.1/../../../arm-none-eabi/lib/thumb/v7-m/nofp/libc.a(lib_a-vfprintf.o)
 .debug_abbrev  0x0000000000008a32      0x2c3 /usr/lib/gcc/arm-none-eabi/9.2.1/../../../arm-none-eabi/lib/thumb/v7-m/nofp/libc.a(lib_a-wbuf.o)
 .debug_abbrev  0x0000000000008cf5      0x22a /usr/lib/gcc/arm-none-eabi/9.2.1/../../../arm-none-eabi/lib/thumb/v7-m/nofp/libc.a(lib_a-writer.o)
 .debug_abbrev  0x0000000000008f1f      0x283 /usr/lib/gcc/arm-none-eabi/9.2.1/../../../arm-none-eabi/lib/thumb/v7-m/nofp/libc.a(lib_a-wsetup.o)
 .debug_abbrev  0x00000000000091a2      0x225 /usr/lib/gcc/arm-none-eabi/9.2.1/../../../arm-none-eabi/lib/thumb/v7-m/nofp/libc.a(lib_a-closer.o)
 .debug_abbrev  0x00000000000093c7      0x343 /usr/lib/gcc/arm-none-eabi/9.2.1/../../../arm-none-eabi/lib/thumb/v7-m/nofp/libc.a(lib_a-dtoa.o)
 .debug_abbrev  0x000000000000970a      0x327 /usr/lib/gcc/arm-none-eabi/9.2.1/../../../arm-none-eabi/lib/thumb/v7-m/nofp/libc.a(lib_a-fclose.o)
 .debug_abbrev  0x0000000000009a31      0x27d /usr/lib/gcc/arm-none-eabi/9.2.1/../../../arm-none-eabi/lib/thumb/v7-m/nofp/libc.a(lib_a-localeconv.o)
 .debug_abbrev  0x0000000000009cae      0x239 /usr/lib/gcc/arm-none-eabi/9.2.1/../../../arm-none-eabi/lib/thumb/v7-m/nofp/libc.a(lib_a-lseekr.o)
 .debug_abbrev  0x0000000000009ee7      0x334 /usr/lib/gcc/arm-none-eabi/9.2.1/../../../arm-none-eabi/lib/thumb/v7-m/nofp/libc.a(lib_a-makebuf.o)
 .debug_abbrev  0x000000000000a21b      0x4b7 /usr/lib/gcc/arm-none-eabi/9.2.1/../../../arm-none-eabi/lib/thumb/v7-m/nofp/libc.a(lib_a-mprec.o)
 .debug_abbrev  0x000000000000a6d2      0x225 /usr/lib/gcc/arm-none-eabi/9.2.1/../../../arm-none-eabi/lib/thumb/v7-m/nofp/libc.a(lib_a-readr.o)
 .debug_abbrev  0x000000000000a8f7      0x2ba /usr/lib/gcc/arm-none-eabi/9.2.1/../../../arm-none-eabi/lib/thumb/v7-m/nofp/libc.a(lib_a-reent.o)
 .debug_abbrev  0x000000000000abb1      0x468 /usr/lib/gcc/arm-none-eabi/9.2.1/../../../arm-none-eabi/lib/thumb/v7-m/nofp/libc.a(lib_a-vfiprintf.o)
 .debug_abbrev  0x000000000000b019      0x23d /usr/lib/gcc/arm-none-eabi/9.2.1/../../../arm-none-eabi/lib/thumb/v7-m/nofp/libc.a(lib_a-assert.o)
 .debug_abbrev  0x000000000000b256      0x275 /usr/lib/gcc/arm-none-eabi/9.2.1/../../../arm-none-eabi/lib/thumb/v7-m/nofp/libc.a(lib_a-callocr.o)
 .debug_abbrev  0x000000000000b4cb      0x255 /usr/lib/gcc/arm-none-eabi/9.2.1/../../../arm-none-eabi/lib/thumb/v7-m/nofp/libc.a(lib_a-fiprintf.o)
 .debug_abbrev  0x000000000000b720      0x38c /usr/lib/gcc/arm-none-eabi/9.2.1/../../../arm-none-eabi/lib/thumb/v7-m/nofp/libc.a(lib_a-fputwc.o)
 .debug_abbrev  0x000000000000baac      0x239 /usr/lib/gcc/arm-none-eabi/9.2.1/../../../arm-none-eabi/lib/thumb/v7-m/nofp/libc.a(lib_a-fstatr.o)
 .debug_abbrev  0x000000000000bce5      0x225 /usr/lib/gcc/arm-none-eabi/9.2.1/../../../arm-none-eabi/lib/thumb/v7-m/nofp/libc.a(lib_a-isattyr.o)
 .debug_abbrev  0x000000000000bf0a      0x2e8 /usr/lib/gcc/arm-none-eabi/9.2.1/../../../arm-none-eabi/lib/thumb/v7-m/nofp/libc.a(lib_a-locale.o)
 .debug_abbrev  0x000000000000c1f2      0x25f /usr/lib/gcc/arm-none-eabi/9.2.1/../../../arm-none-eabi/lib/thumb/v7-m/nofp/libc.a(lib_a-mbtowc_r.o)
 .debug_abbrev  0x000000000000c451      0x256 /usr/lib/gcc/arm-none-eabi/9.2.1/../../../arm-none-eabi/lib/thumb/v7-m/nofp/libc.a(lib_a-wcrtomb.o)
 .debug_abbrev  0x000000000000c6a7      0x258 /usr/lib/gcc/arm-none-eabi/9.2.1/../../../arm-none-eabi/lib/thumb/v7-m/nofp/libc.a(lib_a-wctomb_r.o)
 .debug_abbrev  0x000000000000c8ff       0x14 /usr/lib/gcc/arm-none-eabi/9.2.1/thumb/v7-m/nofp/libgcc.a(_arm_addsubdf3.o)
 .debug_abbrev  0x000000000000c913       0x14 /usr/lib/gcc/arm-none-eabi/9.2.1/thumb/v7-m/nofp/libgcc.a(_arm_muldivdf3.o)
 .debug_abbrev  0x000000000000c927       0x14 /usr/lib/gcc/arm-none-eabi/9.2.1/thumb/v7-m/nofp/libgcc.a(_arm_cmpdf2.o)
 .debug_abbrev  0x000000000000c93b       0x14 /usr/lib/gcc/arm-none-eabi/9.2.1/thumb/v7-m/nofp/libgcc.a(_arm_unorddf2.o)
 .debug_abbrev  0x000000000000c94f       0x14 /usr/lib/gcc/arm-none-eabi/9.2.1/thumb/v7-m/nofp/libgcc.a(_arm_fixdfsi.o)
 .debug_abbrev  0x000000000000c963       0x14 /usr/lib/gcc/arm-none-eabi/9.2.1/thumb/v7-m/nofp/libgcc.a(_aeabi_uldivmod.o)
 .debug_abbrev  0x000000000000c977      0x1c2 /usr/lib/gcc/arm-none-eabi/9.2.1/thumb/v7-m/nofp/libgcc.a(_udivmoddi4.o)
 .debug_abbrev  0x000000000000cb39       0x14 /usr/lib/gcc/arm-none-eabi/9.2.1/thumb/v7-m/nofp/libgcc.a(_dvmd_tls.o)
 .debug_abbrev  0x000000000000cb4d      0x1ea /usr/lib/gcc/arm-none-eabi/9.2.1/../../../arm-none-eabi/lib/thumb/v7-m/nofp/libnosys.a(close.o)
 .debug_abbrev  0x000000000000cd37      0x1fd /usr/lib/gcc/arm-none-eabi/9.2.1/../../../arm-none-eabi/lib/thumb/v7-m/nofp/libnosys.a(fstat.o)
 .debug_abbrev  0x000000000000cf34      0x1d6 /usr/lib/gcc/arm-none-eabi/9.2.1/../../../arm-none-eabi/lib/thumb/v7-m/nofp/libnosys.a(getpid.o)
 .debug_abbrev  0x000000000000d10a      0x1ea /usr/lib/gcc/arm-none-eabi/9.2.1/../../../arm-none-eabi/lib/thumb/v7-m/nofp/libnosys.a(isatty.o)
 .debug_abbrev  0x000000000000d2f4      0x1fb /usr/lib/gcc/arm-none-eabi/9.2.1/../../../arm-none-eabi/lib/thumb/v7-m/nofp/libnosys.a(kill.o)
 .debug_abbrev  0x000000000000d4ef      0x20f /usr/lib/gcc/arm-none-eabi/9.2.1/../../../arm-none-eabi/lib/thumb/v7-m/nofp/libnosys.a(lseek.o)
 .debug_abbrev  0x000000000000d6fe      0x20f /usr/lib/gcc/arm-none-eabi/9.2.1/../../../arm-none-eabi/lib/thumb/v7-m/nofp/libnosys.a(read.o)
 .debug_abbrev  0x000000000000d90d       0xa2 /usr/lib/gcc/arm-none-eabi/9.2.1/../../../arm-none-eabi/lib/thumb/v7-m/nofp/libnosys.a(sbrk.o)
 .debug_abbrev  0x000000000000d9af       0x6a /usr/lib/gcc/arm-none-eabi/9.2.1/../../../arm-none-eabi/lib/thumb/v7-m/nofp/libnosys.a(_exit.o)

.debug_loc      0x0000000000000000    0x1ac8c
 .debug_loc     0x0000000000000000      0x74e console.o
 .debug_loc     0x000000000000074e      0x149 console_stm32.o
 .debug_loc     0x0000000000000897      0x97c i2c_ctx.o
 .debug_loc     0x0000000000001213      0x331 bitops.o
 .debug_loc     0x0000000000001544      0x614 fibre.o
 .debug_loc     0x0000000000001b58      0x30b list.o
 .debug_loc     0x0000000000001e63      0x311 messageq.o
 .debug_loc     0x0000000000002174      0x260 regdump.o
 .debug_loc     0x00000000000023d4      0x36a ringbuf.o
 .debug_loc     0x000000000000273e       0xf9 util.o
 .debug_loc     0x0000000000002837     0x1a3e i2c-stm32f1-usb.o
 .debug_loc     0x0000000000004275      0x1cc ../../libopencm3//lib/libopencm3_stm32f1.a(desig_common_all.o)
 .debug_loc     0x0000000000004441       0x33 ../../libopencm3//lib/libopencm3_stm32f1.a(desig_common_v1.o)
 .debug_loc     0x0000000000004474      0x15c ../../libopencm3//lib/libopencm3_stm32f1.a(exti_common_all.o)
 .debug_loc     0x00000000000045d0      0x14c ../../libopencm3//lib/libopencm3_stm32f1.a(gpio.o)
 .debug_loc     0x000000000000471c       0xbe ../../libopencm3//lib/libopencm3_stm32f1.a(gpio_common_all.o)
 .debug_loc     0x00000000000047da      0x441 ../../libopencm3//lib/libopencm3_stm32f1.a(i2c_common_v1.o)
 .debug_loc     0x0000000000004c1b      0x3d0 ../../libopencm3//lib/libopencm3_stm32f1.a(rcc.o)
 .debug_loc     0x0000000000004feb       0x94 ../../libopencm3//lib/libopencm3_stm32f1.a(rcc_common_all.o)
 .debug_loc     0x000000000000507f      0x14d ../../libopencm3//lib/libopencm3_stm32f1.a(usart_common_all.o)
 .debug_loc     0x00000000000051cc       0x99 ../../libopencm3//lib/libopencm3_stm32f1.a(usart_common_f124.o)
 .debug_loc     0x0000000000005265      0x544 ../../libopencm3//lib/libopencm3_stm32f1.a(usb.o)
 .debug_loc     0x00000000000057a9      0x7a2 ../../libopencm3//lib/libopencm3_stm32f1.a(usb_control.o)
 .debug_loc     0x0000000000005f4b     0x133d ../../libopencm3//lib/libopencm3_stm32f1.a(usb_standard.o)
 .debug_loc     0x0000000000007288      0x1de ../../libopencm3//lib/libopencm3_stm32f1.a(st_usbfs_v1.o)
 .debug_loc     0x0000000000007466      0x128 ../../libopencm3//lib/libopencm3_stm32f1.a(vector.o)
 .debug_loc     0x000000000000758e      0x192 ../../libopencm3//lib/libopencm3_stm32f1.a(systick.o)
 .debug_loc     0x0000000000007720       0x25 ../../libopencm3//lib/libopencm3_stm32f1.a(scb.o)