Archive member included to satisfy reference by file (symbol)

../../libopencm3//lib/libopencm3_stm32f4.a(dma_common_f24.o)
                              usbuart.o (dma_stream_reset)
../../libopencm3//lib/libopencm3_stm32f4.a(exti_common_all.o)
                              i2c-stm32f4-usb.o (exti_set_trigger)
../../libopencm3//lib/libopencm3_stm32f4.a(gpio_common_all.o)
                              i2c_ctx.o (gpio_toggle)
../../libopencm3//lib/libopencm3_stm32f4.a(gpio_common_f0234.o)
                              usbuart.o (gpio_mode_setup)
../../libopencm3//lib/libopencm3_stm32f4.a(i2c_common_v1.o)
                              i2c_ctx.o (i2c_peripheral_enable)
../../libopencm3//lib/libopencm3_stm32f4.a(rcc_common_all.o)
                              usbuart.o (rcc_periph_clock_enable)
../../libopencm3//lib/libopencm3_stm32f4.a(rcc.o)
                              i2c-stm32f4-usb.o (rcc_clock_setup_pll)
../../libopencm3//lib/libopencm3_stm32f4.a(spi_common_all.o)
                              ws2812_spi.o (spi_enable)
../../libopencm3//lib/libopencm3_stm32f4.a(spi_common_v1.o)
                              ws2812_spi.o (spi_init_master)
../../libopencm3//lib/libopencm3_stm32f4.a(timer_common_all.o)
                              pwm.o (timer_set_mode)
../../libopencm3//lib/libopencm3_stm32f4.a(usart_common_all.o)
                              usbuart.o (usart_set_baudrate)
../../libopencm3//lib/libopencm3_stm32f4.a(usart_common_f124.o)
                              ../../libopencm3//lib/libopencm3_stm32f4.a(usart_common_all.o) (usart_send)
../../libopencm3//lib/libopencm3_stm32f4.a(usb.o)
                              i2c-stm32f4-usb.o (usbd_init)
../../libopencm3//lib/libopencm3_stm32f4.a(usb_standard.o)
                              i2c-stm32f4-usb.o (usbd_register_set_config_callback)
../../libopencm3//lib/libopencm3_stm32f4.a(usb_control.o)
                              i2c-stm32f4-usb.o (usbd_register_control_callback)
../../libopencm3//lib/libopencm3_stm32f4.a(usb_f107.o)
                              i2c-stm32f4-usb.o (stm32f107_usb_driver)
../../libopencm3//lib/libopencm3_stm32f4.a(vector.o)
                              (reset_handler)
../../libopencm3//lib/libopencm3_stm32f4.a(systick.o)
                              timing_stm32.o (systick_set_reload)
../../libopencm3//lib/libopencm3_stm32f4.a(nvic.o)
                              usbuart.o (nvic_enable_irq)
../../libopencm3//lib/libopencm3_stm32f4.a(flash_common_all.o)
                              ../../libopencm3//lib/libopencm3_stm32f4.a(rcc.o) (flash_set_ws)
../../libopencm3//lib/libopencm3_stm32f4.a(flash_common_idcache.o)
                              ../../libopencm3//lib/libopencm3_stm32f4.a(rcc.o) (flash_dcache_enable)
../../libopencm3//lib/libopencm3_stm32f4.a(pwr.o)
                              ../../libopencm3//lib/libopencm3_stm32f4.a(rcc.o) (pwr_set_vos_scale)
../../libopencm3//lib/libopencm3_stm32f4.a(usb_dwc_common.o)
                              ../../libopencm3//lib/libopencm3_stm32f4.a(usb_f107.o) (dwc_set_address)
/usr/lib/gcc/arm-none-eabi/9.2.1/../../../arm-none-eabi/lib/thumb/v7e-m+fp/hard/libc.a(lib_a-abort.o)
                              util.o (abort)
/usr/lib/gcc/arm-none-eabi/9.2.1/../../../arm-none-eabi/lib/thumb/v7e-m+fp/hard/libc.a(lib_a-fprintf.o)
                              regdump.o (fprintf)
/usr/lib/gcc/arm-none-eabi/9.2.1/../../../arm-none-eabi/lib/thumb/v7e-m+fp/hard/libc.a(lib_a-impure.o)
                              regdump.o (_impure_ptr)
/usr/lib/gcc/arm-none-eabi/9.2.1/../../../arm-none-eabi/lib/thumb/v7e-m+fp/hard/libc.a(lib_a-malloc.o)
                              util.o (malloc)
/usr/lib/gcc/arm-none-eabi/9.2.1/../../../arm-none-eabi/lib/thumb/v7e-m+fp/hard/libc.a(lib_a-mallocr.o)
                              /usr/lib/gcc/arm-none-eabi/9.2.1/../../../arm-none-eabi/lib/thumb/v7e-m+fp/hard/libc.a(lib_a-malloc.o) (_malloc_r)
/usr/lib/gcc/arm-none-eabi/9.2.1/../../../arm-none-eabi/lib/thumb/v7e-m+fp/hard/libc.a(lib_a-memcpy.o)
                              ../../libopencm3//lib/libopencm3_stm32f4.a(usb_standard.o) (memcpy)
/usr/lib/gcc/arm-none-eabi/9.2.1/../../../arm-none-eabi/lib/thumb/v7e-m+fp/hard/libc.a(lib_a-memset.o)
                              i2c_ctx.o (memset)
/usr/lib/gcc/arm-none-eabi/9.2.1/../../../arm-none-eabi/lib/thumb/v7e-m+fp/hard/libc.a(lib_a-mlock.o)
                              /usr/lib/gcc/arm-none-eabi/9.2.1/../../../arm-none-eabi/lib/thumb/v7e-m+fp/hard/libc.a(lib_a-mallocr.o) (__malloc_lock)
/usr/lib/gcc/arm-none-eabi/9.2.1/../../../arm-none-eabi/lib/thumb/v7e-m+fp/hard/libc.a(lib_a-puts.o)
                              i2c_ctx.o (puts)
/usr/lib/gcc/arm-none-eabi/9.2.1/../../../arm-none-eabi/lib/thumb/v7e-m+fp/hard/libc.a(lib_a-sbrkr.o)
                              /usr/lib/gcc/arm-none-eabi/9.2.1/../../../arm-none-eabi/lib/thumb/v7e-m+fp/hard/libc.a(lib_a-mallocr.o) (_sbrk_r)
[...]
Memory Configuration

Name             Origin             Length             Attributes
rom              0x0000000008000000 0x0000000000080000 xr
ram              0x0000000020000000 0x0000000000020000 xrw
*default*        0x0000000000000000 0xffffffffffffffff

Linker script and memory map

LOAD usbuart.o
LOAD ws2812_spi.o
LOAD timing_stm32.o
LOAD timing.o
LOAD pwm.o
LOAD i2c_ctx.o
LOAD bitops.o
LOAD fibre.o
LOAD fibre_default.o
LOAD list.o
LOAD messageq.o
LOAD regdump.o
LOAD ringbuf.o
LOAD util.o
LOAD i2c-stm32f4-usb.o
LOAD ../../libopencm3//lib/libopencm3_stm32f4.a
START GROUP
LOAD /usr/lib/gcc/arm-none-eabi/9.2.1/../../../arm-none-eabi/lib/thumb/v7e-m+fp/hard/libc.a
LOAD /usr/lib/gcc/arm-none-eabi/9.2.1/thumb/v7e-m+fp/hard/libgcc.a
LOAD /usr/lib/gcc/arm-none-eabi/9.2.1/../../../arm-none-eabi/lib/thumb/v7e-m+fp/hard/libnosys.a
END GROUP
START GROUP
LOAD /usr/lib/gcc/arm-none-eabi/9.2.1/thumb/v7e-m+fp/hard/libgcc.a
LOAD /usr/lib/gcc/arm-none-eabi/9.2.1/../../../arm-none-eabi/lib/thumb/v7e-m+fp/hard/libc.a
END GROUP

.text           0x0000000008000000     0xa8e0
 *(.vectors)
 .vectors       0x0000000008000000      0x1ac ../../libopencm3//lib/libopencm3_stm32f4.a(vector.o)
                0x0000000008000000                vector_table
 *(.text*)
 .text.usbuart_change_dma_tx_buf
                0x00000000080001ac       0x48 usbuart.o
 .text.usbuart_set_led_state
                0x00000000080001f4       0x44 usbuart.o
 .text.usbuart_send_rx_packet
                0x0000000008000238       0x94 usbuart.o
 .text.usbuart_run
                0x00000000080002cc       0x28 usbuart.o
 .text.usbuart_init
                0x00000000080002f4      0x1f8 usbuart.o
                0x00000000080002f4                usbuart_init
 .text.usbuart_set_line_coding
                0x00000000080004ec       0x5c usbuart.o
                0x00000000080004ec                usbuart_set_line_coding
 .text.usbuart_usb_out_cb
                0x0000000008000548       0x70 usbuart.o
                0x0000000008000548                usbuart_usb_out_cb
 .text.usbuart_usb_in_cb
                0x00000000080005b8        0x4 usbuart.o
                0x00000000080005b8                usbuart_usb_in_cb
 .text.usart1_isr
                0x00000000080005bc       0x2c usbuart.o
                0x00000000080005bc                usart1_isr
 .text.dma2_stream7_isr
                0x00000000080005e8       0x54 usbuart.o
                0x00000000080005e8                dma2_stream7_isr
 .text.dma2_stream5_isr
                0x000000000800063c       0x24 usbuart.o
                0x000000000800063c                dma2_stream5_isr
 .text.ws2812_write_byte
                0x0000000008000660       0x42 ws2812_spi.o
 .text.ws2812_init
                0x00000000080006a2       0x24 ws2812_spi.o
                0x00000000080006a2                ws2812_init
 .text.ws2812_write_rgb
                0x00000000080006c6       0x3c ws2812_spi.o
                0x00000000080006c6                ws2812_write_rgb
 *fill*         0x0000000008000702        0x2 
 .text.systime_setup
                0x0000000008000704       0x24 timing_stm32.o
                0x0000000008000704                systime_setup
 .text.platform_timing_init
                0x0000000008000728       0x20 timing_stm32.o
                0x0000000008000728                platform_timing_init
 .text.sys_tick_handler
                0x0000000008000748       0x30 timing_stm32.o
                0x0000000008000748                sys_tick_handler
 .text.time_now
                0x0000000008000778        0xc timing_stm32.o
                0x0000000008000778                time_now
 .text.delay_ms
                0x0000000008000784       0x14 timing_stm32.o
                0x0000000008000784                delay_ms
 .text.pwm_init
                0x0000000008000798      0x144 pwm.o
                0x0000000008000798                pwm_init
 .text.pwm_set_frequency
                0x00000000080008dc       0x2c pwm.o
                0x00000000080008dc                pwm_set_frequency
 .text.pwm_set_dc
                0x0000000008000908       0x4c pwm.o
                0x0000000008000908                pwm_set_dc
 .text.pwm_start
                0x0000000008000954       0x18 pwm.o
                0x0000000008000954                pwm_start
 .text.i2c_ctx_is_timed_out
                0x000000000800096c       0x3c i2c_ctx.o
 .text.i2c_ctx_init
                0x00000000080009a8       0x1e i2c_ctx.o
                0x00000000080009a8                i2c_ctx_init
 *fill*         0x00000000080009c6        0x2 
 .text.i2c_ctx_reset
                0x00000000080009c8       0x7c i2c_ctx.o
                0x00000000080009c8                i2c_ctx_reset
 .text.i2c_ctx_start
                0x0000000008000a44       0x46 i2c_ctx.o
                0x0000000008000a44                i2c_ctx_start
 *fill*         0x0000000008000a8a        0x2 
 .text.i2c_ctx_sendaddr
                0x0000000008000a8c       0x90 i2c_ctx.o
                0x0000000008000a8c                i2c_ctx_sendaddr
 .text.i2c_ctx_senddata
                0x0000000008000b1c       0x40 i2c_ctx.o
                0x0000000008000b1c                i2c_ctx_senddata
 .text.i2c_ctx_getdata
                0x0000000008000b5c       0x60 i2c_ctx.o
                0x0000000008000b5c                i2c_ctx_getdata
 .text.i2c_ctx_stop
                0x0000000008000bbc       0x46 i2c_ctx.o
                0x0000000008000bbc                i2c_ctx_stop
 .text.bitcnt   0x0000000008000c02       0x2a bitops.o
                0x0000000008000c02                bitcnt
 .text.ctz      0x0000000008000c2c        0xa bitops.o
                0x0000000008000c2c                ctz
 .text.messageq_empty
                0x0000000008000c36       0x1a fibre.o
 .text.fibre_run
                0x0000000008000c50       0x3c fibre.o
                0x0000000008000c50                fibre_run
 .text.handle_atomic_runq
                0x0000000008000c8c       0x24 fibre.o
 .text.fibre_scheduler_next
                0x0000000008000cb0       0xfc fibre.o
                0x0000000008000cb0                fibre_scheduler_next
 .text.fibre_scheduler_main_loop
                0x0000000008000dac        0xc fibre_default.o
                0x0000000008000dac                fibre_scheduler_main_loop
 .text.list_insert
                0x0000000008000db8       0x10 list.o
                0x0000000008000db8                list_insert
 .text.list_extract
                0x0000000008000dc8       0x10 list.o
                0x0000000008000dc8                list_extract
 .text.list_iterate
                0x0000000008000dd8        0x8 list.o
                0x0000000008000dd8                list_iterate
 .text.list_iterator_next
                0x0000000008000de0        0xe list.o
                0x0000000008000de0                list_iterator_next
 .text.list_iterator_remove
                0x0000000008000dee       0x1a list.o
                0x0000000008000dee                list_iterator_remove
 .text.list_contains
                0x0000000008000e08       0x24 list.o
                0x0000000008000e08                list_contains
 .text.list_remove
                0x0000000008000e2c       0x18 list.o
                0x0000000008000e2c                list_remove
 .text.messageq_receive
                0x0000000008000e44       0x4a messageq.o
                0x0000000008000e44                messageq_receive
 .text.messageq_release
                0x0000000008000e8e       0x1a messageq.o
                0x0000000008000e8e                messageq_release
 .text.fregdump_single
                0x0000000008000ea8       0x58 regdump.o
                0x0000000008000ea8                fregdump_single
 .text.fregdump
                0x0000000008000f00       0x20 regdump.o
                0x0000000008000f00                fregdump
 .text.regdump  0x0000000008000f20       0x14 regdump.o
                0x0000000008000f20                regdump
 .text.cyclecmp32
                0x0000000008000f34        0x4 util.o
                0x0000000008000f34                cyclecmp32
 .text.my_delay_2
                0x0000000008000f38        0xc i2c-stm32f4-usb.o
 .text.my_delay_1
                0x0000000008000f44       0x10 i2c-stm32f4-usb.o
 .text.usb_fibre
                0x0000000008000f54       0xc4 i2c-stm32f4-usb.o
 .text.irq_pin_init
                0x0000000008001018       0x44 i2c-stm32f4-usb.o
 .text.usb_control_request
                0x000000000800105c      0x144 i2c-stm32f4-usb.o
 .text.usb_serial_set_state.constprop.0
                0x00000000080011a0       0x24 i2c-stm32f4-usb.o
 .text.debug_uart_control_request
                0x00000000080011c4       0x2e i2c-stm32f4-usb.o
 *fill*         0x00000000080011f2        0x2 
 .text.usb_set_config
                0x00000000080011f4       0x9c i2c-stm32f4-usb.o
 .text.usb_control_gpio_request
                0x0000000008001290      0x440 i2c-stm32f4-usb.o
 .text.usb_get_config
                0x00000000080016d0        0xc i2c-stm32f4-usb.o
                0x00000000080016d0                usb_get_config
 .text.exti1_isr
                0x00000000080016dc       0x38 i2c-stm32f4-usb.o
                0x00000000080016dc                exti1_isr
 .text.neopixel_init
                0x0000000008001714       0x5c i2c-stm32f4-usb.o
                0x0000000008001714                neopixel_init
 .text.startup.main
                0x0000000008001770      0x148 i2c-stm32f4-usb.o
                0x0000000008001770                main
 .text.otg_fs_isr
                0x00000000080018b8        0xc i2c-stm32f4-usb.o
                0x00000000080018b8                otg_fs_isr
 .text.dma_stream_reset
                0x00000000080018c4       0x4c ../../libopencm3//lib/libopencm3_stm32f4.a(dma_common_f24.o)
                0x00000000080018c4                dma_stream_reset
 .text.dma_clear_interrupt_flags
                0x0000000008001910       0x1e ../../libopencm3//lib/libopencm3_stm32f4.a(dma_common_f24.o)
                0x0000000008001910                dma_clear_interrupt_flags
 .text.dma_set_transfer_mode
                0x000000000800192e       0x20 ../../libopencm3//lib/libopencm3_stm32f4.a(dma_common_f24.o)
                0x000000000800192e                dma_set_transfer_mode
 .text.dma_set_priority
                0x000000000800194e       0x18 ../../libopencm3//lib/libopencm3_stm32f4.a(dma_common_f24.o)
                0x000000000800194e                dma_set_priority
 .text.dma_set_memory_size
                0x0000000008001966       0x18 ../../libopencm3//lib/libopencm3_stm32f4.a(dma_common_f24.o)
                0x0000000008001966                dma_set_memory_size
 .text.dma_set_peripheral_size
                0x000000000800197e       0x18 ../../libopencm3//lib/libopencm3_stm32f4.a(dma_common_f24.o)
                0x000000000800197e                dma_set_peripheral_size
 .text.dma_enable_memory_increment_mode
                0x0000000008001996       0x12 ../../libopencm3//lib/libopencm3_stm32f4.a(dma_common_f24.o)
                0x0000000008001996                dma_enable_memory_increment_mode
 .text.dma_enable_circular_mode
                0x00000000080019a8       0x12 ../../libopencm3//lib/libopencm3_stm32f4.a(dma_common_f24.o)
                0x00000000080019a8                dma_enable_circular_mode
 .text.dma_channel_select
                0x00000000080019ba       0x10 ../../libopencm3//lib/libopencm3_stm32f4.a(dma_common_f24.o)
                0x00000000080019ba                dma_channel_select
 .text.dma_set_dma_flow_control
                0x00000000080019ca       0x12 ../../libopencm3//lib/libopencm3_stm32f4.a(dma_common_f24.o)
                0x00000000080019ca                dma_set_dma_flow_control
 .text.dma_enable_half_transfer_interrupt
                0x00000000080019dc       0x1c ../../libopencm3//lib/libopencm3_stm32f4.a(dma_common_f24.o)
                0x00000000080019dc                dma_enable_half_transfer_interrupt
 .text.dma_enable_transfer_complete_interrupt
                0x00000000080019f8       0x1c ../../libopencm3//lib/libopencm3_stm32f4.a(dma_common_f24.o)
                0x00000000080019f8                dma_enable_transfer_complete_interrupt
 .text.dma_enable_direct_mode
                0x0000000008001a14       0x12 ../../libopencm3//lib/libopencm3_stm32f4.a(dma_common_f24.o)
                0x0000000008001a14                dma_enable_direct_mode
 .text.dma_enable_stream
                0x0000000008001a26       0x12 ../../libopencm3//lib/libopencm3_stm32f4.a(dma_common_f24.o)
                0x0000000008001a26                dma_enable_stream
 .text.dma_disable_stream
                0x0000000008001a38       0x12 ../../libopencm3//lib/libopencm3_stm32f4.a(dma_common_f24.o)
                0x0000000008001a38                dma_disable_stream
 .text.dma_set_peripheral_address
                0x0000000008001a4a       0x10 ../../libopencm3//lib/libopencm3_stm32f4.a(dma_common_f24.o)
                0x0000000008001a4a                dma_set_peripheral_address
 .text.dma_set_memory_address
                0x0000000008001a5a       0x1a ../../libopencm3//lib/libopencm3_stm32f4.a(dma_common_f24.o)
                0x0000000008001a5a                dma_set_memory_address
 .text.dma_get_number_of_data
                0x0000000008001a74        0xe ../../libopencm3//lib/libopencm3_stm32f4.a(dma_common_f24.o)
                0x0000000008001a74                dma_get_number_of_data
 .text.dma_set_number_of_data
                0x0000000008001a82        0xc ../../libopencm3//lib/libopencm3_stm32f4.a(dma_common_f24.o)
                0x0000000008001a82                dma_set_number_of_data
 *fill*         0x0000000008001a8e        0x2 
 .text.exti_set_trigger
                0x0000000008001a90       0x38 ../../libopencm3//lib/libopencm3_stm32f4.a(exti_common_all.o)
                0x0000000008001a90                exti_set_trigger
 .text.exti_enable_request
                0x0000000008001ac8       0x14 ../../libopencm3//lib/libopencm3_stm32f4.a(exti_common_all.o)
                0x0000000008001ac8                exti_enable_request
 .text.exti_disable_request
                0x0000000008001adc       0x20 ../../libopencm3//lib/libopencm3_stm32f4.a(exti_common_all.o)
                0x0000000008001adc                exti_disable_request
 .text.exti_reset_request
                0x0000000008001afc        0xc ../../libopencm3//lib/libopencm3_stm32f4.a(exti_common_all.o)
                0x0000000008001afc                exti_reset_request
 .text.exti_select_source
                0x0000000008001b08       0xdc ../../libopencm3//lib/libopencm3_stm32f4.a(exti_common_all.o)
                0x0000000008001b08                exti_select_source
 .text.gpio_toggle
                0x0000000008001be4       0x12 ../../libopencm3//lib/libopencm3_stm32f4.a(gpio_common_all.o)
                0x0000000008001be4                gpio_toggle
 .text.gpio_mode_setup
                0x0000000008001bf6       0x40 ../../libopencm3//lib/libopencm3_stm32f4.a(gpio_common_f0234.o)
                0x0000000008001bf6                gpio_mode_setup
 .text.gpio_set_output_options
                0x0000000008001c36       0x36 ../../libopencm3//lib/libopencm3_stm32f4.a(gpio_common_f0234.o)
                0x0000000008001c36                gpio_set_output_options
 .text.gpio_set_af
                0x0000000008001c6c       0x54 ../../libopencm3//lib/libopencm3_stm32f4.a(gpio_common_f0234.o)
                0x0000000008001c6c                gpio_set_af
 .text.i2c_peripheral_enable
                0x0000000008001cc0        0xa ../../libopencm3//lib/libopencm3_stm32f4.a(i2c_common_v1.o)
                0x0000000008001cc0                i2c_peripheral_enable
 .text.i2c_peripheral_disable
                0x0000000008001cca        0xa ../../libopencm3//lib/libopencm3_stm32f4.a(i2c_common_v1.o)
                0x0000000008001cca                i2c_peripheral_disable
 .text.i2c_send_start
                0x0000000008001cd4        0xa ../../libopencm3//lib/libopencm3_stm32f4.a(i2c_common_v1.o)
                0x0000000008001cd4                i2c_send_start
 .text.i2c_send_stop
                0x0000000008001cde        0xa ../../libopencm3//lib/libopencm3_stm32f4.a(i2c_common_v1.o)
                0x0000000008001cde                i2c_send_stop
 .text.i2c_set_own_7bit_slave_address
                0x0000000008001ce8        0xa ../../libopencm3//lib/libopencm3_stm32f4.a(i2c_common_v1.o)
                0x0000000008001ce8                i2c_set_own_7bit_slave_address
 .text.i2c_set_clock_frequency
                0x0000000008001cf2        0xe ../../libopencm3//lib/libopencm3_stm32f4.a(i2c_common_v1.o)
                0x0000000008001cf2                i2c_set_clock_frequency
 .text.i2c_send_data
                0x0000000008001d00        0x4 ../../libopencm3//lib/libopencm3_stm32f4.a(i2c_common_v1.o)
                0x0000000008001d00                i2c_send_data
 .text.i2c_set_ccr
                0x0000000008001d04        0xc ../../libopencm3//lib/libopencm3_stm32f4.a(i2c_common_v1.o)
                0x0000000008001d04                i2c_set_ccr
 .text.i2c_set_trise
                0x0000000008001d10        0x4 ../../libopencm3//lib/libopencm3_stm32f4.a(i2c_common_v1.o)
                0x0000000008001d10                i2c_set_trise
 .text.i2c_send_7bit_address
                0x0000000008001d14        0xa ../../libopencm3//lib/libopencm3_stm32f4.a(i2c_common_v1.o)
                0x0000000008001d14                i2c_send_7bit_address
 .text.i2c_get_data
                0x0000000008001d1e        0x6 ../../libopencm3//lib/libopencm3_stm32f4.a(i2c_common_v1.o)
                0x0000000008001d1e                i2c_get_data
 .text.rcc_periph_clock_enable
                0x0000000008001d24       0x1c ../../libopencm3//lib/libopencm3_stm32f4.a(rcc_common_all.o)
                0x0000000008001d24                rcc_periph_clock_enable
 .text.rcc_periph_reset_pulse
                0x0000000008001d40       0x24 ../../libopencm3//lib/libopencm3_stm32f4.a(rcc_common_all.o)
                0x0000000008001d40                rcc_periph_reset_pulse
 .text.rcc_is_osc_ready
                0x0000000008001d64       0x5c ../../libopencm3//lib/libopencm3_stm32f4.a(rcc.o)
                0x0000000008001d64                rcc_is_osc_ready
 .text.rcc_wait_for_osc_ready
                0x0000000008001dc0       0x10 ../../libopencm3//lib/libopencm3_stm32f4.a(rcc.o)
                0x0000000008001dc0                rcc_wait_for_osc_ready
 .text.rcc_osc_on
                0x0000000008001dd0       0x58 ../../libopencm3//lib/libopencm3_stm32f4.a(rcc.o)
                0x0000000008001dd0                rcc_osc_on
 .text.rcc_osc_off
                0x0000000008001e28       0x58 ../../libopencm3//lib/libopencm3_stm32f4.a(rcc.o)
                0x0000000008001e28                rcc_osc_off
 .text.rcc_set_sysclk_source
                0x0000000008001e80       0x14 ../../libopencm3//lib/libopencm3_stm32f4.a(rcc.o)
                0x0000000008001e80                rcc_set_sysclk_source
 .text.rcc_set_ppre2
                0x0000000008001e94       0x14 ../../libopencm3//lib/libopencm3_stm32f4.a(rcc.o)
                0x0000000008001e94                rcc_set_ppre2
 .text.rcc_set_ppre1
                0x0000000008001ea8       0x14 ../../libopencm3//lib/libopencm3_stm32f4.a(rcc.o)
                0x0000000008001ea8                rcc_set_ppre1
 .text.rcc_set_hpre
                0x0000000008001ebc       0x14 ../../libopencm3//lib/libopencm3_stm32f4.a(rcc.o)
                0x0000000008001ebc                rcc_set_hpre
 .text.rcc_set_main_pll_hsi
                0x0000000008001ed0       0x44 ../../libopencm3//lib/libopencm3_stm32f4.a(rcc.o)
                0x0000000008001ed0                rcc_set_main_pll_hsi
 .text.rcc_set_main_pll_hse
                0x0000000008001f14       0x44 ../../libopencm3//lib/libopencm3_stm32f4.a(rcc.o)
                0x0000000008001f14                rcc_set_main_pll_hse
 .text.rcc_clock_setup_pll
                0x0000000008001f58       0xf4 ../../libopencm3//lib/libopencm3_stm32f4.a(rcc.o)
                0x0000000008001f58                rcc_clock_setup_pll
 .text.spi_enable
                0x000000000800204c        0xa ../../libopencm3//lib/libopencm3_stm32f4.a(spi_common_all.o)
                0x000000000800204c                spi_enable
 .text.spi_send
                0x0000000008002056        0xa ../../libopencm3//lib/libopencm3_stm32f4.a(spi_common_all.o)
                0x0000000008002056                spi_send
 .text.spi_init_master
                0x0000000008002060       0x28 ../../libopencm3//lib/libopencm3_stm32f4.a(spi_common_v1.o)
                0x0000000008002060                spi_init_master
 .text.spi_set_dff_8bit
                0x0000000008002088        0xa ../../libopencm3//lib/libopencm3_stm32f4.a(spi_common_v1.o)
                0x0000000008002088                spi_set_dff_8bit
 .text.timer_set_mode
                0x0000000008002092       0x12 ../../libopencm3//lib/libopencm3_stm32f4.a(timer_common_all.o)
                0x0000000008002092                timer_set_mode
 .text.timer_enable_preload
                0x00000000080020a4        0xa ../../libopencm3//lib/libopencm3_stm32f4.a(timer_common_all.o)
                0x00000000080020a4                timer_enable_preload
 .text.timer_continuous_mode
                0x00000000080020ae        0xa ../../libopencm3//lib/libopencm3_stm32f4.a(timer_common_all.o)
                0x00000000080020ae                timer_continuous_mode
 .text.timer_enable_counter
                0x00000000080020b8        0xa ../../libopencm3//lib/libopencm3_stm32f4.a(timer_common_all.o)
                0x00000000080020b8                timer_enable_counter
 .text.timer_set_prescaler
                0x00000000080020c2        0x4 ../../libopencm3//lib/libopencm3_stm32f4.a(timer_common_all.o)
                0x00000000080020c2                timer_set_prescaler
 .text.timer_set_repetition_counter
                0x00000000080020c6        0x4 ../../libopencm3//lib/libopencm3_stm32f4.a(timer_common_all.o)
                0x00000000080020c6                timer_set_repetition_counter
 .text.timer_set_period
                0x00000000080020ca        0x4 ../../libopencm3//lib/libopencm3_stm32f4.a(timer_common_all.o)
                0x00000000080020ca                timer_set_period
 .text.timer_set_oc_mode
                0x00000000080020ce      0x18c ../../libopencm3//lib/libopencm3_stm32f4.a(timer_common_all.o)
                0x00000000080020ce                timer_set_oc_mode
 .text.timer_enable_oc_preload
                0x000000000800225a       0x34 ../../libopencm3//lib/libopencm3_stm32f4.a(timer_common_all.o)
                0x000000000800225a                timer_enable_oc_preload
 .text.timer_enable_oc_output
                0x000000000800228e       0x4a ../../libopencm3//lib/libopencm3_stm32f4.a(timer_common_all.o)
                0x000000000800228e                timer_enable_oc_output
 .text.timer_disable_oc_output
                0x00000000080022d8       0x4a ../../libopencm3//lib/libopencm3_stm32f4.a(timer_common_all.o)
                0x00000000080022d8                timer_disable_oc_output
 .text.timer_set_oc_value
                0x0000000008002322       0x20 ../../libopencm3//lib/libopencm3_stm32f4.a(timer_common_all.o)
                0x0000000008002322                timer_set_oc_value
 .text.timer_generate_event
                0x0000000008002342        0x8 ../../libopencm3//lib/libopencm3_stm32f4.a(timer_common_all.o)
                0x0000000008002342                timer_generate_event
 *fill*         0x000000000800234a        0x2 
 .text.usart_set_baudrate
                0x000000000800234c       0x2c ../../libopencm3//lib/libopencm3_stm32f4.a(usart_common_all.o)
                0x000000000800234c                usart_set_baudrate
 .text.usart_set_databits
                0x0000000008002378       0x12 ../../libopencm3//lib/libopencm3_stm32f4.a(usart_common_all.o)
                0x0000000008002378                usart_set_databits
 .text.usart_set_stopbits
                0x000000000800238a        0xc ../../libopencm3//lib/libopencm3_stm32f4.a(usart_common_all.o)
                0x000000000800238a                usart_set_stopbits
 .text.usart_set_parity
                0x0000000008002396        0xc ../../libopencm3//lib/libopencm3_stm32f4.a(usart_common_all.o)
                0x0000000008002396                usart_set_parity
 .text.usart_set_mode
                0x00000000080023a2        0xc ../../libopencm3//lib/libopencm3_stm32f4.a(usart_common_all.o)
                0x00000000080023a2                usart_set_mode
 .text.usart_set_flow_control
                0x00000000080023ae        0xc ../../libopencm3//lib/libopencm3_stm32f4.a(usart_common_all.o)
                0x00000000080023ae                usart_set_flow_control
 .text.usart_enable
                0x00000000080023ba        0xa ../../libopencm3//lib/libopencm3_stm32f4.a(usart_common_all.o)
                0x00000000080023ba                usart_enable
 .text.usart_enable_rx_dma
                0x00000000080023c4        0xa ../../libopencm3//lib/libopencm3_stm32f4.a(usart_common_all.o)
                0x00000000080023c4                usart_enable_rx_dma
 .text.usart_enable_tx_dma
                0x00000000080023ce        0xa ../../libopencm3//lib/libopencm3_stm32f4.a(usart_common_all.o)
                0x00000000080023ce                usart_enable_tx_dma
 .text.usart_recv
                0x00000000080023d8        0x8 ../../libopencm3//lib/libopencm3_stm32f4.a(usart_common_f124.o)
                0x00000000080023d8                usart_recv
 .text.usart_get_flag
                0x00000000080023e0        0xc ../../libopencm3//lib/libopencm3_stm32f4.a(usart_common_f124.o)
                0x00000000080023e0                usart_get_flag
 .text.usbd_init
                0x00000000080023ec       0x54 ../../libopencm3//lib/libopencm3_stm32f4.a(usb.o)
                0x00000000080023ec                usbd_init
 .text.usbd_poll
                0x0000000008002440        0x8 ../../libopencm3//lib/libopencm3_stm32f4.a(usb.o)
                0x0000000008002440                usbd_poll
 .text.usbd_ep_setup
                0x0000000008002448       0x10 ../../libopencm3//lib/libopencm3_stm32f4.a(usb.o)
                0x0000000008002448                usbd_ep_setup
 .text._usbd_reset
                0x0000000008002458       0x30 ../../libopencm3//lib/libopencm3_stm32f4.a(usb.o)
                0x0000000008002458                _usbd_reset
 .text.usbd_ep_write_packet
                0x0000000008002488       0x10 ../../libopencm3//lib/libopencm3_stm32f4.a(usb.o)
                0x0000000008002488                usbd_ep_write_packet
 .text.usbd_ep_read_packet
                0x0000000008002498       0x10 ../../libopencm3//lib/libopencm3_stm32f4.a(usb.o)
                0x0000000008002498                usbd_ep_read_packet
 .text.usbd_ep_stall_set
                0x00000000080024a8        0x8 ../../libopencm3//lib/libopencm3_stm32f4.a(usb.o)
                0x00000000080024a8                usbd_ep_stall_set
 .text.usbd_ep_stall_get
                0x00000000080024b0        0x8 ../../libopencm3//lib/libopencm3_stm32f4.a(usb.o)
                0x00000000080024b0                usbd_ep_stall_get
 .text.usbd_ep_nak_set
                0x00000000080024b8        0x8 ../../libopencm3//lib/libopencm3_stm32f4.a(usb.o)
                0x00000000080024b8                usbd_ep_nak_set
 .text.usb_standard_set_address
                0x00000000080024c0       0x2a ../../libopencm3//lib/libopencm3_stm32f4.a(usb_standard.o)
 .text.usb_standard_set_configuration
                0x00000000080024ea       0x96 ../../libopencm3//lib/libopencm3_stm32f4.a(usb_standard.o)
 .text.usb_standard_get_configuration
                0x0000000008002580       0x22 ../../libopencm3//lib/libopencm3_stm32f4.a(usb_standard.o)
 .text.usb_standard_get_interface
                0x00000000080025a2       0x38 ../../libopencm3//lib/libopencm3_stm32f4.a(usb_standard.o)
 .text.usb_standard_device_get_status
                0x00000000080025da       0x18 ../../libopencm3//lib/libopencm3_stm32f4.a(usb_standard.o)
 .text.usb_standard_endpoint_get_status
                0x00000000080025f2       0x2a ../../libopencm3//lib/libopencm3_stm32f4.a(usb_standard.o)
 .text.usb_standard_endpoint_stall
                0x000000000800261c       0x10 ../../libopencm3//lib/libopencm3_stm32f4.a(usb_standard.o)
 .text.usb_standard_endpoint_unstall
                0x000000000800262c       0x10 ../../libopencm3//lib/libopencm3_stm32f4.a(usb_standard.o)
 .text.usb_standard_set_interface
                0x000000000800263c       0x54 ../../libopencm3//lib/libopencm3_stm32f4.a(usb_standard.o)
 .text.usb_standard_get_descriptor
                0x0000000008002690      0x2a0 ../../libopencm3//lib/libopencm3_stm32f4.a(usb_standard.o)
 .text.usb_standard_interface_get_status
                0x0000000008002930       0x18 ../../libopencm3//lib/libopencm3_stm32f4.a(usb_standard.o)
 .text.usbd_register_set_config_callback
                0x0000000008002948       0x28 ../../libopencm3//lib/libopencm3_stm32f4.a(usb_standard.o)
                0x0000000008002948                usbd_register_set_config_callback
 .text._usbd_standard_request_device
                0x0000000008002970       0x4c ../../libopencm3//lib/libopencm3_stm32f4.a(usb_standard.o)
                0x0000000008002970                _usbd_standard_request_device
 .text._usbd_standard_request_interface
                0x00000000080029bc       0x34 ../../libopencm3//lib/libopencm3_stm32f4.a(usb_standard.o)
                0x00000000080029bc                _usbd_standard_request_interface
 .text._usbd_standard_request_endpoint
                0x00000000080029f0       0x40 ../../libopencm3//lib/libopencm3_stm32f4.a(usb_standard.o)
                0x00000000080029f0                _usbd_standard_request_endpoint
 .text._usbd_standard_request
                0x0000000008002a30       0x38 ../../libopencm3//lib/libopencm3_stm32f4.a(usb_standard.o)
                0x0000000008002a30                _usbd_standard_request
 .text.usb_control_send_chunk
                0x0000000008002a68       0x52 ../../libopencm3//lib/libopencm3_stm32f4.a(usb_control.o)
 .text.usb_control_request_dispatch
                0x0000000008002aba       0x60 ../../libopencm3//lib/libopencm3_stm32f4.a(usb_control.o)
 .text.stall_transaction
                0x0000000008002b1a       0x14 ../../libopencm3//lib/libopencm3_stm32f4.a(usb_control.o)
 .text.usb_control_recv_chunk
                0x0000000008002b2e       0x3c ../../libopencm3//lib/libopencm3_stm32f4.a(usb_control.o)
 .text.usb_control_setup_read
                0x0000000008002b6a       0x66 ../../libopencm3//lib/libopencm3_stm32f4.a(usb_control.o)
 .text.usbd_register_control_callback
                0x0000000008002bd0       0x2c ../../libopencm3//lib/libopencm3_stm32f4.a(usb_control.o)
                0x0000000008002bd0                usbd_register_control_callback
 .text._usbd_control_setup
                0x0000000008002bfc       0x60 ../../libopencm3//lib/libopencm3_stm32f4.a(usb_control.o)
                0x0000000008002bfc                _usbd_control_setup
 .text._usbd_control_out
                0x0000000008002c5c       0x82 ../../libopencm3//lib/libopencm3_stm32f4.a(usb_control.o)
                0x0000000008002c5c                _usbd_control_out
 .text._usbd_control_in
                0x0000000008002cde       0x64 ../../libopencm3//lib/libopencm3_stm32f4.a(usb_control.o)
                0x0000000008002cde                _usbd_control_in
 *fill*         0x0000000008002d42        0x2 
 .text.stm32f107_usbd_init
                0x0000000008002d44       0xd0 ../../libopencm3//lib/libopencm3_stm32f4.a(usb_f107.o)
 .text.blocking_handler
                0x0000000008002e14        0x2 ../../libopencm3//lib/libopencm3_stm32f4.a(vector.o)
                0x0000000008002e14                dma2_stream1_isr
                0x0000000008002e14                tim8_brk_tim12_isr
                0x0000000008002e14                dma1_stream7_isr
                0x0000000008002e14                usart3_isr
                0x0000000008002e14                tim7_isr
                0x0000000008002e14                dma2d_isr
                0x0000000008002e14                uart8_isr
                0x0000000008002e14                dma1_stream2_isr
                0x0000000008002e14                otg_hs_isr
                0x0000000008002e14                blocking_handler
                0x0000000008002e14                tim5_isr
                0x0000000008002e14                rtc_wkup_isr
                0x0000000008002e14                spi1_isr
                0x0000000008002e14                i2c3_er_isr
                0x0000000008002e14                exti2_isr
                0x0000000008002e14                spi5_isr
                0x0000000008002e14                usb_fs_wkup_isr
                0x0000000008002e14                tamp_stamp_isr
                0x0000000008002e14                can1_rx1_isr
                0x0000000008002e14                dma2_stream0_isr
                0x0000000008002e14                i2c3_ev_isr
                0x0000000008002e14                usage_fault_handler
                0x0000000008002e14                can2_rx0_isr
                0x0000000008002e14                dma1_stream6_isr
                0x0000000008002e14                can2_rx1_isr
                0x0000000008002e14                can1_sce_isr
                0x0000000008002e14                tim1_cc_isr
                0x0000000008002e14                can1_tx_isr
                0x0000000008002e14                tim1_up_tim10_isr
                0x0000000008002e14                sdio_isr
                0x0000000008002e14                eth_isr
                0x0000000008002e14                spi6_isr
                0x0000000008002e14                pvd_isr
                0x0000000008002e14                can1_rx0_isr
                0x0000000008002e14                rcc_isr
                0x0000000008002e14                dma2_stream3_isr
                0x0000000008002e14                flash_isr
                0x0000000008002e14                uart4_isr
                0x0000000008002e14                lcd_tft_isr
                0x0000000008002e14                rtc_alarm_isr
                0x0000000008002e14                exti15_10_isr
                0x0000000008002e14                hash_rng_isr
                0x0000000008002e14                tim1_trg_com_tim11_isr
                0x0000000008002e14                hard_fault_handler
                0x0000000008002e14                i2c1_ev_isr
                0x0000000008002e14                usart6_isr
                0x0000000008002e14                spi2_isr
                0x0000000008002e14                cryp_isr
                0x0000000008002e14                nvic_wwdg_isr
                0x0000000008002e14                dma1_stream1_isr
                0x0000000008002e14                dma2_stream4_isr
                0x0000000008002e14                exti3_isr
                0x0000000008002e14                tim3_isr
                0x0000000008002e14                usart2_isr
                0x0000000008002e14                sai1_isr
                0x0000000008002e14                fpu_isr
                0x0000000008002e14                dma1_stream4_isr
                0x0000000008002e14                i2c2_er_isr
                0x0000000008002e14                i2c2_ev_isr
                0x0000000008002e14                uart5_isr
                0x0000000008002e14                dma2_stream6_isr
                0x0000000008002e14                spi4_isr
                0x0000000008002e14                adc_isr
                0x0000000008002e14                tim8_up_tim13_isr
                0x0000000008002e14                fsmc_isr
                0x0000000008002e14                exti4_isr
                0x0000000008002e14                tim6_dac_isr
                0x0000000008002e14                dma1_stream3_isr
                0x0000000008002e14                tim8_trg_com_tim14_isr
                0x0000000008002e14                mem_manage_handler
                0x0000000008002e14                lcd_tft_err_isr
                0x0000000008002e14                can2_tx_isr
                0x0000000008002e14                exti9_5_isr
                0x0000000008002e14                tim1_brk_tim9_isr
                0x0000000008002e14                uart7_isr
                0x0000000008002e14                can2_sce_isr
                0x0000000008002e14                tim4_isr
                0x0000000008002e14                otg_hs_wkup_isr
                0x0000000008002e14                i2c1_er_isr
                0x0000000008002e14                dma1_stream0_isr
                0x0000000008002e14                tim8_cc_isr
                0x0000000008002e14                dcmi_isr
                0x0000000008002e14                dma2_stream2_isr
                0x0000000008002e14                eth_wkup_isr
                0x0000000008002e14                bus_fault_handler
                0x0000000008002e14                otg_hs_ep1_out_isr
                0x0000000008002e14                spi3_isr
                0x0000000008002e14                dma1_stream5_isr
                0x0000000008002e14                otg_hs_ep1_in_isr
                0x0000000008002e14                tim2_isr
                0x0000000008002e14                exti0_isr
 .text.null_handler
                0x0000000008002e16        0x2 ../../libopencm3//lib/libopencm3_stm32f4.a(vector.o)
                0x0000000008002e16                null_handler
                0x0000000008002e16                sv_call_handler
                0x0000000008002e16                pend_sv_handler
                0x0000000008002e16                debug_monitor_handler
                0x0000000008002e16                nmi_handler
 .text.reset_handler
                0x0000000008002e18       0x98 ../../libopencm3//lib/libopencm3_stm32f4.a(vector.o)
                0x0000000008002e18                reset_handler
 .text.systick_set_reload
                0x0000000008002eb0       0x10 ../../libopencm3//lib/libopencm3_stm32f4.a(systick.o)
                0x0000000008002eb0                systick_set_reload
 .text.systick_set_clocksource
                0x0000000008002ec0       0x18 ../../libopencm3//lib/libopencm3_stm32f4.a(systick.o)
                0x0000000008002ec0                systick_set_clocksource
 .text.systick_interrupt_enable
                0x0000000008002ed8       0x10 ../../libopencm3//lib/libopencm3_stm32f4.a(systick.o)
                0x0000000008002ed8                systick_interrupt_enable
 .text.systick_counter_enable
                0x0000000008002ee8       0x10 ../../libopencm3//lib/libopencm3_stm32f4.a(systick.o)
                0x0000000008002ee8                systick_counter_enable
 .text.nvic_enable_irq
                0x0000000008002ef8       0x1c ../../libopencm3//lib/libopencm3_stm32f4.a(nvic.o)
                0x0000000008002ef8                nvic_enable_irq
 .text.nvic_disable_irq
                0x0000000008002f14       0x1c ../../libopencm3//lib/libopencm3_stm32f4.a(nvic.o)
                0x0000000008002f14                nvic_disable_irq
 .text.nvic_set_priority
                0x0000000008002f30       0x20 ../../libopencm3//lib/libopencm3_stm32f4.a(nvic.o)
                0x0000000008002f30                nvic_set_priority
 .text.flash_set_ws
                0x0000000008002f50       0x14 ../../libopencm3//lib/libopencm3_stm32f4.a(flash_common_all.o)
                0x0000000008002f50                flash_set_ws
 .text.flash_dcache_enable
                0x0000000008002f64       0x10 ../../libopencm3//lib/libopencm3_stm32f4.a(flash_common_idcache.o)
                0x0000000008002f64                flash_dcache_enable
 .text.flash_dcache_disable
                0x0000000008002f74       0x10 ../../libopencm3//lib/libopencm3_stm32f4.a(flash_common_idcache.o)
                0x0000000008002f74                flash_dcache_disable
 .text.flash_icache_enable
                0x0000000008002f84       0x10 ../../libopencm3//lib/libopencm3_stm32f4.a(flash_common_idcache.o)
                0x0000000008002f84                flash_icache_enable
 .text.flash_icache_disable
                0x0000000008002f94       0x10 ../../libopencm3//lib/libopencm3_stm32f4.a(flash_common_idcache.o)
                0x0000000008002f94                flash_icache_disable
 .text.pwr_set_vos_scale
                0x0000000008002fa4       0x18 ../../libopencm3//lib/libopencm3_stm32f4.a(pwr.o)
                0x0000000008002fa4                pwr_set_vos_scale
 .text.dwc_set_address
                0x0000000008002fbc       0x18 ../../libopencm3//lib/libopencm3_stm32f4.a(usb_dwc_common.o)
                0x0000000008002fbc                dwc_set_address
 .text.dwc_ep_setup
                0x0000000008002fd4      0x12a ../../libopencm3//lib/libopencm3_stm32f4.a(usb_dwc_common.o)
                0x0000000008002fd4                dwc_ep_setup
 .text.dwc_endpoints_reset
                0x00000000080030fe       0x4c ../../libopencm3//lib/libopencm3_stm32f4.a(usb_dwc_common.o)
                0x00000000080030fe                dwc_endpoints_reset
 .text.dwc_ep_stall_set
                0x000000000800314a       0x7a ../../libopencm3//lib/libopencm3_stm32f4.a(usb_dwc_common.o)
                0x000000000800314a                dwc_ep_stall_set
 .text.dwc_ep_stall_get
                0x00000000080031c4       0x1c ../../libopencm3//lib/libopencm3_stm32f4.a(usb_dwc_common.o)
                0x00000000080031c4                dwc_ep_stall_get
 .text.dwc_ep_nak_set
                0x00000000080031e0       0x28 ../../libopencm3//lib/libopencm3_stm32f4.a(usb_dwc_common.o)
                0x00000000080031e0                dwc_ep_nak_set
 .text.dwc_ep_write_packet
                0x0000000008003208       0x4a ../../libopencm3//lib/libopencm3_stm32f4.a(usb_dwc_common.o)
                0x0000000008003208                dwc_ep_write_packet
 .text.dwc_ep_read_packet
                0x0000000008003252       0x74 ../../libopencm3//lib/libopencm3_stm32f4.a(usb_dwc_common.o)
                0x0000000008003252                dwc_ep_read_packet
 .text.dwc_poll
                0x00000000080032c6      0x1ec ../../libopencm3//lib/libopencm3_stm32f4.a(usb_dwc_common.o)
                0x00000000080032c6                dwc_poll
 .text.dwc_disconnect
                0x00000000080034b2       0x1c ../../libopencm3//lib/libopencm3_stm32f4.a(usb_dwc_common.o)
                0x00000000080034b2                dwc_disconnect
 *fill*         0x00000000080034ce        0x2 
 .text          0x00000000080034d0       0x10 /usr/lib/gcc/arm-none-eabi/9.2.1/../../../arm-none-eabi/lib/thumb/v7e-m+fp/hard/libc.a(lib_a-abort.o)
                0x00000000080034d0                abort
 .text          0x00000000080034e0       0x44 /usr/lib/gcc/arm-none-eabi/9.2.1/../../../arm-none-eabi/lib/thumb/v7e-m+fp/hard/libc.a(lib_a-fprintf.o)
                0x00000000080034e0                _fprintf_r
                0x00000000080034fc                fprintf
 .text          0x0000000008003524      0x564 /usr/lib/gcc/arm-none-eabi/9.2.1/../../../arm-none-eabi/lib/thumb/v7e-m+fp/hard/libc.a(lib_a-mallocr.o)
                0x0000000008003524                _malloc_r
 .text          0x0000000008003a88      0x134 /usr/lib/gcc/arm-none-eabi/9.2.1/../../../arm-none-eabi/lib/thumb/v7e-m+fp/hard/libc.a(lib_a-memcpy.o)
                0x0000000008003a88                memcpy
 .text          0x0000000008003bbc       0xa0 /usr/lib/gcc/arm-none-eabi/9.2.1/../../../arm-none-eabi/lib/thumb/v7e-m+fp/hard/libc.a(lib_a-memset.o)
                0x0000000008003bbc                memset
 .text          0x0000000008003c5c        0x8 /usr/lib/gcc/arm-none-eabi/9.2.1/../../../arm-none-eabi/lib/thumb/v7e-m+fp/hard/libc.a(lib_a-mlock.o)
                0x0000000008003c5c                __malloc_lock
                0x0000000008003c60                __malloc_unlock
 .text          0x0000000008003c64       0x78 /usr/lib/gcc/arm-none-eabi/9.2.1/../../../arm-none-eabi/lib/thumb/v7e-m+fp/hard/libc.a(lib_a-puts.o)
                0x0000000008003c64                _puts_r
                0x0000000008003ccc                puts
 .text          0x0000000008003cdc       0x24 /usr/lib/gcc/arm-none-eabi/9.2.1/../../../arm-none-eabi/lib/thumb/v7e-m+fp/hard/libc.a(lib_a-sbrkr.o)
                0x0000000008003cdc                _sbrk_r
 .text          0x0000000008003d00      0x15c /usr/lib/gcc/arm-none-eabi/9.2.1/../../../arm-none-eabi/lib/thumb/v7e-m+fp/hard/libc.a(lib_a-signal.o)
                0x0000000008003d28                _init_signal_r
                0x0000000008003d34                _signal_r
                0x0000000008003d6c                _raise_r
                0x0000000008003dc4                __sigtramp_r
                0x0000000008003e18                raise
                0x0000000008003e28                signal
                0x0000000008003e38                _init_signal
                0x0000000008003e4c                __sigtramp
 .text          0x0000000008003e5c       0x2c /usr/lib/gcc/arm-none-eabi/9.2.1/../../../arm-none-eabi/lib/thumb/v7e-m+fp/hard/libc.a(lib_a-signalr.o)
                0x0000000008003e5c                _kill_r
                0x0000000008003e84                _getpid_r
 *fill*         0x0000000008003e88       0x38 
 .text          0x0000000008003ec0       0xdc /usr/lib/gcc/arm-none-eabi/9.2.1/../../../arm-none-eabi/lib/thumb/v7e-m+fp/hard/libc.a(lib_a-strlen.o)
                0x0000000008003ec0                strlen
 *fill*         0x0000000008003f9c        0x4 
 .text          0x0000000008003fa0     0x1580 /usr/lib/gcc/arm-none-eabi/9.2.1/../../../arm-none-eabi/lib/thumb/v7e-m+fp/hard/libc.a(lib_a-vfprintf.o)
                0x0000000008003fa0                _vfprintf_r
                0x000000000800549c                vfprintf
 .text          0x0000000008005520       0xd0 /usr/lib/gcc/arm-none-eabi/9.2.1/../../../arm-none-eabi/lib/thumb/v7e-m+fp/hard/libc.a(lib_a-wsetup.o)
                0x0000000008005520                __swsetup_r
 .text          0x00000000080055f0      0xfc0 /usr/lib/gcc/arm-none-eabi/9.2.1/../../../arm-none-eabi/lib/thumb/v7e-m+fp/hard/libc.a(lib_a-dtoa.o)
                0x0000000008005714                _dtoa_r
 .text          0x00000000080065b0      0x1a4 /usr/lib/gcc/arm-none-eabi/9.2.1/../../../arm-none-eabi/lib/thumb/v7e-m+fp/hard/libc.a(lib_a-fflush.o)
                0x00000000080065b0                __sflush_r
                0x00000000080066fc                _fflush_r
                0x0000000008006730                fflush
 .text          0x0000000008006754      0x1f4 /usr/lib/gcc/arm-none-eabi/9.2.1/../../../arm-none-eabi/lib/thumb/v7e-m+fp/hard/libc.a(lib_a-findfp.o)
                0x0000000008006758                _cleanup_r
                0x000000000800683c                __sfmoreglue
                0x000000000800686c                __sfp
                0x00000000080068f4                _cleanup
                0x0000000008006908                __sinit
                0x0000000008006910                __sfp_lock_acquire
                0x0000000008006914                __sfp_lock_release
                0x0000000008006918                __sinit_lock_acquire
                0x000000000800691c                __sinit_lock_release
                0x0000000008006920                __fp_lock_all
                0x0000000008006934                __fp_unlock_all
 .text          0x0000000008006948      0x294 /usr/lib/gcc/arm-none-eabi/9.2.1/../../../arm-none-eabi/lib/thumb/v7e-m+fp/hard/libc.a(lib_a-freer.o)
                0x0000000008006948                _malloc_trim_r
                0x00000000080069e8                _free_r
 .text          0x0000000008006bdc      0x308 /usr/lib/gcc/arm-none-eabi/9.2.1/../../../arm-none-eabi/lib/thumb/v7e-m+fp/hard/libc.a(lib_a-fvwrite.o)
                0x0000000008006bdc                __sfvwrite_r
 .text          0x0000000008006ee4       0xa0 /usr/lib/gcc/arm-none-eabi/9.2.1/../../../arm-none-eabi/lib/thumb/v7e-m+fp/hard/libc.a(lib_a-fwalk.o)
                0x0000000008006ee4                _fwalk
                0x0000000008006f30                _fwalk_reent
 .text          0x0000000008006f84       0x14 /usr/lib/gcc/arm-none-eabi/9.2.1/../../../arm-none-eabi/lib/thumb/v7e-m+fp/hard/libc.a(lib_a-localeconv.o)
                0x0000000008006f84                __localeconv_l
                0x0000000008006f88                _localeconv_r
                0x0000000008006f90                localeconv
 .text          0x0000000008006f98       0xf0 /usr/lib/gcc/arm-none-eabi/9.2.1/../../../arm-none-eabi/lib/thumb/v7e-m+fp/hard/libc.a(lib_a-makebuf.o)
                0x0000000008006f98                __swhatbuf_r
                0x0000000008006ff4                __smakebuf_r
 *fill*         0x0000000008007088        0x8 
 .text          0x0000000008007090       0xa0 /usr/lib/gcc/arm-none-eabi/9.2.1/../../../arm-none-eabi/lib/thumb/v7e-m+fp/hard/libc.a(lib_a-memchr.o)
                0x0000000008007090                memchr
 .text          0x0000000008007130       0xd0 /usr/lib/gcc/arm-none-eabi/9.2.1/../../../arm-none-eabi/lib/thumb/v7e-m+fp/hard/libc.a(lib_a-memmove.o)
                0x0000000008007130                memmove
 .text          0x0000000008007200      0x9a8 /usr/lib/gcc/arm-none-eabi/9.2.1/../../../arm-none-eabi/lib/thumb/v7e-m+fp/hard/libc.a(lib_a-mprec.o)
                0x0000000008007200                _Balloc
                0x000000000800724c                _Bfree
                0x0000000008007260                __multadd
                0x0000000008007304                __s2b
                0x00000000080073b0                __hi0bits
                0x00000000080073f0                __lo0bits
                0x0000000008007450                __i2b
                0x000000000800747c                __multiply
                0x00000000080075c8                __pow5mult
                0x0000000008007660                __lshift
                0x000000000800772c                __mcmp
                0x0000000008007764                __mdiff
                0x000000000800788c                __ulp
                0x00000000080078dc                __b2d
                0x0000000008007994                __d2b
                0x0000000008007a68                __ratio
                0x0000000008007ac8                _mprec_log10
                0x0000000008007b08                __copybits
                0x0000000008007b50                __any_on
 .text          0x0000000008007ba8      0x36c /usr/lib/gcc/arm-none-eabi/9.2.1/../../../arm-none-eabi/lib/thumb/v7e-m+fp/hard/libc.a(lib_a-reallocr.o)
                0x0000000008007ba8                _realloc_r
 .text          0x0000000008007f14       0x90 /usr/lib/gcc/arm-none-eabi/9.2.1/../../../arm-none-eabi/lib/thumb/v7e-m+fp/hard/libc.a(lib_a-stdio.o)
                0x0000000008007f14                __sread
                0x0000000008007f38                __seofread
                0x0000000008007f3c                __swrite
                0x0000000008007f7c                __sseek
                0x0000000008007f9c                __sclose
 .text          0x0000000008007fa4      0xd00 /usr/lib/gcc/arm-none-eabi/9.2.1/../../../arm-none-eabi/lib/thumb/v7e-m+fp/hard/libc.a(lib_a-vfiprintf.o)
                0x000000000800801c                __sprint_r
                0x0000000008008030                _vfiprintf_r
                0x0000000008008c20                vfiprintf
 .text          0x0000000008008ca4       0x2c /usr/lib/gcc/arm-none-eabi/9.2.1/../../../arm-none-eabi/lib/thumb/v7e-m+fp/hard/libc.a(lib_a-writer.o)
                0x0000000008008ca4                _write_r
 .text          0x0000000008008cd0       0x48 /usr/lib/gcc/arm-none-eabi/9.2.1/../../../arm-none-eabi/lib/thumb/v7e-m+fp/hard/libc.a(lib_a-assert.o)
                0x0000000008008cd0                __assert_func
                0x0000000008008d0c                __assert
 .text          0x0000000008008d18       0x60 /usr/lib/gcc/arm-none-eabi/9.2.1/../../../arm-none-eabi/lib/thumb/v7e-m+fp/hard/libc.a(lib_a-callocr.o)
                0x0000000008008d18                _calloc_r
 .text          0x0000000008008d78       0x24 /usr/lib/gcc/arm-none-eabi/9.2.1/../../../arm-none-eabi/lib/thumb/v7e-m+fp/hard/libc.a(lib_a-closer.o)
                0x0000000008008d78                _close_r
 .text          0x0000000008008d9c       0x98 /usr/lib/gcc/arm-none-eabi/9.2.1/../../../arm-none-eabi/lib/thumb/v7e-m+fp/hard/libc.a(lib_a-fclose.o)
                0x0000000008008d9c                _fclose_r
                0x0000000008008e24                fclose
 .text          0x0000000008008e34       0x44 /usr/lib/gcc/arm-none-eabi/9.2.1/../../../arm-none-eabi/lib/thumb/v7e-m+fp/hard/libc.a(lib_a-fiprintf.o)
                0x0000000008008e34                _fiprintf_r
                0x0000000008008e50                fiprintf
 .text          0x0000000008008e78      0x110 /usr/lib/gcc/arm-none-eabi/9.2.1/../../../arm-none-eabi/lib/thumb/v7e-m+fp/hard/libc.a(lib_a-fputwc.o)
                0x0000000008008e78                __fputwc
                0x0000000008008f20                _fputwc_r
                0x0000000008008f48                fputwc
 .text          0x0000000008008f88       0x28 /usr/lib/gcc/arm-none-eabi/9.2.1/../../../arm-none-eabi/lib/thumb/v7e-m+fp/hard/libc.a(lib_a-fstatr.o)
                0x0000000008008f88                _fstat_r
 .text          0x0000000008008fb0       0x24 /usr/lib/gcc/arm-none-eabi/9.2.1/../../../arm-none-eabi/lib/thumb/v7e-m+fp/hard/libc.a(lib_a-isattyr.o)
                0x0000000008008fb0                _isatty_r
 .text          0x0000000008008fd4       0x5c /usr/lib/gcc/arm-none-eabi/9.2.1/../../../arm-none-eabi/lib/thumb/v7e-m+fp/hard/libc.a(lib_a-locale.o)
                0x0000000008008fd4                _setlocale_r
                0x0000000008009014                __locale_mb_cur_max
                0x0000000008009020                setlocale
 .text          0x0000000008009030       0x2c /usr/lib/gcc/arm-none-eabi/9.2.1/../../../arm-none-eabi/lib/thumb/v7e-m+fp/hard/libc.a(lib_a-lseekr.o)
                0x0000000008009030                _lseek_r
 .text          0x000000000800905c       0x40 /usr/lib/gcc/arm-none-eabi/9.2.1/../../../arm-none-eabi/lib/thumb/v7e-m+fp/hard/libc.a(lib_a-mbtowc_r.o)
                0x000000000800905c                _mbtowc_r
                0x0000000008009070                __ascii_mbtowc
 .text          0x000000000800909c       0x2c /usr/lib/gcc/arm-none-eabi/9.2.1/../../../arm-none-eabi/lib/thumb/v7e-m+fp/hard/libc.a(lib_a-readr.o)
                0x000000000800909c                _read_r
 *fill*         0x00000000080090c8       0x18 
 .text          0x00000000080090e0      0x2dc /usr/lib/gcc/arm-none-eabi/9.2.1/../../../arm-none-eabi/lib/thumb/v7e-m+fp/hard/libc.a(lib_a-strcmp.o)
                0x00000000080090e8                strcmp
 .text          0x00000000080093bc       0xc0 /usr/lib/gcc/arm-none-eabi/9.2.1/../../../arm-none-eabi/lib/thumb/v7e-m+fp/hard/libc.a(lib_a-wbuf.o)
                0x00000000080093bc                __swbuf_r
                0x000000000800946c                __swbuf
 .text          0x000000000800947c       0x7c /usr/lib/gcc/arm-none-eabi/9.2.1/../../../arm-none-eabi/lib/thumb/v7e-m+fp/hard/libc.a(lib_a-wcrtomb.o)
                0x000000000800947c                _wcrtomb_r
                0x00000000080094b0                wcrtomb
 .text          0x00000000080094f8       0x30 /usr/lib/gcc/arm-none-eabi/9.2.1/../../../arm-none-eabi/lib/thumb/v7e-m+fp/hard/libc.a(lib_a-wctomb_r.o)
                0x00000000080094f8                _wctomb_r
                0x000000000800950c                __ascii_wctomb
 .text          0x0000000008009528      0x378 /usr/lib/gcc/arm-none-eabi/9.2.1/thumb/v7e-m+fp/hard/libgcc.a(_arm_addsubdf3.o)
                0x0000000008009528                __aeabi_drsub
                0x0000000008009530                __aeabi_dsub
                0x0000000008009530                __subdf3
                0x0000000008009534                __adddf3
                0x0000000008009534                __aeabi_dadd
                0x00000000080097ac                __aeabi_ui2d
                0x00000000080097ac                __floatunsidf
                0x00000000080097cc                __floatsidf
                0x00000000080097cc                __aeabi_i2d
                0x00000000080097f0                __extendsfdf2
                0x00000000080097f0                __aeabi_f2d
                0x0000000008009834                __aeabi_ul2d
                0x0000000008009834                __floatundidf
                0x0000000008009844                __floatdidf
                0x0000000008009844                __aeabi_l2d
 .text          0x00000000080098a0      0x424 /usr/lib/gcc/arm-none-eabi/9.2.1/thumb/v7e-m+fp/hard/libgcc.a(_arm_muldivdf3.o)
                0x00000000080098a0                __aeabi_dmul
                0x00000000080098a0                __muldf3
                0x0000000008009af4                __aeabi_ddiv
                0x0000000008009af4                __divdf3
 .text          0x0000000008009cc4      0x110 /usr/lib/gcc/arm-none-eabi/9.2.1/thumb/v7e-m+fp/hard/libgcc.a(_arm_cmpdf2.o)
                0x0000000008009cc4                __gtdf2
                0x0000000008009cc4                __gedf2
                0x0000000008009ccc                __ltdf2
                0x0000000008009ccc                __ledf2
                0x0000000008009cd4                __cmpdf2
                0x0000000008009cd4                __eqdf2
                0x0000000008009cd4                __nedf2
                0x0000000008009d50                __aeabi_cdrcmple
                0x0000000008009d60                __aeabi_cdcmple
                0x0000000008009d60                __aeabi_cdcmpeq
                0x0000000008009d70                __aeabi_dcmpeq
                0x0000000008009d84                __aeabi_dcmplt
                0x0000000008009d98                __aeabi_dcmple
                0x0000000008009dac                __aeabi_dcmpge
                0x0000000008009dc0                __aeabi_dcmpgt
 .text          0x0000000008009dd4       0x2c /usr/lib/gcc/arm-none-eabi/9.2.1/thumb/v7e-m+fp/hard/libgcc.a(_arm_unorddf2.o)
                0x0000000008009dd4                __aeabi_dcmpun
                0x0000000008009dd4                __unorddf2
 .text          0x0000000008009e00       0x50 /usr/lib/gcc/arm-none-eabi/9.2.1/thumb/v7e-m+fp/hard/libgcc.a(_arm_fixdfsi.o)
                0x0000000008009e00                __fixdfsi
                0x0000000008009e00                __aeabi_d2iz
 .text          0x0000000008009e50       0x30 /usr/lib/gcc/arm-none-eabi/9.2.1/thumb/v7e-m+fp/hard/libgcc.a(_aeabi_uldivmod.o)
                0x0000000008009e50                __aeabi_uldivmod
 .text          0x0000000008009e80      0x2c4 /usr/lib/gcc/arm-none-eabi/9.2.1/thumb/v7e-m+fp/hard/libgcc.a(_udivmoddi4.o)
                0x0000000008009e80                __udivmoddi4
 .text          0x000000000800a144        0x4 /usr/lib/gcc/arm-none-eabi/9.2.1/thumb/v7e-m+fp/hard/libgcc.a(_dvmd_tls.o)
                0x000000000800a144                __aeabi_ldiv0
                0x000000000800a144                __aeabi_idiv0
 .text          0x000000000800a148       0x10 /usr/lib/gcc/arm-none-eabi/9.2.1/../../../arm-none-eabi/lib/thumb/v7e-m+fp/hard/libnosys.a(close.o)
                0x000000000800a148                _close
 .text          0x000000000800a158       0x10 /usr/lib/gcc/arm-none-eabi/9.2.1/../../../arm-none-eabi/lib/thumb/v7e-m+fp/hard/libnosys.a(fstat.o)
                0x000000000800a158                _fstat
 .text          0x000000000800a168       0x10 /usr/lib/gcc/arm-none-eabi/9.2.1/../../../arm-none-eabi/lib/thumb/v7e-m+fp/hard/libnosys.a(getpid.o)
                0x000000000800a168                _getpid
 .text          0x000000000800a178       0x10 /usr/lib/gcc/arm-none-eabi/9.2.1/../../../arm-none-eabi/lib/thumb/v7e-m+fp/hard/libnosys.a(isatty.o)
                0x000000000800a178                _isatty
 .text          0x000000000800a188       0x10 /usr/lib/gcc/arm-none-eabi/9.2.1/../../../arm-none-eabi/lib/thumb/v7e-m+fp/hard/libnosys.a(kill.o)
                0x000000000800a188                _kill
 .text          0x000000000800a198       0x10 /usr/lib/gcc/arm-none-eabi/9.2.1/../../../arm-none-eabi/lib/thumb/v7e-m+fp/hard/libnosys.a(lseek.o)
                0x000000000800a198                _lseek
 .text          0x000000000800a1a8       0x10 /usr/lib/gcc/arm-none-eabi/9.2.1/../../../arm-none-eabi/lib/thumb/v7e-m+fp/hard/libnosys.a(read.o)
                0x000000000800a1a8                _read
 .text          0x000000000800a1b8       0x1c /usr/lib/gcc/arm-none-eabi/9.2.1/../../../arm-none-eabi/lib/thumb/v7e-m+fp/hard/libnosys.a(sbrk.o)
                0x000000000800a1b8                _sbrk
 .text          0x000000000800a1d4       0x10 /usr/lib/gcc/arm-none-eabi/9.2.1/../../../arm-none-eabi/lib/thumb/v7e-m+fp/hard/libnosys.a(write.o)
                0x000000000800a1d4                _write
 .text          0x000000000800a1e4        0x4 /usr/lib/gcc/arm-none-eabi/9.2.1/../../../arm-none-eabi/lib/thumb/v7e-m+fp/hard/libnosys.a(_exit.o)
                0x000000000800a1e4                _exit
                0x000000000800a1e8                . = ALIGN (0x4)
 *(.rodata*)
 .rodata.i2c_ctx_is_timed_out.str1.1
                0x000000000800a1e8       0x1a i2c_ctx.o
 .rodata.str1.1
                0x000000000800a202       0xc2 i2c_ctx.o
 .rodata.i2c_sr1_desc
                0x000000000800a2c4       0x80 i2c_ctx.o
 .rodata.fregdump_single.str1.1
                0x000000000800a344       0x1d regdump.o
 .rodata.str1.1
                0x000000000800a361       0x2b i2c-stm32f4-usb.o
 .rodata.config
                0x000000000800a38c        0xd i2c-stm32f4-usb.o
 .rodata.dev    0x000000000800a399       0x12 i2c-stm32f4-usb.o
 .rodata.gpio_endpoint
                0x000000000800a3ab        0xf i2c-stm32f4-usb.o
                0x000000000800a3ab                gpio_endpoint
 .rodata.gpio_iface
                0x000000000800a3ba       0x15 i2c-stm32f4-usb.o
                0x000000000800a3ba                gpio_iface
 .rodata.i2c_endpoint
                0x000000000800a3cf        0xf i2c-stm32f4-usb.o
                0x000000000800a3cf                i2c_endpoint
 .rodata.i2c_iface
                0x000000000800a3de       0x15 i2c-stm32f4-usb.o
                0x000000000800a3de                i2c_iface
 *fill*         0x000000000800a3f3        0x1 
 .rodata.ifaces
                0x000000000800a3f4       0x40 i2c-stm32f4-usb.o
                0x000000000800a3f4                ifaces
 .rodata.uart_assoc
                0x000000000800a434        0x8 i2c-stm32f4-usb.o
 .rodata.uart_cdcacm_functional_descriptors
                0x000000000800a43c       0x13 i2c-stm32f4-usb.o
 .rodata.uart_comm_endp
                0x000000000800a44f        0xf i2c-stm32f4-usb.o
 .rodata.uart_comm_iface
                0x000000000800a45e       0x15 i2c-stm32f4-usb.o
 .rodata.uart_data_endp
                0x000000000800a473       0x1e i2c-stm32f4-usb.o
 .rodata.uart_data_iface
                0x000000000800a491       0x15 i2c-stm32f4-usb.o
 *fill*         0x000000000800a4a6        0x2 
 .rodata.rcc_hse_25mhz_3v3
                0x000000000800a4a8       0x70 ../../libopencm3//lib/libopencm3_stm32f4.a(rcc.o)
                0x000000000800a4a8                rcc_hse_25mhz_3v3
 .rodata.stm32f107_usb_driver
                0x000000000800a518       0x34 ../../libopencm3//lib/libopencm3_stm32f4.a(usb_f107.o)
                0x000000000800a518                stm32f107_usb_driver
 .rodata        0x000000000800a54c        0x4 /usr/lib/gcc/arm-none-eabi/9.2.1/../../../arm-none-eabi/lib/thumb/v7e-m+fp/hard/libc.a(lib_a-impure.o)
                0x000000000800a54c                _global_impure_ptr
 .rodata.str1.4
                0x000000000800a550        0x2 /usr/lib/gcc/arm-none-eabi/9.2.1/../../../arm-none-eabi/lib/thumb/v7e-m+fp/hard/libc.a(lib_a-puts.o)
 *fill*         0x000000000800a552        0x2 
 .rodata        0x000000000800a554       0x20 /usr/lib/gcc/arm-none-eabi/9.2.1/../../../arm-none-eabi/lib/thumb/v7e-m+fp/hard/libc.a(lib_a-vfprintf.o)
 .rodata.str1.4
                0x000000000800a574       0x42 /usr/lib/gcc/arm-none-eabi/9.2.1/../../../arm-none-eabi/lib/thumb/v7e-m+fp/hard/libc.a(lib_a-vfprintf.o)
 *fill*         0x000000000800a5b6        0x2 
 .rodata.str1.4
                0x000000000800a5b8       0x56 /usr/lib/gcc/arm-none-eabi/9.2.1/../../../arm-none-eabi/lib/thumb/v7e-m+fp/hard/libc.a(lib_a-dtoa.o)
                                         0x5a (size before relaxing)
 *fill*         0x000000000800a60e        0x2 
 .rodata        0x000000000800a610      0x128 /usr/lib/gcc/arm-none-eabi/9.2.1/../../../arm-none-eabi/lib/thumb/v7e-m+fp/hard/libc.a(lib_a-mprec.o)
                0x000000000800a620                __mprec_tens
                0x000000000800a6e8                __mprec_tinytens
                0x000000000800a710                __mprec_bigtens
 .rodata.str1.4
                0x000000000800a738       0x33 /usr/lib/gcc/arm-none-eabi/9.2.1/../../../arm-none-eabi/lib/thumb/v7e-m+fp/hard/libc.a(lib_a-mprec.o)
                                         0x47 (size before relaxing)
 *fill*         0x000000000800a76b        0x1 
 .rodata        0x000000000800a76c       0x20 /usr/lib/gcc/arm-none-eabi/9.2.1/../../../arm-none-eabi/lib/thumb/v7e-m+fp/hard/libc.a(lib_a-vfiprintf.o)
 .rodata.str1.4
                0x000000000800a78c       0x2f /usr/lib/gcc/arm-none-eabi/9.2.1/../../../arm-none-eabi/lib/thumb/v7e-m+fp/hard/libc.a(lib_a-vfiprintf.o)
 .rodata.str1.4
                0x000000000800a78c       0x3f /usr/lib/gcc/arm-none-eabi/9.2.1/../../../arm-none-eabi/lib/thumb/v7e-m+fp/hard/libc.a(lib_a-assert.o)
                                         0x43 (size before relaxing)
 *fill*         0x000000000800a7cb        0x1 
 .rodata.str1.4
                0x000000000800a7cc        0xe /usr/lib/gcc/arm-none-eabi/9.2.1/../../../arm-none-eabi/lib/thumb/v7e-m+fp/hard/libc.a(lib_a-locale.o)
                                         0x12 (size before relaxing)
 *fill*         0x000000000800a7da        0x2 
 .rodata        0x000000000800a7dc      0x101 /usr/lib/gcc/arm-none-eabi/9.2.1/../../../arm-none-eabi/lib/thumb/v7e-m+fp/hard/libc.a(lib_a-ctype_.o)
                0x000000000800a7dc                _ctype_
                0x000000000800a8e0                . = ALIGN (0x4)
 *fill*         0x000000000800a8dd        0x3 

.glue_7         0x000000000800a8e0        0x0
 .glue_7        0x000000000800a8e0        0x0 linker stubs

.glue_7t        0x000000000800a8e0        0x0
 .glue_7t       0x000000000800a8e0        0x0 linker stubs

.vfp11_veneer   0x000000000800a8e0        0x0
 .vfp11_veneer  0x000000000800a8e0        0x0 linker stubs

.v4_bx          0x000000000800a8e0        0x0
 .v4_bx         0x000000000800a8e0        0x0 linker stubs

.iplt           0x000000000800a8e0        0x0
 .iplt          0x000000000800a8e0        0x0 usbuart.o

.preinit_array  0x000000000800a8e0        0x0
                0x000000000800a8e0                . = ALIGN (0x4)
                0x000000000800a8e0                __preinit_array_start = .
 *(.preinit_array)
                0x000000000800a8e0                __preinit_array_end = .

.init_array     0x000000000800a8e0        0x0
                0x000000000800a8e0                . = ALIGN (0x4)
                0x000000000800a8e0                __init_array_start = .
 *(SORT_BY_NAME(.init_array.*))
 *(.init_array)
                0x000000000800a8e0                __init_array_end = .

.fini_array     0x000000000800a8e0        0x0
                0x000000000800a8e0                . = ALIGN (0x4)
                0x000000000800a8e0                __fini_array_start = .
 *(.fini_array)
 *(SORT_BY_NAME(.fini_array.*))
                0x000000000800a8e0                __fini_array_end = .

.ARM.extab
 *(.ARM.extab*)

.ARM.exidx      0x000000000800a8e0        0x8
                0x000000000800a8e0                __exidx_start = .
 *(.ARM.exidx*)
 .ARM.exidx     0x000000000800a8e0        0x8 /usr/lib/gcc/arm-none-eabi/9.2.1/thumb/v7e-m+fp/hard/libgcc.a(_udivmoddi4.o)
                0x000000000800a8e8                __exidx_end = .

.rel.dyn        0x000000000800a8e8        0x0
 .rel.iplt      0x000000000800a8e8        0x0 usbuart.o
                0x000000000800a8e8                . = ALIGN (0x4)
                0x000000000800a8e8                _etext = .

.noinit
 *(.noinit*)
                0x000000000800a8e8                . = ALIGN (0x4)

.data           0x0000000020000000      0xa14 load address 0x000000000800a8e8
                0x0000000020000000                _data = .
 *(.data*)
 .data.rx_usb_trfr_cplt
                0x0000000020000000        0x1 usbuart.o
 .data.tx_trfr_cplt
                0x0000000020000001        0x1 usbuart.o
 *fill*         0x0000000020000002        0x2 
 .data.cpufreq  0x0000000020000004        0x4 timing_stm32.o
 .data.kernel   0x0000000020000008       0x34 fibre.o
 .data.irqtype  0x000000002000003c        0x4 i2c-stm32f4-usb.o
                0x000000002000003c                irqtype
 .data.usb_strings
                0x0000000020000040        0xc i2c-stm32f4-usb.o
 .data.usb_task
                0x000000002000004c       0x10 i2c-stm32f4-usb.o
 .data.rcc_ahb_frequency
                0x000000002000005c        0x4 ../../libopencm3//lib/libopencm3_stm32f4.a(rcc.o)
                0x000000002000005c                rcc_ahb_frequency
 .data.rcc_apb1_frequency
                0x0000000020000060        0x4 ../../libopencm3//lib/libopencm3_stm32f4.a(rcc.o)
                0x0000000020000060                rcc_apb1_frequency
 .data.rcc_apb2_frequency
                0x0000000020000064        0x4 ../../libopencm3//lib/libopencm3_stm32f4.a(rcc.o)
                0x0000000020000064                rcc_apb2_frequency
 .data          0x0000000020000068      0x430 /usr/lib/gcc/arm-none-eabi/9.2.1/../../../arm-none-eabi/lib/thumb/v7e-m+fp/hard/libc.a(lib_a-impure.o)
                0x0000000020000068                _impure_ptr
 .data          0x0000000020000498      0x410 /usr/lib/gcc/arm-none-eabi/9.2.1/../../../arm-none-eabi/lib/thumb/v7e-m+fp/hard/libc.a(lib_a-mallocr.o)
                0x0000000020000498                __malloc_av_
                0x00000000200008a0                __malloc_sbrk_base
                0x00000000200008a4                __malloc_trim_threshold
 .data          0x00000000200008a8      0x16c /usr/lib/gcc/arm-none-eabi/9.2.1/../../../arm-none-eabi/lib/thumb/v7e-m+fp/hard/libc.a(lib_a-locale.o)
                0x00000000200008a8                __global_locale
 *(.ramtext*)
                0x0000000020000a14                . = ALIGN (0x4)
                0x0000000020000a14                _edata = .
                0x000000000800a8e8                _data_loadaddr = LOADADDR (.data)

.igot.plt       0x0000000020000a14        0x0 load address 0x000000000800b2fc
 .igot.plt      0x0000000020000a14        0x0 usbuart.o

.bss            0x0000000020000a18      0x44c load address 0x000000000800b2fc
 *(.bss*)
 .bss.buf_rx    0x0000000020000a18       0x88 usbuart.o
 .bss.buf_rx_out
                0x0000000020000aa0        0x1 usbuart.o
 .bss.buf_tx    0x0000000020000aa1      0x100 usbuart.o
 .bss.buf_tx_act_idx
                0x0000000020000ba1        0x1 usbuart.o
 .bss.buf_tx_act_sz
                0x0000000020000ba2        0x1 usbuart.o
 .bss.led_state.8702
                0x0000000020000ba3        0x1 usbuart.o
 *fill*         0x0000000020000ba4        0x4 
 .bss.sys_tick_counter
                0x0000000020000ba8        0x8 timing_stm32.o
 .bss.systick_ms
                0x0000000020000bb0        0x4 timing_stm32.o
                0x0000000020000bb0                systick_ms
 .bss.time_ms   0x0000000020000bb4        0x4 timing_stm32.o
 .bss.current_timer_cnt_period
                0x0000000020000bb8        0x4 pwm.o
 .bss.atomic_runq_buf
                0x0000000020000bbc       0x20 fibre.o
 .bss.reply_buf.9138
                0x0000000020000bdc       0x40 i2c-stm32f4-usb.o
 .bss.status    0x0000000020000c1c        0x1 i2c-stm32f4-usb.o
 *fill*         0x0000000020000c1d        0x1 
 .bss.usb_config
                0x0000000020000c1e        0x2 i2c-stm32f4-usb.o
                0x0000000020000c1e                usb_config
 .bss.usbd_control_buffer
                0x0000000020000c20      0x100 i2c-stm32f4-usb.o
                0x0000000020000c20                usbd_control_buffer
 .bss.usbd_dev  0x0000000020000d20        0x4 i2c-stm32f4-usb.o
 .bss.usbd_dev  0x0000000020000d24      0x104 ../../libopencm3//lib/libopencm3_stm32f4.a(usb_f107.o)
 .bss           0x0000000020000e28       0x34 /usr/lib/gcc/arm-none-eabi/9.2.1/../../../arm-none-eabi/lib/thumb/v7e-m+fp/hard/libc.a(lib_a-mallocr.o)
                0x0000000020000e28                __malloc_top_pad
                0x0000000020000e2c                __malloc_current_mallinfo
                0x0000000020000e54                __malloc_max_sbrked_mem
                0x0000000020000e58                __malloc_max_total_mem
 .bss           0x0000000020000e5c        0x4 /usr/lib/gcc/arm-none-eabi/9.2.1/../../../arm-none-eabi/lib/thumb/v7e-m+fp/hard/libnosys.a(sbrk.o)
 *(COMMON)
 COMMON         0x0000000020000e60        0x4 /usr/lib/gcc/arm-none-eabi/9.2.1/../../../arm-none-eabi/lib/thumb/v7e-m+fp/hard/libc.a(lib_a-reent.o)
                0x0000000020000e60                errno
                0x0000000020000e64                . = ALIGN (0x4)
                0x0000000020000e64                _ebss = .

/DISCARD/
 *(.eh_frame)
                0x0000000020000e64                . = ALIGN (0x4)
                0x0000000020000e64                end = .
                0x0000000020020000                PROVIDE (_stack = (ORIGIN (ram) + LENGTH (ram)))
OUTPUT(i2c-stm32f4-usb.elf elf32-littlearm)
LOAD linker stubs

.debug_info     0x0000000000000000    0x4a3a9
 .debug_info    0x0000000000000000     0x20bb usbuart.o
 .debug_info    0x00000000000020bb      0x474 ws2812_spi.o
 .debug_info    0x000000000000252f      0xee2 timing_stm32.o
 .debug_info    0x0000000000003411      0xc63 pwm.o
 .debug_info    0x0000000000004074     0x1a93 i2c_ctx.o
 .debug_info    0x0000000000005b07      0x235 bitops.o
 .debug_info    0x0000000000005d3c     0x152b fibre.o
 .debug_info    0x0000000000007267       0xd0 fibre_default.o
 .debug_info    0x0000000000007337      0xdf4 list.o
 .debug_info    0x000000000000812b      0xc43 messageq.o
 .debug_info    0x0000000000008d6e      0xbb1 regdump.o
 .debug_info    0x000000000000991f      0xb15 util.o
 .debug_info    0x000000000000a434     0x398a i2c-stm32f4-usb.o
 .debug_info    0x000000000000ddbe      0xda6 ../../libopencm3//lib/libopencm3_stm32f4.a(dma_common_f24.o)
 .debug_info    0x000000000000eb64      0x229 ../../libopencm3//lib/libopencm3_stm32f4.a(exti_common_all.o)
 .debug_info    0x000000000000ed8d      0x24e ../../libopencm3//lib/libopencm3_stm32f4.a(gpio_common_all.o)
 .debug_info    0x000000000000efdb      0x20f ../../libopencm3//lib/libopencm3_stm32f4.a(gpio_common_f0234.o)
 .debug_info    0x000000000000f1ea      0xe0d ../../libopencm3//lib/libopencm3_stm32f4.a(i2c_common_v1.o)
 .debug_info    0x000000000000fff7      0xaca ../../libopencm3//lib/libopencm3_stm32f4.a(rcc_common_all.o)
 .debug_info    0x0000000000010ac1     0x112b ../../libopencm3//lib/libopencm3_stm32f4.a(rcc.o)
 .debug_info    0x0000000000011bec      0xbd0 ../../libopencm3//lib/libopencm3_stm32f4.a(spi_common_all.o)
 .debug_info    0x00000000000127bc      0x2f0 ../../libopencm3//lib/libopencm3_stm32f4.a(spi_common_v1.o)
 .debug_info    0x0000000000012aac     0x12e1 ../../libopencm3//lib/libopencm3_stm32f4.a(timer_common_all.o)
 .debug_info    0x0000000000013d8d      0x71e ../../libopencm3//lib/libopencm3_stm32f4.a(usart_common_all.o)
 .debug_info    0x00000000000144ab      0x30c ../../libopencm3//lib/libopencm3_stm32f4.a(usart_common_f124.o)
 .debug_info    0x00000000000147b7     0x1826 ../../libopencm3//lib/libopencm3_stm32f4.a(usb.o)
 .debug_info    0x0000000000015fdd     0x1fc7 ../../libopencm3//lib/libopencm3_stm32f4.a(usb_standard.o)
 .debug_info    0x0000000000017fa4     0x1908 ../../libopencm3//lib/libopencm3_stm32f4.a(usb_control.o)
 .debug_info    0x00000000000198ac     0x18f5 ../../libopencm3//lib/libopencm3_stm32f4.a(usb_f107.o)
 .debug_info    0x000000000001b1a1      0x2e6 ../../libopencm3//lib/libopencm3_stm32f4.a(vector.o)
 .debug_info    0x000000000001b487      0x268 ../../libopencm3//lib/libopencm3_stm32f4.a(systick.o)
 .debug_info    0x000000000001b6ef      0x22d ../../libopencm3//lib/libopencm3_stm32f4.a(nvic.o)
 .debug_info    0x000000000001b91c       0xf0 ../../libopencm3//lib/libopencm3_stm32f4.a(flash_common_all.o)
 .debug_info    0x000000000001ba0c       0xe8 ../../libopencm3//lib/libopencm3_stm32f4.a(flash_common_idcache.o)
 .debug_info    0x000000000001baf4       0xdc ../../libopencm3//lib/libopencm3_stm32f4.a(pwr.o)
 .debug_info    0x000000000001bbd0     0x180c ../../libopencm3//lib/libopencm3_stm32f4.a(usb_dwc_common.o)
 .debug_info    0x000000000001d3dc      0x9b5 /usr/lib/gcc/arm-none-eabi/9.2.1/../../../arm-none-eabi/lib/thumb/v7e-m+fp/hard/libc.a(lib_a-abort.o)
 .debug_info    0x000000000001dd91      0xa7a /usr/lib/gcc/arm-none-eabi/9.2.1/../../../arm-none-eabi/lib/thumb/v7e-m+fp/hard/libc.a(lib_a-fprintf.o)
 .debug_info    0x000000000001e80b      0x92a /usr/lib/gcc/arm-none-eabi/9.2.1/../../../arm-none-eabi/lib/thumb/v7e-m+fp/hard/libc.a(lib_a-impure.o)
 .debug_info    0x000000000001f135      0xf41 /usr/lib/gcc/arm-none-eabi/9.2.1/../../../arm-none-eabi/lib/thumb/v7e-m+fp/hard/libc.a(lib_a-mallocr.o)
 .debug_info    0x0000000000020076       0x26 /usr/lib/gcc/arm-none-eabi/9.2.1/../../../arm-none-eabi/lib/thumb/v7e-m+fp/hard/libc.a(lib_a-memcpy.o)
 .debug_info    0x000000000002009c      0xf21 /usr/lib/gcc/arm-none-eabi/9.2.1/../../../arm-none-eabi/lib/thumb/v7e-m+fp/hard/libc.a(lib_a-memset.o)
 .debug_info    0x0000000000020fbd      0x961 /usr/lib/gcc/arm-none-eabi/9.2.1/../../../arm-none-eabi/lib/thumb/v7e-m+fp/hard/libc.a(lib_a-mlock.o)
 .debug_info    0x000000000002191e      0xce5 /usr/lib/gcc/arm-none-eabi/9.2.1/../../../arm-none-eabi/lib/thumb/v7e-m+fp/hard/libc.a(lib_a-puts.o)
 .debug_info    0x0000000000022603      0x9fb /usr/lib/gcc/arm-none-eabi/9.2.1/../../../arm-none-eabi/lib/thumb/v7e-m+fp/hard/libc.a(lib_a-sbrkr.o)
 .debug_info    0x0000000000022ffe      0xd5c /usr/lib/gcc/arm-none-eabi/9.2.1/../../../arm-none-eabi/lib/thumb/v7e-m+fp/hard/libc.a(lib_a-signal.o)
 .debug_info    0x0000000000023d5a      0xa44 /usr/lib/gcc/arm-none-eabi/9.2.1/../../../arm-none-eabi/lib/thumb/v7e-m+fp/hard/libc.a(lib_a-signalr.o)
 .debug_info    0x000000000002479e       0x26 /usr/lib/gcc/arm-none-eabi/9.2.1/../../../arm-none-eabi/lib/thumb/v7e-m+fp/hard/libc.a(lib_a-strlen.o)
 .debug_info    0x00000000000247c4     0x209a /usr/lib/gcc/arm-none-eabi/9.2.1/../../../arm-none-eabi/lib/thumb/v7e-m+fp/hard/libc.a(lib_a-vfprintf.o)
 .debug_info    0x000000000002685e      0xbf3 /usr/lib/gcc/arm-none-eabi/9.2.1/../../../arm-none-eabi/lib/thumb/v7e-m+fp/hard/libc.a(lib_a-wsetup.o)
 .debug_info    0x0000000000027451     0x1acf /usr/lib/gcc/arm-none-eabi/9.2.1/../../../arm-none-eabi/lib/thumb/v7e-m+fp/hard/libc.a(lib_a-dtoa.o)
 .debug_info    0x0000000000028f20      0xd73 /usr/lib/gcc/arm-none-eabi/9.2.1/../../../arm-none-eabi/lib/thumb/v7e-m+fp/hard/libc.a(lib_a-fflush.o)
 .debug_info    0x0000000000029c93     0x1143 /usr/lib/gcc/arm-none-eabi/9.2.1/../../../arm-none-eabi/lib/thumb/v7e-m+fp/hard/libc.a(lib_a-findfp.o)
 .debug_info    0x000000000002add6      0xdc4 /usr/lib/gcc/arm-none-eabi/9.2.1/../../../arm-none-eabi/lib/thumb/v7e-m+fp/hard/libc.a(lib_a-freer.o)
 .debug_info    0x000000000002bb9a      0xeed /usr/lib/gcc/arm-none-eabi/9.2.1/../../../arm-none-eabi/lib/thumb/v7e-m+fp/hard/libc.a(lib_a-fvwrite.o)
 .debug_info    0x000000000002ca87      0xca4 /usr/lib/gcc/arm-none-eabi/9.2.1/../../../arm-none-eabi/lib/thumb/v7e-m+fp/hard/libc.a(lib_a-fwalk.o)
 .debug_info    0x000000000002d72b      0xf49 /usr/lib/gcc/arm-none-eabi/9.2.1/../../../arm-none-eabi/lib/thumb/v7e-m+fp/hard/libc.a(lib_a-localeconv.o)
 .debug_info    0x000000000002e674      0xf69 /usr/lib/gcc/arm-none-eabi/9.2.1/../../../arm-none-eabi/lib/thumb/v7e-m+fp/hard/libc.a(lib_a-makebuf.o)
 .debug_info    0x000000000002f5dd       0x26 /usr/lib/gcc/arm-none-eabi/9.2.1/../../../arm-none-eabi/lib/thumb/v7e-m+fp/hard/libc.a(lib_a-memchr.o)
 .debug_info    0x000000000002f603      0xf2b /usr/lib/gcc/arm-none-eabi/9.2.1/../../../arm-none-eabi/lib/thumb/v7e-m+fp/hard/libc.a(lib_a-memmove.o)
 .debug_info    0x000000000003052e     0x228d /usr/lib/gcc/arm-none-eabi/9.2.1/../../../arm-none-eabi/lib/thumb/v7e-m+fp/hard/libc.a(lib_a-mprec.o)
 .debug_info    0x00000000000327bb      0xefd /usr/lib/gcc/arm-none-eabi/9.2.1/../../../arm-none-eabi/lib/thumb/v7e-m+fp/hard/libc.a(lib_a-reallocr.o)
 .debug_info    0x00000000000336b8      0xac5 /usr/lib/gcc/arm-none-eabi/9.2.1/../../../arm-none-eabi/lib/thumb/v7e-m+fp/hard/libc.a(lib_a-reent.o)
 .debug_info    0x000000000003417d      0xe67 /usr/lib/gcc/arm-none-eabi/9.2.1/../../../arm-none-eabi/lib/thumb/v7e-m+fp/hard/libc.a(lib_a-stdio.o)
 .debug_info    0x0000000000034fe4     0x1eb6 /usr/lib/gcc/arm-none-eabi/9.2.1/../../../arm-none-eabi/lib/thumb/v7e-m+fp/hard/libc.a(lib_a-vfiprintf.o)
 .debug_info    0x0000000000036e9a      0xa2c /usr/lib/gcc/arm-none-eabi/9.2.1/../../../arm-none-eabi/lib/thumb/v7e-m+fp/hard/libc.a(lib_a-writer.o)
 .debug_info    0x00000000000378c6      0xa41 /usr/lib/gcc/arm-none-eabi/9.2.1/../../../arm-none-eabi/lib/thumb/v7e-m+fp/hard/libc.a(lib_a-assert.o)
 .debug_info    0x0000000000038307      0xc2f /usr/lib/gcc/arm-none-eabi/9.2.1/../../../arm-none-eabi/lib/thumb/v7e-m+fp/hard/libc.a(lib_a-callocr.o)
 .debug_info    0x0000000000038f36      0x9d8 /usr/lib/gcc/arm-none-eabi/9.2.1/../../../arm-none-eabi/lib/thumb/v7e-m+fp/hard/libc.a(lib_a-closer.o)
 .debug_info    0x000000000003990e      0xcd5 /usr/lib/gcc/arm-none-eabi/9.2.1/../../../arm-none-eabi/lib/thumb/v7e-m+fp/hard/libc.a(lib_a-fclose.o)
 .debug_info    0x000000000003a5e3      0xa71 /usr/lib/gcc/arm-none-eabi/9.2.1/../../../arm-none-eabi/lib/thumb/v7e-m+fp/hard/libc.a(lib_a-fiprintf.o)
 .debug_info    0x000000000003b054      0xe4a /usr/lib/gcc/arm-none-eabi/9.2.1/../../../arm-none-eabi/lib/thumb/v7e-m+fp/hard/libc.a(lib_a-fputwc.o)
 .debug_info    0x000000000003be9e      0xc24 /usr/lib/gcc/arm-none-eabi/9.2.1/../../../arm-none-eabi/lib/thumb/v7e-m+fp/hard/libc.a(lib_a-fstatr.o)
 .debug_info    0x000000000003cac2      0x9d8 /usr/lib/gcc/arm-none-eabi/9.2.1/../../../arm-none-eabi/lib/thumb/v7e-m+fp/hard/libc.a(lib_a-isattyr.o)
 .debug_info    0x000000000003d49a     0x10ca /usr/lib/gcc/arm-none-eabi/9.2.1/../../../arm-none-eabi/lib/thumb/v7e-m+fp/hard/libc.a(lib_a-locale.o)
 .debug_info    0x000000000003e564      0xa0d /usr/lib/gcc/arm-none-eabi/9.2.1/../../../arm-none-eabi/lib/thumb/v7e-m+fp/hard/libc.a(lib_a-lseekr.o)
 .debug_info    0x000000000003ef71     0x1044 /usr/lib/gcc/arm-none-eabi/9.2.1/../../../arm-none-eabi/lib/thumb/v7e-m+fp/hard/libc.a(lib_a-mbtowc_r.o)
 .debug_info    0x000000000003ffb5      0xa25 /usr/lib/gcc/arm-none-eabi/9.2.1/../../../arm-none-eabi/lib/thumb/v7e-m+fp/hard/libc.a(lib_a-readr.o)
 .debug_info    0x00000000000409da       0x26 /usr/lib/gcc/arm-none-eabi/9.2.1/../../../arm-none-eabi/lib/thumb/v7e-m+fp/hard/libc.a(lib_a-strcmp.o)
 .debug_info    0x0000000000040a00      0xc90 /usr/lib/gcc/arm-none-eabi/9.2.1/../../../arm-none-eabi/lib/thumb/v7e-m+fp/hard/libc.a(lib_a-wbuf.o)
 .debug_info    0x0000000000041690     0x10b3 /usr/lib/gcc/arm-none-eabi/9.2.1/../../../arm-none-eabi/lib/thumb/v7e-m+fp/hard/libc.a(lib_a-wcrtomb.o)
 .debug_info    0x0000000000042743      0xffd /usr/lib/gcc/arm-none-eabi/9.2.1/../../../arm-none-eabi/lib/thumb/v7e-m+fp/hard/libc.a(lib_a-wctomb_r.o)
 .debug_info    0x0000000000043740      0xe91 /usr/lib/gcc/arm-none-eabi/9.2.1/../../../arm-none-eabi/lib/thumb/v7e-m+fp/hard/libc.a(lib_a-ctype_.o)
 .debug_info    0x00000000000445d1       0x26 /usr/lib/gcc/arm-none-eabi/9.2.1/thumb/v7e-m+fp/hard/libgcc.a(_arm_addsubdf3.o)
 .debug_info    0x00000000000445f7       0x26 /usr/lib/gcc/arm-none-eabi/9.2.1/thumb/v7e-m+fp/hard/libgcc.a(_arm_muldivdf3.o)
 .debug_info    0x000000000004461d       0x26 /usr/lib/gcc/arm-none-eabi/9.2.1/thumb/v7e-m+fp/hard/libgcc.a(_arm_cmpdf2.o)
 .debug_info    0x0000000000044643       0x26 /usr/lib/gcc/arm-none-eabi/9.2.1/thumb/v7e-m+fp/hard/libgcc.a(_arm_unorddf2.o)
 .debug_info    0x0000000000044669       0x26 /usr/lib/gcc/arm-none-eabi/9.2.1/thumb/v7e-m+fp/hard/libgcc.a(_arm_fixdfsi.o)
 .debug_info    0x000000000004468f       0x26 /usr/lib/gcc/arm-none-eabi/9.2.1/thumb/v7e-m+fp/hard/libgcc.a(_aeabi_uldivmod.o)
 .debug_info    0x00000000000446b5      0xd7c /usr/lib/gcc/arm-none-eabi/9.2.1/thumb/v7e-m+fp/hard/libgcc.a(_udivmoddi4.o)
 .debug_info    0x0000000000045431       0x26 /usr/lib/gcc/arm-none-eabi/9.2.1/thumb/v7e-m+fp/hard/libgcc.a(_dvmd_tls.o)
 .debug_info    0x0000000000045457      0x96e /usr/lib/gcc/arm-none-eabi/9.2.1/../../../arm-none-eabi/lib/thumb/v7e-m+fp/hard/libnosys.a(close.o)
 .debug_info    0x0000000000045dc5      0xbb1 /usr/lib/gcc/arm-none-eabi/9.2.1/../../../arm-none-eabi/lib/thumb/v7e-m+fp/hard/libnosys.a(fstat.o)
 .debug_info    0x0000000000046976      0x959 /usr/lib/gcc/arm-none-eabi/9.2.1/../../../arm-none-eabi/lib/thumb/v7e-m+fp/hard/libnosys.a(getpid.o)
 .debug_info    0x00000000000472cf      0x96e /usr/lib/gcc/arm-none-eabi/9.2.1/../../../arm-none-eabi/lib/thumb/v7e-m+fp/hard/libnosys.a(isatty.o)
 .debug_info    0x0000000000047c3d      0x97c /usr/lib/gcc/arm-none-eabi/9.2.1/../../../arm-none-eabi/lib/thumb/v7e-m+fp/hard/libnosys.a(kill.o)
 .debug_info    0x00000000000485b9      0x990 /usr/lib/gcc/arm-none-eabi/9.2.1/../../../arm-none-eabi/lib/thumb/v7e-m+fp/hard/libnosys.a(lseek.o)
 .debug_info    0x0000000000048f49      0x990 /usr/lib/gcc/arm-none-eabi/9.2.1/../../../arm-none-eabi/lib/thumb/v7e-m+fp/hard/libnosys.a(read.o)
 .debug_info    0x00000000000498d9       0x9d /usr/lib/gcc/arm-none-eabi/9.2.1/../../../arm-none-eabi/lib/thumb/v7e-m+fp/hard/libnosys.a(sbrk.o)
 .debug_info    0x0000000000049976      0x990 /usr/lib/gcc/arm-none-eabi/9.2.1/../../../arm-none-eabi/lib/thumb/v7e-m+fp/hard/libnosys.a(write.o)
 .debug_info    0x000000000004a306       0xa3 /usr/lib/gcc/arm-none-eabi/9.2.1/../../../arm-none-eabi/lib/thumb/v7e-m+fp/hard/libnosys.a(_exit.o)

.debug_abbrev   0x0000000000000000     0xda61
 .debug_abbrev  0x0000000000000000      0x4c3 usbuart.o
 .debug_abbrev  0x00000000000004c3      0x191 ws2812_spi.o
 .debug_abbrev  0x0000000000000654      0x35f timing_stm32.o
 .debug_abbrev  0x00000000000009b3      0x181 pwm.o
 .debug_abbrev  0x0000000000000b34      0x44b i2c_ctx.o
 .debug_abbrev  0x0000000000000f7f       0xde bitops.o
 .debug_abbrev  0x000000000000105d      0x402 fibre.o
 .debug_abbrev  0x000000000000145f       0x64 fibre_default.o
 .debug_abbrev  0x00000000000014c3      0x2db list.o
 .debug_abbrev  0x000000000000179e      0x276 messageq.o
 .debug_abbrev  0x0000000000001a14      0x29e regdump.o
 .debug_abbrev  0x0000000000001cb2      0x2a6 util.o
 .debug_abbrev  0x0000000000001f58      0x58b i2c-stm32f4-usb.o
 .debug_abbrev  0x00000000000024e3      0x19d ../../libopencm3//lib/libopencm3_stm32f4.a(dma_common_f24.o)
 .debug_abbrev  0x0000000000002680      0x102 ../../libopencm3//lib/libopencm3_stm32f4.a(exti_common_all.o)
 .debug_abbrev  0x0000000000002782      0x116 ../../libopencm3//lib/libopencm3_stm32f4.a(gpio_common_all.o)
 .debug_abbrev  0x0000000000002898       0xbf ../../libopencm3//lib/libopencm3_stm32f4.a(gpio_common_f0234.o)
 .debug_abbrev  0x0000000000002957      0x356 ../../libopencm3//lib/libopencm3_stm32f4.a(i2c_common_v1.o)
 .debug_abbrev  0x0000000000002cad      0x1da ../../libopencm3//lib/libopencm3_stm32f4.a(rcc_common_all.o)
 .debug_abbrev  0x0000000000002e87      0x2d1 ../../libopencm3//lib/libopencm3_stm32f4.a(rcc.o)
 .debug_abbrev  0x0000000000003158      0x244 ../../libopencm3//lib/libopencm3_stm32f4.a(spi_common_all.o)
 .debug_abbrev  0x000000000000339c      0x13e ../../libopencm3//lib/libopencm3_stm32f4.a(spi_common_v1.o)
 .debug_abbrev  0x00000000000034da      0x204 ../../libopencm3//lib/libopencm3_stm32f4.a(timer_common_all.o)
 .debug_abbrev  0x00000000000036de      0x182 ../../libopencm3//lib/libopencm3_stm32f4.a(usart_common_all.o)
 .debug_abbrev  0x0000000000003860      0x121 ../../libopencm3//lib/libopencm3_stm32f4.a(usart_common_f124.o)
 .debug_abbrev  0x0000000000003981      0x347 ../../libopencm3//lib/libopencm3_stm32f4.a(usb.o)
 .debug_abbrev  0x0000000000003cc8      0x5b8 ../../libopencm3//lib/libopencm3_stm32f4.a(usb_standard.o)
 .debug_abbrev  0x0000000000004280      0x48b ../../libopencm3//lib/libopencm3_stm32f4.a(usb_control.o)
 .debug_abbrev  0x000000000000470b      0x2cb ../../libopencm3//lib/libopencm3_stm32f4.a(usb_f107.o)
 .debug_abbrev  0x00000000000049d6      0x15b ../../libopencm3//lib/libopencm3_stm32f4.a(vector.o)
 .debug_abbrev  0x0000000000004b31      0x155 ../../libopencm3//lib/libopencm3_stm32f4.a(systick.o)
 .debug_abbrev  0x0000000000004c86       0xb5 ../../libopencm3//lib/libopencm3_stm32f4.a(nvic.o)
 .debug_abbrev  0x0000000000004d3b       0x9a ../../libopencm3//lib/libopencm3_stm32f4.a(flash_common_all.o)
 .debug_abbrev  0x0000000000004dd5       0x56 ../../libopencm3//lib/libopencm3_stm32f4.a(flash_common_idcache.o)
 .debug_abbrev  0x0000000000004e2b       0x9c ../../libopencm3//lib/libopencm3_stm32f4.a(pwr.o)
 .debug_abbrev  0x0000000000004ec7      0x45d ../../libopencm3//lib/libopencm3_stm32f4.a(usb_dwc_common.o)
 .debug_abbrev  0x0000000000005324      0x20b /usr/lib/gcc/arm-none-eabi/9.2.1/../../../arm-none-eabi/lib/thumb/v7e-m+fp/hard/libc.a(lib_a-abort.o)
 .debug_abbrev  0x000000000000552f      0x27a /usr/lib/gcc/arm-none-eabi/9.2.1/../../../arm-none-eabi/lib/thumb/v7e-m+fp/hard/libc.a(lib_a-fprintf.o)
 .debug_abbrev  0x00000000000057a9      0x1b8 /usr/lib/gcc/arm-none-eabi/9.2.1/../../../arm-none-eabi/lib/thumb/v7e-m+fp/hard/libc.a(lib_a-impure.o)
 .debug_abbrev  0x0000000000005961      0x321 /usr/lib/gcc/arm-none-eabi/9.2.1/../../../arm-none-eabi/lib/thumb/v7e-m+fp/hard/libc.a(lib_a-mallocr.o)
 .debug_abbrev  0x0000000000005c82       0x14 /usr/lib/gcc/arm-none-eabi/9.2.1/../../../arm-none-eabi/lib/thumb/v7e-m+fp/hard/libc.a(lib_a-memcpy.o)
 .debug_abbrev  0x0000000000005c96      0x217 /usr/lib/gcc/arm-none-eabi/9.2.1/../../../arm-none-eabi/lib/thumb/v7e-m+fp/hard/libc.a(lib_a-memset.o)
 .debug_abbrev  0x0000000000005ead      0x203 /usr/lib/gcc/arm-none-eabi/9.2.1/../../../arm-none-eabi/lib/thumb/v7e-m+fp/hard/libc.a(lib_a-mlock.o)
 .debug_abbrev  0x00000000000060b0      0x2c5 /usr/lib/gcc/arm-none-eabi/9.2.1/../../../arm-none-eabi/lib/thumb/v7e-m+fp/hard/libc.a(lib_a-puts.o)
 .debug_abbrev  0x0000000000006375      0x250 /usr/lib/gcc/arm-none-eabi/9.2.1/../../../arm-none-eabi/lib/thumb/v7e-m+fp/hard/libc.a(lib_a-sbrkr.o)
 .debug_abbrev  0x00000000000065c5      0x36b /usr/lib/gcc/arm-none-eabi/9.2.1/../../../arm-none-eabi/lib/thumb/v7e-m+fp/hard/libc.a(lib_a-signal.o)
 .debug_abbrev  0x0000000000006930      0x255 /usr/lib/gcc/arm-none-eabi/9.2.1/../../../arm-none-eabi/lib/thumb/v7e-m+fp/hard/libc.a(lib_a-signalr.o)
 .debug_abbrev  0x0000000000006b85       0x14 /usr/lib/gcc/arm-none-eabi/9.2.1/../../../arm-none-eabi/lib/thumb/v7e-m+fp/hard/libc.a(lib_a-strlen.o)
 .debug_abbrev  0x0000000000006b99      0x466 /usr/lib/gcc/arm-none-eabi/9.2.1/../../../arm-none-eabi/lib/thumb/v7e-m+fp/hard/libc.a(lib_a-vfprintf.o)
 .debug_abbrev  0x0000000000006fff      0x283 /usr/lib/gcc/arm-none-eabi/9.2.1/../../../arm-none-eabi/lib/thumb/v7e-m+fp/hard/libc.a(lib_a-wsetup.o)
 .debug_abbrev  0x0000000000007282      0x343 /usr/lib/gcc/arm-none-eabi/9.2.1/../../../arm-none-eabi/lib/thumb/v7e-m+fp/hard/libc.a(lib_a-dtoa.o)
 .debug_abbrev  0x00000000000075c5      0x322 /usr/lib/gcc/arm-none-eabi/9.2.1/../../../arm-none-eabi/lib/thumb/v7e-m+fp/hard/libc.a(lib_a-fflush.o)
 .debug_abbrev  0x00000000000078e7      0x425 /usr/lib/gcc/arm-none-eabi/9.2.1/../../../arm-none-eabi/lib/thumb/v7e-m+fp/hard/libc.a(lib_a-findfp.o)
 .debug_abbrev  0x0000000000007d0c      0x2c9 /usr/lib/gcc/arm-none-eabi/9.2.1/../../../arm-none-eabi/lib/thumb/v7e-m+fp/hard/libc.a(lib_a-freer.o)
 .debug_abbrev  0x0000000000007fd5      0x2ae /usr/lib/gcc/arm-none-eabi/9.2.1/../../../arm-none-eabi/lib/thumb/v7e-m+fp/hard/libc.a(lib_a-fvwrite.o)
 .debug_abbrev  0x0000000000008283      0x24e /usr/lib/gcc/arm-none-eabi/9.2.1/../../../arm-none-eabi/lib/thumb/v7e-m+fp/hard/libc.a(lib_a-fwalk.o)
 .debug_abbrev  0x00000000000084d1      0x27d /usr/lib/gcc/arm-none-eabi/9.2.1/../../../arm-none-eabi/lib/thumb/v7e-m+fp/hard/libc.a(lib_a-localeconv.o)
 .debug_abbrev  0x000000000000874e      0x334 /usr/lib/gcc/arm-none-eabi/9.2.1/../../../arm-none-eabi/lib/thumb/v7e-m+fp/hard/libc.a(lib_a-makebuf.o)
 .debug_abbrev  0x0000000000008a82       0x14 /usr/lib/gcc/arm-none-eabi/9.2.1/../../../arm-none-eabi/lib/thumb/v7e-m+fp/hard/libc.a(lib_a-memchr.o)
 .debug_abbrev  0x0000000000008a96      0x21c /usr/lib/gcc/arm-none-eabi/9.2.1/../../../arm-none-eabi/lib/thumb/v7e-m+fp/hard/libc.a(lib_a-memmove.o)
 .debug_abbrev  0x0000000000008cb2      0x4b7 /usr/lib/gcc/arm-none-eabi/9.2.1/../../../arm-none-eabi/lib/thumb/v7e-m+fp/hard/libc.a(lib_a-mprec.o)
 .debug_abbrev  0x0000000000009169      0x2a8 /usr/lib/gcc/arm-none-eabi/9.2.1/../../../arm-none-eabi/lib/thumb/v7e-m+fp/hard/libc.a(lib_a-reallocr.o)
 .debug_abbrev  0x0000000000009411      0x2ba /usr/lib/gcc/arm-none-eabi/9.2.1/../../../arm-none-eabi/lib/thumb/v7e-m+fp/hard/libc.a(lib_a-reent.o)
 .debug_abbrev  0x00000000000096cb      0x2ad /usr/lib/gcc/arm-none-eabi/9.2.1/../../../arm-none-eabi/lib/thumb/v7e-m+fp/hard/libc.a(lib_a-stdio.o)
 .debug_abbrev  0x0000000000009978      0x468 /usr/lib/gcc/arm-none-eabi/9.2.1/../../../arm-none-eabi/lib/thumb/v7e-m+fp/hard/libc.a(lib_a-vfiprintf.o)